Archive member included to satisfy reference by file (symbol)

C:/ST/STM32CubeIDE_1.14.1/STM32CubeIDE/plugins/com.st.stm32cube.ide.mcu.externaltools.gnu-tools-for-stm32.13.3.rel1.win32_1.0.0.202411081344/tools/bin/../lib/gcc/arm-none-eabi/13.3.1/../../../../arm-none-eabi/lib/thumb/v7e-m+dp/hard\libc_nano.a(libc_a-exit.o)
                              C:/ST/STM32CubeIDE_1.14.1/STM32CubeIDE/plugins/com.st.stm32cube.ide.mcu.externaltools.gnu-tools-for-stm32.13.3.rel1.win32_1.0.0.202411081344/tools/bin/../lib/gcc/arm-none-eabi/13.3.1/../../../../arm-none-eabi/lib/thumb/v7e-m+dp/hard/crt0.o (exit)
C:/ST/STM32CubeIDE_1.14.1/STM32CubeIDE/plugins/com.st.stm32cube.ide.mcu.externaltools.gnu-tools-for-stm32.13.3.rel1.win32_1.0.0.202411081344/tools/bin/../lib/gcc/arm-none-eabi/13.3.1/../../../../arm-none-eabi/lib/thumb/v7e-m+dp/hard\libc_nano.a(libc_a-findfp.o)
                              C:/ST/STM32CubeIDE_1.14.1/STM32CubeIDE/plugins/com.st.stm32cube.ide.mcu.externaltools.gnu-tools-for-stm32.13.3.rel1.win32_1.0.0.202411081344/tools/bin/../lib/gcc/arm-none-eabi/13.3.1/../../../../arm-none-eabi/lib/thumb/v7e-m+dp/hard\libc_nano.a(libc_a-exit.o) (__stdio_exit_handler)
C:/ST/STM32CubeIDE_1.14.1/STM32CubeIDE/plugins/com.st.stm32cube.ide.mcu.externaltools.gnu-tools-for-stm32.13.3.rel1.win32_1.0.0.202411081344/tools/bin/../lib/gcc/arm-none-eabi/13.3.1/../../../../arm-none-eabi/lib/thumb/v7e-m+dp/hard\libc_nano.a(libc_a-fwalk.o)
                              C:/ST/STM32CubeIDE_1.14.1/STM32CubeIDE/plugins/com.st.stm32cube.ide.mcu.externaltools.gnu-tools-for-stm32.13.3.rel1.win32_1.0.0.202411081344/tools/bin/../lib/gcc/arm-none-eabi/13.3.1/../../../../arm-none-eabi/lib/thumb/v7e-m+dp/hard\libc_nano.a(libc_a-findfp.o) (_fwalk_sglue)
C:/ST/STM32CubeIDE_1.14.1/STM32CubeIDE/plugins/com.st.stm32cube.ide.mcu.externaltools.gnu-tools-for-stm32.13.3.rel1.win32_1.0.0.202411081344/tools/bin/../lib/gcc/arm-none-eabi/13.3.1/../../../../arm-none-eabi/lib/thumb/v7e-m+dp/hard\libc_nano.a(libc_a-stdio.o)
                              C:/ST/STM32CubeIDE_1.14.1/STM32CubeIDE/plugins/com.st.stm32cube.ide.mcu.externaltools.gnu-tools-for-stm32.13.3.rel1.win32_1.0.0.202411081344/tools/bin/../lib/gcc/arm-none-eabi/13.3.1/../../../../arm-none-eabi/lib/thumb/v7e-m+dp/hard\libc_nano.a(libc_a-findfp.o) (__sread)
C:/ST/STM32CubeIDE_1.14.1/STM32CubeIDE/plugins/com.st.stm32cube.ide.mcu.externaltools.gnu-tools-for-stm32.13.3.rel1.win32_1.0.0.202411081344/tools/bin/../lib/gcc/arm-none-eabi/13.3.1/../../../../arm-none-eabi/lib/thumb/v7e-m+dp/hard\libc_nano.a(libc_a-memset.o)
                              C:/ST/STM32CubeIDE_1.14.1/STM32CubeIDE/plugins/com.st.stm32cube.ide.mcu.externaltools.gnu-tools-for-stm32.13.3.rel1.win32_1.0.0.202411081344/tools/bin/../lib/gcc/arm-none-eabi/13.3.1/../../../../arm-none-eabi/lib/thumb/v7e-m+dp/hard/crt0.o (memset)
C:/ST/STM32CubeIDE_1.14.1/STM32CubeIDE/plugins/com.st.stm32cube.ide.mcu.externaltools.gnu-tools-for-stm32.13.3.rel1.win32_1.0.0.202411081344/tools/bin/../lib/gcc/arm-none-eabi/13.3.1/../../../../arm-none-eabi/lib/thumb/v7e-m+dp/hard\libc_nano.a(libc_a-closer.o)
                              C:/ST/STM32CubeIDE_1.14.1/STM32CubeIDE/plugins/com.st.stm32cube.ide.mcu.externaltools.gnu-tools-for-stm32.13.3.rel1.win32_1.0.0.202411081344/tools/bin/../lib/gcc/arm-none-eabi/13.3.1/../../../../arm-none-eabi/lib/thumb/v7e-m+dp/hard\libc_nano.a(libc_a-stdio.o) (_close_r)
C:/ST/STM32CubeIDE_1.14.1/STM32CubeIDE/plugins/com.st.stm32cube.ide.mcu.externaltools.gnu-tools-for-stm32.13.3.rel1.win32_1.0.0.202411081344/tools/bin/../lib/gcc/arm-none-eabi/13.3.1/../../../../arm-none-eabi/lib/thumb/v7e-m+dp/hard\libc_nano.a(libc_a-reent.o)
                              C:/ST/STM32CubeIDE_1.14.1/STM32CubeIDE/plugins/com.st.stm32cube.ide.mcu.externaltools.gnu-tools-for-stm32.13.3.rel1.win32_1.0.0.202411081344/tools/bin/../lib/gcc/arm-none-eabi/13.3.1/../../../../arm-none-eabi/lib/thumb/v7e-m+dp/hard\libc_nano.a(libc_a-closer.o) (errno)
C:/ST/STM32CubeIDE_1.14.1/STM32CubeIDE/plugins/com.st.stm32cube.ide.mcu.externaltools.gnu-tools-for-stm32.13.3.rel1.win32_1.0.0.202411081344/tools/bin/../lib/gcc/arm-none-eabi/13.3.1/../../../../arm-none-eabi/lib/thumb/v7e-m+dp/hard\libc_nano.a(libc_a-impure.o)
                              C:/ST/STM32CubeIDE_1.14.1/STM32CubeIDE/plugins/com.st.stm32cube.ide.mcu.externaltools.gnu-tools-for-stm32.13.3.rel1.win32_1.0.0.202411081344/tools/bin/../lib/gcc/arm-none-eabi/13.3.1/../../../../arm-none-eabi/lib/thumb/v7e-m+dp/hard\libc_nano.a(libc_a-reent.o) (_impure_ptr)
C:/ST/STM32CubeIDE_1.14.1/STM32CubeIDE/plugins/com.st.stm32cube.ide.mcu.externaltools.gnu-tools-for-stm32.13.3.rel1.win32_1.0.0.202411081344/tools/bin/../lib/gcc/arm-none-eabi/13.3.1/../../../../arm-none-eabi/lib/thumb/v7e-m+dp/hard\libc_nano.a(libc_a-lseekr.o)
[...]
Memory Configuration

Name             Origin             Length             Attributes
FLASH            0x08000000         0x00200000         xr
DTCMRAM          0x20000000         0x00020000         xrw
RAM_D1           0x24000000         0x00080000         xrw
RAM_D2           0x30000000         0x00048000         xrw
RAM_D3           0x38000000         0x00010000         xrw
ITCMRAM          0x00000000         0x00010000         xrw
*default*        0x00000000         0xffffffff

Linker script and memory map

LOAD C:/ST/STM32CubeIDE_1.14.1/STM32CubeIDE/plugins/com.st.stm32cube.ide.mcu.externaltools.gnu-tools-for-stm32.13.3.rel1.win32_1.0.0.202411081344/tools/bin/../lib/gcc/arm-none-eabi/13.3.1/thumb/v7e-m+dp/hard/crti.o
LOAD C:/ST/STM32CubeIDE_1.14.1/STM32CubeIDE/plugins/com.st.stm32cube.ide.mcu.externaltools.gnu-tools-for-stm32.13.3.rel1.win32_1.0.0.202411081344/tools/bin/../lib/gcc/arm-none-eabi/13.3.1/thumb/v7e-m+dp/hard/crtbegin.o
LOAD C:/ST/STM32CubeIDE_1.14.1/STM32CubeIDE/plugins/com.st.stm32cube.ide.mcu.externaltools.gnu-tools-for-stm32.13.3.rel1.win32_1.0.0.202411081344/tools/bin/../lib/gcc/arm-none-eabi/13.3.1/../../../../arm-none-eabi/lib/thumb/v7e-m+dp/hard/crt0.o
LOAD ./Core/Src/adc.o
LOAD ./Core/Src/bdma.o
LOAD ./Core/Src/can_messages.o
LOAD ./Core/Src/cocking_handle_maingun.o
LOAD ./Core/Src/dma.o
LOAD ./Core/Src/error.o
LOAD ./Core/Src/eth.o
LOAD ./Core/Src/fdcan.o
LOAD ./Core/Src/flash.o
LOAD ./Core/Src/functions.o
LOAD ./Core/Src/gpio.o
LOAD ./Core/Src/gun_control.o
LOAD ./Core/Src/i2c.o
LOAD ./Core/Src/main.o
LOAD ./Core/Src/peripherals.o
LOAD ./Core/Src/power_management.o
LOAD ./Core/Src/stm32h7xx_hal_msp.o
LOAD ./Core/Src/stm32h7xx_it.o
LOAD ./Core/Src/syscalls.o
LOAD ./Core/Src/sysmem.o
LOAD ./Core/Src/system_stm32h7xx.o
LOAD ./Core/Src/tim.o
LOAD ./Core/Src/timing.o
LOAD ./Core/Src/usart.o
LOAD ./Core/Startup/startup_stm32h743zitx.o
LOAD ./Drivers/STM32H7xx_HAL_Driver/Src/stm32h7xx_hal.o
LOAD ./Drivers/STM32H7xx_HAL_Driver/Src/stm32h7xx_hal_adc.o
LOAD ./Drivers/STM32H7xx_HAL_Driver/Src/stm32h7xx_hal_adc_ex.o
LOAD ./Drivers/STM32H7xx_HAL_Driver/Src/stm32h7xx_hal_cortex.o
LOAD ./Drivers/STM32H7xx_HAL_Driver/Src/stm32h7xx_hal_dma.o
LOAD ./Drivers/STM32H7xx_HAL_Driver/Src/stm32h7xx_hal_dma_ex.o
LOAD ./Drivers/STM32H7xx_HAL_Driver/Src/stm32h7xx_hal_eth.o
LOAD ./Drivers/STM32H7xx_HAL_Driver/Src/stm32h7xx_hal_eth_ex.o
LOAD ./Drivers/STM32H7xx_HAL_Driver/Src/stm32h7xx_hal_exti.o
LOAD ./Drivers/STM32H7xx_HAL_Driver/Src/stm32h7xx_hal_fdcan.o
LOAD ./Drivers/STM32H7xx_HAL_Driver/Src/stm32h7xx_hal_flash.o
LOAD ./Drivers/STM32H7xx_HAL_Driver/Src/stm32h7xx_hal_flash_ex.o
LOAD ./Drivers/STM32H7xx_HAL_Driver/Src/stm32h7xx_hal_gpio.o
LOAD ./Drivers/STM32H7xx_HAL_Driver/Src/stm32h7xx_hal_hsem.o
LOAD ./Drivers/STM32H7xx_HAL_Driver/Src/stm32h7xx_hal_i2c.o
LOAD ./Drivers/STM32H7xx_HAL_Driver/Src/stm32h7xx_hal_i2c_ex.o
LOAD ./Drivers/STM32H7xx_HAL_Driver/Src/stm32h7xx_hal_mdma.o
LOAD ./Drivers/STM32H7xx_HAL_Driver/Src/stm32h7xx_hal_pwr.o
LOAD ./Drivers/STM32H7xx_HAL_Driver/Src/stm32h7xx_hal_pwr_ex.o
LOAD ./Drivers/STM32H7xx_HAL_Driver/Src/stm32h7xx_hal_rcc.o
LOAD ./Drivers/STM32H7xx_HAL_Driver/Src/stm32h7xx_hal_rcc_ex.o
LOAD ./Drivers/STM32H7xx_HAL_Driver/Src/stm32h7xx_hal_tim.o
LOAD ./Drivers/STM32H7xx_HAL_Driver/Src/stm32h7xx_hal_tim_ex.o
LOAD ./Drivers/STM32H7xx_HAL_Driver/Src/stm32h7xx_hal_uart.o
LOAD ./Drivers/STM32H7xx_HAL_Driver/Src/stm32h7xx_hal_uart_ex.o
START GROUP
LOAD C:/ST/STM32CubeIDE_1.14.1/STM32CubeIDE/plugins/com.st.stm32cube.ide.mcu.externaltools.gnu-tools-for-stm32.13.3.rel1.win32_1.0.0.202411081344/tools/bin/../lib/gcc/arm-none-eabi/13.3.1/../../../../arm-none-eabi/lib/thumb/v7e-m+dp/hard\libc_nano.a
LOAD C:/ST/STM32CubeIDE_1.14.1/STM32CubeIDE/plugins/com.st.stm32cube.ide.mcu.externaltools.gnu-tools-for-stm32.13.3.rel1.win32_1.0.0.202411081344/tools/bin/../lib/gcc/arm-none-eabi/13.3.1/../../../../arm-none-eabi/lib/thumb/v7e-m+dp/hard\libm.a
END GROUP
START GROUP
LOAD C:/ST/STM32CubeIDE_1.14.1/STM32CubeIDE/plugins/com.st.stm32cube.ide.mcu.externaltools.gnu-tools-for-stm32.13.3.rel1.win32_1.0.0.202411081344/tools/bin/../lib/gcc/arm-none-eabi/13.3.1/thumb/v7e-m+dp/hard\libgcc.a
LOAD C:/ST/STM32CubeIDE_1.14.1/STM32CubeIDE/plugins/com.st.stm32cube.ide.mcu.externaltools.gnu-tools-for-stm32.13.3.rel1.win32_1.0.0.202411081344/tools/bin/../lib/gcc/arm-none-eabi/13.3.1/../../../../arm-none-eabi/lib/thumb/v7e-m+dp/hard\libc_nano.a
END GROUP
START GROUP
LOAD C:/ST/STM32CubeIDE_1.14.1/STM32CubeIDE/plugins/com.st.stm32cube.ide.mcu.externaltools.gnu-tools-for-stm32.13.3.rel1.win32_1.0.0.202411081344/tools/bin/../lib/gcc/arm-none-eabi/13.3.1/thumb/v7e-m+dp/hard\libgcc.a
LOAD C:/ST/STM32CubeIDE_1.14.1/STM32CubeIDE/plugins/com.st.stm32cube.ide.mcu.externaltools.gnu-tools-for-stm32.13.3.rel1.win32_1.0.0.202411081344/tools/bin/../lib/gcc/arm-none-eabi/13.3.1/../../../../arm-none-eabi/lib/thumb/v7e-m+dp/hard\libc_nano.a
LOAD C:/ST/STM32CubeIDE_1.14.1/STM32CubeIDE/plugins/com.st.stm32cube.ide.mcu.externaltools.gnu-tools-for-stm32.13.3.rel1.win32_1.0.0.202411081344/tools/bin/../lib/gcc/arm-none-eabi/13.3.1/../../../../arm-none-eabi/lib/thumb/v7e-m+dp/hard\libnosys.a
END GROUP
START GROUP
LOAD C:/ST/STM32CubeIDE_1.14.1/STM32CubeIDE/plugins/com.st.stm32cube.ide.mcu.externaltools.gnu-tools-for-stm32.13.3.rel1.win32_1.0.0.202411081344/tools/bin/../lib/gcc/arm-none-eabi/13.3.1/thumb/v7e-m+dp/hard\libgcc.a
LOAD C:/ST/STM32CubeIDE_1.14.1/STM32CubeIDE/plugins/com.st.stm32cube.ide.mcu.externaltools.gnu-tools-for-stm32.13.3.rel1.win32_1.0.0.202411081344/tools/bin/../lib/gcc/arm-none-eabi/13.3.1/../../../../arm-none-eabi/lib/thumb/v7e-m+dp/hard\libc_nano.a
LOAD C:/ST/STM32CubeIDE_1.14.1/STM32CubeIDE/plugins/com.st.stm32cube.ide.mcu.externaltools.gnu-tools-for-stm32.13.3.rel1.win32_1.0.0.202411081344/tools/bin/../lib/gcc/arm-none-eabi/13.3.1/../../../../arm-none-eabi/lib/thumb/v7e-m+dp/hard\libnosys.a
END GROUP
LOAD C:/ST/STM32CubeIDE_1.14.1/STM32CubeIDE/plugins/com.st.stm32cube.ide.mcu.externaltools.gnu-tools-for-stm32.13.3.rel1.win32_1.0.0.202411081344/tools/bin/../lib/gcc/arm-none-eabi/13.3.1/thumb/v7e-m+dp/hard/crtend.o
LOAD C:/ST/STM32CubeIDE_1.14.1/STM32CubeIDE/plugins/com.st.stm32cube.ide.mcu.externaltools.gnu-tools-for-stm32.13.3.rel1.win32_1.0.0.202411081344/tools/bin/../lib/gcc/arm-none-eabi/13.3.1/thumb/v7e-m+dp/hard/crtn.o
                0x24080000                        _estack = (ORIGIN (RAM_D1) + LENGTH (RAM_D1))
                0x00000200                        _Min_Heap_Size = 0x200
                0x00000400                        _Min_Stack_Size = 0x400

.isr_vector     0x08000000      0x298
                0x08000000                        . = ALIGN (0x4)
 *(.isr_vector)
 .isr_vector    0x08000000      0x298 ./Core/Startup/startup_stm32h743zitx.o
                0x08000000                g_pfnVectors
                0x08000298                        . = ALIGN (0x4)

.text           0x08000298     0xd9a8
                0x08000298                        . = ALIGN (0x4)
 *(.text)
 .text          0x08000298       0x40 C:/ST/STM32CubeIDE_1.14.1/STM32CubeIDE/plugins/com.st.stm32cube.ide.mcu.externaltools.gnu-tools-for-stm32.13.3.rel1.win32_1.0.0.202411081344/tools/bin/../lib/gcc/arm-none-eabi/13.3.1/thumb/v7e-m+dp/hard/crtbegin.o
 .text          0x080002d8       0x30 C:/ST/STM32CubeIDE_1.14.1/STM32CubeIDE/plugins/com.st.stm32cube.ide.mcu.externaltools.gnu-tools-for-stm32.13.3.rel1.win32_1.0.0.202411081344/tools/bin/../lib/gcc/arm-none-eabi/13.3.1/thumb/v7e-m+dp/hard\libgcc.a(_aeabi_uldivmod.o)
                0x080002d8                __aeabi_uldivmod
 .text          0x08000308      0x2f8 C:/ST/STM32CubeIDE_1.14.1/STM32CubeIDE/plugins/com.st.stm32cube.ide.mcu.externaltools.gnu-tools-for-stm32.13.3.rel1.win32_1.0.0.202411081344/tools/bin/../lib/gcc/arm-none-eabi/13.3.1/thumb/v7e-m+dp/hard\libgcc.a(_udivmoddi4.o)
                0x08000308                __udivmoddi4
 .text          0x08000600        0x4 C:/ST/STM32CubeIDE_1.14.1/STM32CubeIDE/plugins/com.st.stm32cube.ide.mcu.externaltools.gnu-tools-for-stm32.13.3.rel1.win32_1.0.0.202411081344/tools/bin/../lib/gcc/arm-none-eabi/13.3.1/thumb/v7e-m+dp/hard\libgcc.a(_dvmd_tls.o)
                0x08000600                __aeabi_idiv0
                0x08000600                __aeabi_ldiv0
 *(.text*)
 .text.MX_ADC1_Init
                0x08000604       0xf0 ./Core/Src/adc.o
                0x08000604                MX_ADC1_Init
 .text.MX_ADC2_Init
                0x080006f4       0xcc ./Core/Src/adc.o
                0x080006f4                MX_ADC2_Init
 .text.MX_ADC3_Init
                0x080007c0       0xcc ./Core/Src/adc.o
                0x080007c0                MX_ADC3_Init
 .text.HAL_ADC_MspInit
                0x0800088c      0x2b4 ./Core/Src/adc.o
                0x0800088c                HAL_ADC_MspInit
 .text.MX_BDMA_Init
                0x08000b40       0x40 ./Core/Src/bdma.o
                0x08000b40                MX_BDMA_Init
 .text.functionCockingMotorDrive
                0x08000b80       0x64 ./Core/Src/cocking_handle_maingun.o
                0x08000b80                functionCockingMotorDrive
 .text.functionCockingMotorBrake
                0x08000be4       0x54 ./Core/Src/cocking_handle_maingun.o
                0x08000be4                functionCockingMotorBrake
 .text.functionCockingMotorStop
                0x08000c38       0x2c ./Core/Src/cocking_handle_maingun.o
                0x08000c38                functionCockingMotorStop
 .text.functionCockingHandleGoSafe
                0x08000c64       0x84 ./Core/Src/cocking_handle_maingun.o
                0x08000c64                functionCockingHandleGoSafe
 .text.functionCockingHandleGoArm
                0x08000ce8       0xb4 ./Core/Src/cocking_handle_maingun.o
                0x08000ce8                functionCockingHandleGoArm
 .text.functionCountEncoderPulse
                0x08000d9c       0x2c ./Core/Src/cocking_handle_maingun.o
                0x08000d9c                functionCountEncoderPulse
 .text.functionEncoderRead
                0x08000dc8       0x7c ./Core/Src/cocking_handle_maingun.o
                0x08000dc8                functionEncoderRead
 .text.MX_DMA_Init
                0x08000e44       0x50 ./Core/Src/dma.o
                0x08000e44                MX_DMA_Init
 .text.functionErrorCurrentVoltageCheck
                0x08000e94       0xc8 ./Core/Src/error.o
                0x08000e94                functionErrorCurrentVoltageCheck
 .text.functionErrorMosfetCheck
                0x08000f5c      0x130 ./Core/Src/error.o
                0x08000f5c                functionErrorMosfetCheck
 .text.MX_ETH_Init
                0x0800108c       0x98 ./Core/Src/eth.o
                0x0800108c                MX_ETH_Init
 .text.HAL_ETH_MspInit
                0x08001124      0x158 ./Core/Src/eth.o
                0x08001124                HAL_ETH_MspInit
 .text.MX_FDCAN2_Init
                0x0800127c       0xc8 ./Core/Src/fdcan.o
                0x0800127c                MX_FDCAN2_Init
 .text.HAL_FDCAN_MspInit
                0x08001344       0xd4 ./Core/Src/fdcan.o
                0x08001344                HAL_FDCAN_MspInit
 .text.MX_GPIO_Init
                0x08001418      0x1d4 ./Core/Src/gpio.o
                0x08001418                MX_GPIO_Init
 .text.functionGunControlGetShotInterval
                0x080015ec       0x20 ./Core/Src/gun_control.o
 .text.functionGunControlInit
                0x0800160c       0x40 ./Core/Src/gun_control.o
                0x0800160c                functionGunControlInit
 .text.functionGunControlTriggerPressed
                0x0800164c       0x70 ./Core/Src/gun_control.o
                0x0800164c                functionGunControlTriggerPressed
 .text.functionGunControlTriggerReleased
                0x080016bc       0x34 ./Core/Src/gun_control.o
                0x080016bc                functionGunControlTriggerReleased
 .text.functionGunControlProcess
                0x080016f0      0x2c8 ./Core/Src/gun_control.o
                0x080016f0                functionGunControlProcess
 .text.MX_I2C1_Init
                0x080019b8       0x80 ./Core/Src/i2c.o
                0x080019b8                MX_I2C1_Init
 .text.HAL_I2C_MspInit
                0x08001a38       0xd4 ./Core/Src/i2c.o
                0x08001a38                HAL_I2C_MspInit
 .text.main     0x08001b0c      0x2a0 ./Core/Src/main.o
                0x08001b0c                main
 .text.SystemClock_Config
                0x08001dac      0x15c ./Core/Src/main.o
                0x08001dac                SystemClock_Config
 .text.PeriphCommonClock_Config
                0x08001f08       0x60 ./Core/Src/main.o
                0x08001f08                PeriphCommonClock_Config
 .text.Error_Handler
                0x08001f68        0xc ./Core/Src/main.o
                0x08001f68                Error_Handler
 .text.functionReadFilteredDigitalInputs
                0x08001f74      0x2dc ./Core/Src/peripherals.o
                0x08001f74                functionReadFilteredDigitalInputs
 .text.functionReadDigitalInputs
                0x08002250       0x7c ./Core/Src/peripherals.o
                0x08002250                functionReadDigitalInputs
 *fill*         0x080022cc        0x4 
 .text.functionMeasureVoltage
                0x080022d0       0x64 ./Core/Src/power_management.o
                0x080022d0                functionMeasureVoltage
 *fill*         0x08002334        0x4 
 .text.functionMeasureCurrent
                0x08002338      0x194 ./Core/Src/power_management.o
                0x08002338                functionMeasureCurrent
 .text.HAL_MspInit
                0x080024cc       0x34 ./Core/Src/stm32h7xx_hal_msp.o
                0x080024cc                HAL_MspInit
 .text.NMI_Handler
                0x08002500        0x8 ./Core/Src/stm32h7xx_it.o
                0x08002500                NMI_Handler
 .text.HardFault_Handler
                0x08002508        0x8 ./Core/Src/stm32h7xx_it.o
                0x08002508                HardFault_Handler
 .text.MemManage_Handler
                0x08002510        0x8 ./Core/Src/stm32h7xx_it.o
                0x08002510                MemManage_Handler
 .text.BusFault_Handler
                0x08002518        0x8 ./Core/Src/stm32h7xx_it.o
                0x08002518                BusFault_Handler
 .text.UsageFault_Handler
                0x08002520        0x8 ./Core/Src/stm32h7xx_it.o
                0x08002520                UsageFault_Handler
 .text.SVC_Handler
                0x08002528        0xe ./Core/Src/stm32h7xx_it.o
                0x08002528                SVC_Handler
 .text.DebugMon_Handler
                0x08002536        0xe ./Core/Src/stm32h7xx_it.o
                0x08002536                DebugMon_Handler
 .text.PendSV_Handler
                0x08002544        0xe ./Core/Src/stm32h7xx_it.o
                0x08002544                PendSV_Handler
 .text.SysTick_Handler
                0x08002552        0xc ./Core/Src/stm32h7xx_it.o
                0x08002552                SysTick_Handler
 *fill*         0x0800255e        0x2 
 .text.DMA1_Stream0_IRQHandler
                0x08002560       0x14 ./Core/Src/stm32h7xx_it.o
                0x08002560                DMA1_Stream0_IRQHandler
 .text.DMA1_Stream1_IRQHandler
                0x08002574       0x14 ./Core/Src/stm32h7xx_it.o
                0x08002574                DMA1_Stream1_IRQHandler
 .text.TIM2_IRQHandler
                0x08002588       0x14 ./Core/Src/stm32h7xx_it.o
                0x08002588                TIM2_IRQHandler
 .text.TIM3_IRQHandler
                0x0800259c       0x14 ./Core/Src/stm32h7xx_it.o
                0x0800259c                TIM3_IRQHandler
 .text.TIM4_IRQHandler
                0x080025b0       0x14 ./Core/Src/stm32h7xx_it.o
                0x080025b0                TIM4_IRQHandler
 .text.BDMA_Channel0_IRQHandler
                0x080025c4       0x14 ./Core/Src/stm32h7xx_it.o
                0x080025c4                BDMA_Channel0_IRQHandler
 .text.SystemInit
                0x080025d8      0x110 ./Core/Src/system_stm32h7xx.o
                0x080025d8                SystemInit
 .text.MX_TIM1_Init
                0x080026e8       0xb4 ./Core/Src/tim.o
                0x080026e8                MX_TIM1_Init
 .text.MX_TIM2_Init
                0x0800279c       0x9c ./Core/Src/tim.o
                0x0800279c                MX_TIM2_Init
 .text.MX_TIM3_Init
                0x08002838       0xac ./Core/Src/tim.o
                0x08002838                MX_TIM3_Init
 .text.MX_TIM4_Init
                0x080028e4       0x9c ./Core/Src/tim.o
                0x080028e4                MX_TIM4_Init
 .text.HAL_TIM_Encoder_MspInit
                0x08002980      0x114 ./Core/Src/tim.o
                0x08002980                HAL_TIM_Encoder_MspInit
 .text.HAL_TIM_Base_MspInit
                0x08002a94       0x8c ./Core/Src/tim.o
                0x08002a94                HAL_TIM_Base_MspInit
 .text.HAL_TIM_PeriodElapsedCallback
                0x08002b20      0x1d8 ./Core/Src/timing.o
                0x08002b20                HAL_TIM_PeriodElapsedCallback
 .text.startTimeScanFlags
                0x08002cf8      0x128 ./Core/Src/timing.o
                0x08002cf8                startTimeScanFlags
 .text.clearTimeScanFlags
                0x08002e20       0x74 ./Core/Src/timing.o
                0x08002e20                clearTimeScanFlags
 .text.MX_UART4_Init
                0x08002e94       0x98 ./Core/Src/usart.o
                0x08002e94                MX_UART4_Init
 .text.MX_UART7_Init
                0x08002f2c       0x98 ./Core/Src/usart.o
                0x08002f2c                MX_UART7_Init
 .text.MX_UART8_Init
                0x08002fc4       0x98 ./Core/Src/usart.o
                0x08002fc4                MX_UART8_Init
 .text.HAL_UART_MspInit
                0x0800305c      0x210 ./Core/Src/usart.o
                0x0800305c                HAL_UART_MspInit
 .text.Reset_Handler
                0x0800326c       0x50 ./Core/Startup/startup_stm32h743zitx.o
                0x0800326c                Reset_Handler
 .text.Default_Handler
                0x080032bc        0x2 ./Core/Startup/startup_stm32h743zitx.o
                0x080032bc                RTC_Alarm_IRQHandler
                0x080032bc                EXTI2_IRQHandler
                0x080032bc                TIM8_CC_IRQHandler
                0x080032bc                HRTIM1_Master_IRQHandler
                0x080032bc                UART8_IRQHandler
                0x080032bc                SPI4_IRQHandler
                0x080032bc                TIM1_CC_IRQHandler
                0x080032bc                BDMA_Channel6_IRQHandler
                0x080032bc                DMA2_Stream5_IRQHandler
                0x080032bc                HRTIM1_FLT_IRQHandler
                0x080032bc                JPEG_IRQHandler
                0x080032bc                DMA1_Stream5_IRQHandler
                0x080032bc                BDMA_Channel1_IRQHandler
                0x080032bc                HRTIM1_TIMD_IRQHandler
                0x080032bc                TAMP_STAMP_IRQHandler
                0x080032bc                EXTI3_IRQHandler
                0x080032bc                LPTIM4_IRQHandler
                0x080032bc                TIM8_TRG_COM_TIM14_IRQHandler
                0x080032bc                LPTIM2_IRQHandler
                0x080032bc                DFSDM1_FLT1_IRQHandler
                0x080032bc                DMAMUX2_OVR_IRQHandler
                0x080032bc                TIM8_UP_TIM13_IRQHandler
                0x080032bc                I2C3_ER_IRQHandler
                0x080032bc                DFSDM1_FLT2_IRQHandler
                0x080032bc                MDMA_IRQHandler
                0x080032bc                LPTIM3_IRQHandler
                0x080032bc                HSEM1_IRQHandler
                0x080032bc                EXTI0_IRQHandler
                0x080032bc                I2C2_EV_IRQHandler
                0x080032bc                DMA1_Stream2_IRQHandler
                0x080032bc                FPU_IRQHandler
                0x080032bc                OTG_HS_WKUP_IRQHandler
                0x080032bc                FDCAN1_IT1_IRQHandler
                0x080032bc                LTDC_ER_IRQHandler
                0x080032bc                DMA2_Stream2_IRQHandler
                0x080032bc                HRTIM1_TIME_IRQHandler
                0x080032bc                SPI1_IRQHandler
                0x080032bc                TIM6_DAC_IRQHandler
                0x080032bc                DCMI_IRQHandler
                0x080032bc                HRTIM1_TIMC_IRQHandler
                0x080032bc                DMA2_Stream3_IRQHandler
                0x080032bc                SAI2_IRQHandler
                0x080032bc                DFSDM1_FLT3_IRQHandler
                0x080032bc                USART6_IRQHandler
                0x080032bc                TIM17_IRQHandler
                0x080032bc                USART3_IRQHandler
                0x080032bc                BDMA_Channel7_IRQHandler
                0x080032bc                LPTIM5_IRQHandler
                0x080032bc                UART5_IRQHandler
                0x080032bc                ADC3_IRQHandler
                0x080032bc                DMA2_Stream0_IRQHandler
                0x080032bc                BDMA_Channel2_IRQHandler
                0x080032bc                QUADSPI_IRQHandler
                0x080032bc                I2C1_EV_IRQHandler
                0x080032bc                DMA1_Stream6_IRQHandler
                0x080032bc                DMAMUX1_OVR_IRQHandler
                0x080032bc                TIM16_IRQHandler
                0x080032bc                UART4_IRQHandler
                0x080032bc                BDMA_Channel5_IRQHandler
                0x080032bc                RCC_IRQHandler
                0x080032bc                TIM8_BRK_TIM12_IRQHandler
                0x080032bc                TIM1_TRG_COM_IRQHandler
                0x080032bc                Default_Handler
                0x080032bc                ECC_IRQHandler
                0x080032bc                CEC_IRQHandler
                0x080032bc                EXTI15_10_IRQHandler
                0x080032bc                ADC_IRQHandler
                0x080032bc                DMA1_Stream7_IRQHandler
                0x080032bc                HRTIM1_TIMA_IRQHandler
                0x080032bc                SPI5_IRQHandler
                0x080032bc                TIM7_IRQHandler
                0x080032bc                SDMMC1_IRQHandler
                0x080032bc                TIM5_IRQHandler
                0x080032bc                DMA2_Stream7_IRQHandler
                0x080032bc                TIM15_IRQHandler
                0x080032bc                PVD_AVD_IRQHandler
                0x080032bc                I2C3_EV_IRQHandler
                0x080032bc                EXTI9_5_IRQHandler
                0x080032bc                RTC_WKUP_IRQHandler
                0x080032bc                LTDC_IRQHandler
                0x080032bc                SAI3_IRQHandler
                0x080032bc                ETH_WKUP_IRQHandler
                0x080032bc                SPDIF_RX_IRQHandler
                0x080032bc                SPI2_IRQHandler
                0x080032bc                OTG_HS_EP1_IN_IRQHandler
                0x080032bc                CRS_IRQHandler
                0x080032bc                EXTI4_IRQHandler
                0x080032bc                RNG_IRQHandler
                0x080032bc                HRTIM1_TIMB_IRQHandler
                0x080032bc                FDCAN2_IT1_IRQHandler
                0x080032bc                ETH_IRQHandler
                0x080032bc                TIM1_UP_IRQHandler
                0x080032bc                BDMA_Channel4_IRQHandler
                0x080032bc                OTG_HS_EP1_OUT_IRQHandler
                0x080032bc                WWDG_IRQHandler
                0x080032bc                SPI6_IRQHandler
                0x080032bc                MDIOS_IRQHandler
                0x080032bc                I2C4_EV_IRQHandler
                0x080032bc                FDCAN2_IT0_IRQHandler
                0x080032bc                LPUART1_IRQHandler
                0x080032bc                FDCAN1_IT0_IRQHandler
                0x080032bc                OTG_FS_WKUP_IRQHandler
                0x080032bc                OTG_HS_IRQHandler
                0x080032bc                DMA2D_IRQHandler
                0x080032bc                TIM1_BRK_IRQHandler
                0x080032bc                EXTI1_IRQHandler
                0x080032bc                SDMMC2_IRQHandler
                0x080032bc                OTG_FS_EP1_OUT_IRQHandler
                0x080032bc                BDMA_Channel3_IRQHandler
                0x080032bc                UART7_IRQHandler
                0x080032bc                MDIOS_WKUP_IRQHandler
                0x080032bc                USART2_IRQHandler
                0x080032bc                DFSDM1_FLT0_IRQHandler
                0x080032bc                SAI4_IRQHandler
                0x080032bc                I2C2_ER_IRQHandler
                0x080032bc                DMA2_Stream1_IRQHandler
                0x080032bc                FLASH_IRQHandler
                0x080032bc                DMA2_Stream4_IRQHandler
                0x080032bc                USART1_IRQHandler
                0x080032bc                OTG_FS_IRQHandler
                0x080032bc                SPI3_IRQHandler
                0x080032bc                WAKEUP_PIN_IRQHandler
                0x080032bc                DMA1_Stream4_IRQHandler
                0x080032bc                OTG_FS_EP1_IN_IRQHandler
                0x080032bc                I2C1_ER_IRQHandler
                0x080032bc                FMC_IRQHandler
                0x080032bc                FDCAN_CAL_IRQHandler
                0x080032bc                SWPMI1_IRQHandler
                0x080032bc                COMP1_IRQHandler
                0x080032bc                LPTIM1_IRQHandler
                0x080032bc                I2C4_ER_IRQHandler
                0x080032bc                DMA2_Stream6_IRQHandler
                0x080032bc                SAI1_IRQHandler
                0x080032bc                DMA1_Stream3_IRQHandler
 *fill*         0x080032be        0x2 
 .text.HAL_Init
                0x080032c0       0x78 ./Drivers/STM32H7xx_HAL_Driver/Src/stm32h7xx_hal.o
                0x080032c0                HAL_Init
 .text.HAL_InitTick
                0x08003338       0x6c ./Drivers/STM32H7xx_HAL_Driver/Src/stm32h7xx_hal.o
                0x08003338                HAL_InitTick
 .text.HAL_IncTick
                0x080033a4       0x28 ./Drivers/STM32H7xx_HAL_Driver/Src/stm32h7xx_hal.o
                0x080033a4                HAL_IncTick
 .text.HAL_GetTick
                0x080033cc       0x18 ./Drivers/STM32H7xx_HAL_Driver/Src/stm32h7xx_hal.o
                0x080033cc                HAL_GetTick
 .text.HAL_GetREVID
                0x080033e4       0x18 ./Drivers/STM32H7xx_HAL_Driver/Src/stm32h7xx_hal.o
                0x080033e4                HAL_GetREVID
 .text.HAL_SYSCFG_ETHInterfaceSelect
                0x080033fc       0x28 ./Drivers/STM32H7xx_HAL_Driver/Src/stm32h7xx_hal.o
                0x080033fc                HAL_SYSCFG_ETHInterfaceSelect
 .text.LL_ADC_SetCommonClock
                0x08003424       0x26 ./Drivers/STM32H7xx_HAL_Driver/Src/stm32h7xx_hal_adc.o
 .text.LL_ADC_SetCommonPathInternalCh
                0x0800344a       0x26 ./Drivers/STM32H7xx_HAL_Driver/Src/stm32h7xx_hal_adc.o
 .text.LL_ADC_GetCommonPathInternalCh
                0x08003470       0x1c ./Drivers/STM32H7xx_HAL_Driver/Src/stm32h7xx_hal_adc.o
 .text.LL_ADC_SetOffset
                0x0800348c       0x40 ./Drivers/STM32H7xx_HAL_Driver/Src/stm32h7xx_hal_adc.o
 .text.LL_ADC_SetDataRightShift
                0x080034cc       0x32 ./Drivers/STM32H7xx_HAL_Driver/Src/stm32h7xx_hal_adc.o
 .text.LL_ADC_SetOffsetSignedSaturation
                0x080034fe       0x36 ./Drivers/STM32H7xx_HAL_Driver/Src/stm32h7xx_hal_adc.o
 .text.LL_ADC_REG_IsTriggerSourceSWStart
                0x08003534       0x26 ./Drivers/STM32H7xx_HAL_Driver/Src/stm32h7xx_hal_adc.o
 .text.LL_ADC_REG_SetSequencerRanks
                0x0800355a       0x58 ./Drivers/STM32H7xx_HAL_Driver/Src/stm32h7xx_hal_adc.o
 .text.LL_ADC_REG_SetDataTransferMode
                0x080035b2       0x26 ./Drivers/STM32H7xx_HAL_Driver/Src/stm32h7xx_hal_adc.o
 .text.LL_ADC_SetChannelSamplingTime
                0x080035d8       0x56 ./Drivers/STM32H7xx_HAL_Driver/Src/stm32h7xx_hal_adc.o
 *fill*         0x0800362e        0x2 
 .text.LL_ADC_SetChannelSingleDiff
                0x08003630       0x48 ./Drivers/STM32H7xx_HAL_Driver/Src/stm32h7xx_hal_adc.o
 .text.LL_ADC_GetMultimode
                0x08003678       0x1c ./Drivers/STM32H7xx_HAL_Driver/Src/stm32h7xx_hal_adc.o
 .text.LL_ADC_DisableDeepPowerDown
                0x08003694       0x24 ./Drivers/STM32H7xx_HAL_Driver/Src/stm32h7xx_hal_adc.o
 .text.LL_ADC_IsDeepPowerDownEnabled
                0x080036b8       0x28 ./Drivers/STM32H7xx_HAL_Driver/Src/stm32h7xx_hal_adc.o
 .text.LL_ADC_EnableInternalRegulator
                0x080036e0       0x28 ./Drivers/STM32H7xx_HAL_Driver/Src/stm32h7xx_hal_adc.o
 .text.LL_ADC_IsInternalRegulatorEnabled
                0x08003708       0x28 ./Drivers/STM32H7xx_HAL_Driver/Src/stm32h7xx_hal_adc.o
 .text.LL_ADC_Enable
                0x08003730       0x28 ./Drivers/STM32H7xx_HAL_Driver/Src/stm32h7xx_hal_adc.o
 .text.LL_ADC_IsEnabled
                0x08003758       0x26 ./Drivers/STM32H7xx_HAL_Driver/Src/stm32h7xx_hal_adc.o
 *fill*         0x0800377e        0x2 
 .text.LL_ADC_REG_StartConversion
                0x08003780       0x28 ./Drivers/STM32H7xx_HAL_Driver/Src/stm32h7xx_hal_adc.o
 .text.LL_ADC_REG_IsConversionOngoing
                0x080037a8       0x26 ./Drivers/STM32H7xx_HAL_Driver/Src/stm32h7xx_hal_adc.o
 .text.LL_ADC_INJ_IsConversionOngoing
                0x080037ce       0x26 ./Drivers/STM32H7xx_HAL_Driver/Src/stm32h7xx_hal_adc.o
 .text.HAL_ADC_Init
                0x080037f4      0x344 ./Drivers/STM32H7xx_HAL_Driver/Src/stm32h7xx_hal_adc.o
                0x080037f4                HAL_ADC_Init
 .text.HAL_ADC_Start_DMA
                0x08003b38      0x188 ./Drivers/STM32H7xx_HAL_Driver/Src/stm32h7xx_hal_adc.o
                0x08003b38                HAL_ADC_Start_DMA
 .text.HAL_ADC_ConvCpltCallback
                0x08003cc0       0x14 ./Drivers/STM32H7xx_HAL_Driver/Src/stm32h7xx_hal_adc.o
                0x08003cc0                HAL_ADC_ConvCpltCallback
 .text.HAL_ADC_ConvHalfCpltCallback
                0x08003cd4       0x14 ./Drivers/STM32H7xx_HAL_Driver/Src/stm32h7xx_hal_adc.o
                0x08003cd4                HAL_ADC_ConvHalfCpltCallback
 .text.HAL_ADC_ErrorCallback
                0x08003ce8       0x14 ./Drivers/STM32H7xx_HAL_Driver/Src/stm32h7xx_hal_adc.o
                0x08003ce8                HAL_ADC_ErrorCallback
 .text.HAL_ADC_ConfigChannel
                0x08003cfc      0x6b8 ./Drivers/STM32H7xx_HAL_Driver/Src/stm32h7xx_hal_adc.o
                0x08003cfc                HAL_ADC_ConfigChannel
 .text.ADC_Enable
                0x080043b4      0x114 ./Drivers/STM32H7xx_HAL_Driver/Src/stm32h7xx_hal_adc.o
                0x080043b4                ADC_Enable
 .text.ADC_DMAConvCplt
                0x080044c8       0xd8 ./Drivers/STM32H7xx_HAL_Driver/Src/stm32h7xx_hal_adc.o
                0x080044c8                ADC_DMAConvCplt
 .text.ADC_DMAHalfConvCplt
                0x080045a0       0x1c ./Drivers/STM32H7xx_HAL_Driver/Src/stm32h7xx_hal_adc.o
                0x080045a0                ADC_DMAHalfConvCplt
 .text.ADC_DMAError
                0x080045bc       0x34 ./Drivers/STM32H7xx_HAL_Driver/Src/stm32h7xx_hal_adc.o
                0x080045bc                ADC_DMAError
 .text.ADC_ConfigureBoostMode
                0x080045f0      0x218 ./Drivers/STM32H7xx_HAL_Driver/Src/stm32h7xx_hal_adc.o
                0x080045f0                ADC_ConfigureBoostMode
 .text.LL_ADC_IsEnabled
                0x08004808       0x26 ./Drivers/STM32H7xx_HAL_Driver/Src/stm32h7xx_hal_adc_ex.o
 .text.LL_ADC_REG_IsConversionOngoing
                0x0800482e       0x26 ./Drivers/STM32H7xx_HAL_Driver/Src/stm32h7xx_hal_adc_ex.o
 .text.HAL_ADCEx_MultiModeConfigChannel
                0x08004854      0x1bc ./Drivers/STM32H7xx_HAL_Driver/Src/stm32h7xx_hal_adc_ex.o
                0x08004854                HAL_ADCEx_MultiModeConfigChannel
 .text.__NVIC_SetPriorityGrouping
                0x08004a10       0x48 ./Drivers/STM32H7xx_HAL_Driver/Src/stm32h7xx_hal_cortex.o
 .text.__NVIC_GetPriorityGrouping
                0x08004a58       0x1c ./Drivers/STM32H7xx_HAL_Driver/Src/stm32h7xx_hal_cortex.o
 .text.__NVIC_EnableIRQ
                0x08004a74       0x3c ./Drivers/STM32H7xx_HAL_Driver/Src/stm32h7xx_hal_cortex.o
 .text.__NVIC_SetPriority
                0x08004ab0       0x54 ./Drivers/STM32H7xx_HAL_Driver/Src/stm32h7xx_hal_cortex.o
 .text.NVIC_EncodePriority
                0x08004b04       0x66 ./Drivers/STM32H7xx_HAL_Driver/Src/stm32h7xx_hal_cortex.o
 *fill*         0x08004b6a        0x2 
 .text.SysTick_Config
                0x08004b6c       0x44 ./Drivers/STM32H7xx_HAL_Driver/Src/stm32h7xx_hal_cortex.o
 .text.HAL_NVIC_SetPriorityGrouping
                0x08004bb0       0x16 ./Drivers/STM32H7xx_HAL_Driver/Src/stm32h7xx_hal_cortex.o
                0x08004bb0                HAL_NVIC_SetPriorityGrouping
 .text.HAL_NVIC_SetPriority
                0x08004bc6       0x34 ./Drivers/STM32H7xx_HAL_Driver/Src/stm32h7xx_hal_cortex.o
                0x08004bc6                HAL_NVIC_SetPriority
 .text.HAL_NVIC_EnableIRQ
                0x08004bfa       0x1c ./Drivers/STM32H7xx_HAL_Driver/Src/stm32h7xx_hal_cortex.o
                0x08004bfa                HAL_NVIC_EnableIRQ
 .text.HAL_SYSTICK_Config
                0x08004c16       0x18 ./Drivers/STM32H7xx_HAL_Driver/Src/stm32h7xx_hal_cortex.o
                0x08004c16                HAL_SYSTICK_Config
 *fill*         0x08004c2e        0x2 
 .text.HAL_DMA_Init
                0x08004c30      0x6b8 ./Drivers/STM32H7xx_HAL_Driver/Src/stm32h7xx_hal_dma.o
                0x08004c30                HAL_DMA_Init
 .text.HAL_DMA_Start_IT
                0x080052e8      0x4d4 ./Drivers/STM32H7xx_HAL_Driver/Src/stm32h7xx_hal_dma.o
                0x080052e8                HAL_DMA_Start_IT
 .text.HAL_DMA_IRQHandler
                0x080057bc      0xe54 ./Drivers/STM32H7xx_HAL_Driver/Src/stm32h7xx_hal_dma.o
                0x080057bc                HAL_DMA_IRQHandler
 .text.DMA_SetConfig
                0x08006610      0x358 ./Drivers/STM32H7xx_HAL_Driver/Src/stm32h7xx_hal_dma.o
 .text.DMA_CalcBaseAndBitshift
                0x08006968      0x164 ./Drivers/STM32H7xx_HAL_Driver/Src/stm32h7xx_hal_dma.o
 .text.DMA_CheckFifoParam
                0x08006acc       0xf8 ./Drivers/STM32H7xx_HAL_Driver/Src/stm32h7xx_hal_dma.o
 .text.DMA_CalcDMAMUXChannelBaseAndMask
                0x08006bc4      0x134 ./Drivers/STM32H7xx_HAL_Driver/Src/stm32h7xx_hal_dma.o
 .text.DMA_CalcDMAMUXRequestGenBaseAndMask
                0x08006cf8       0xe8 ./Drivers/STM32H7xx_HAL_Driver/Src/stm32h7xx_hal_dma.o
 .text.HAL_ETH_Init
                0x08006de0      0x1fc ./Drivers/STM32H7xx_HAL_Driver/Src/stm32h7xx_hal_eth.o
                0x08006de0                HAL_ETH_Init
 .text.HAL_ETH_SetMDIOClockRange
                0x08006fdc       0xa0 ./Drivers/STM32H7xx_HAL_Driver/Src/stm32h7xx_hal_eth.o
                0x08006fdc                HAL_ETH_SetMDIOClockRange
 .text.ETH_SetMACConfig
                0x0800707c      0x238 ./Drivers/STM32H7xx_HAL_Driver/Src/stm32h7xx_hal_eth.o
 .text.ETH_SetDMAConfig
                0x080072b4      0x10c ./Drivers/STM32H7xx_HAL_Driver/Src/stm32h7xx_hal_eth.o
 .text.ETH_MACDMAConfig
                0x080073c0      0x13a ./Drivers/STM32H7xx_HAL_Driver/Src/stm32h7xx_hal_eth.o
 .text.ETH_DMATxDescListInit
                0x080074fa       0x92 ./Drivers/STM32H7xx_HAL_Driver/Src/stm32h7xx_hal_eth.o
 .text.ETH_DMARxDescListInit
                0x0800758c       0xba ./Drivers/STM32H7xx_HAL_Driver/Src/stm32h7xx_hal_eth.o
 *fill*         0x08007646        0x2 
 .text.HAL_FDCAN_Init
                0x08007648      0x3bc ./Drivers/STM32H7xx_HAL_Driver/Src/stm32h7xx_hal_fdcan.o
                0x08007648                HAL_FDCAN_Init
 .text.FDCAN_CalcultateRamBlockAddresses
                0x08007a04      0x30c ./Drivers/STM32H7xx_HAL_Driver/Src/stm32h7xx_hal_fdcan.o
 .text.HAL_GPIO_Init
                0x08007d10      0x360 ./Drivers/STM32H7xx_HAL_Driver/Src/stm32h7xx_hal_gpio.o
                0x08007d10                HAL_GPIO_Init
 .text.HAL_GPIO_ReadPin
                0x08008070       0x30 ./Drivers/STM32H7xx_HAL_Driver/Src/stm32h7xx_hal_gpio.o
                0x08008070                HAL_GPIO_ReadPin
 .text.HAL_GPIO_WritePin
                0x080080a0       0x32 ./Drivers/STM32H7xx_HAL_Driver/Src/stm32h7xx_hal_gpio.o
                0x080080a0                HAL_GPIO_WritePin
 *fill*         0x080080d2        0x2 
 .text.HAL_I2C_Init
                0x080080d4      0x138 ./Drivers/STM32H7xx_HAL_Driver/Src/stm32h7xx_hal_i2c.o
                0x080080d4                HAL_I2C_Init
 .text.HAL_I2CEx_ConfigAnalogFilter
                0x0800820c       0x96 ./Drivers/STM32H7xx_HAL_Driver/Src/stm32h7xx_hal_i2c_ex.o
                0x0800820c                HAL_I2CEx_ConfigAnalogFilter
 .text.HAL_I2CEx_ConfigDigitalFilter
                0x080082a2       0x98 ./Drivers/STM32H7xx_HAL_Driver/Src/stm32h7xx_hal_i2c_ex.o
                0x080082a2                HAL_I2CEx_ConfigDigitalFilter
 *fill*         0x0800833a        0x2 
 .text.HAL_PWREx_ConfigSupply
                0x0800833c       0x74 ./Drivers/STM32H7xx_HAL_Driver/Src/stm32h7xx_hal_pwr_ex.o
                0x0800833c                HAL_PWREx_ConfigSupply
 .text.HAL_RCC_OscConfig
                0x080083b0      0x8b4 ./Drivers/STM32H7xx_HAL_Driver/Src/stm32h7xx_hal_rcc.o
                0x080083b0                HAL_RCC_OscConfig
 .text.HAL_RCC_ClockConfig
                0x08008c64      0x36c ./Drivers/STM32H7xx_HAL_Driver/Src/stm32h7xx_hal_rcc.o
                0x08008c64                HAL_RCC_ClockConfig
 .text.HAL_RCC_GetSysClockFreq
                0x08008fd0      0x2f4 ./Drivers/STM32H7xx_HAL_Driver/Src/stm32h7xx_hal_rcc.o
                0x08008fd0                HAL_RCC_GetSysClockFreq
 .text.HAL_RCC_GetHCLKFreq
                0x080092c4       0x60 ./Drivers/STM32H7xx_HAL_Driver/Src/stm32h7xx_hal_rcc.o
                0x080092c4                HAL_RCC_GetHCLKFreq
 .text.HAL_RCC_GetPCLK1Freq
                0x08009324       0x2c ./Drivers/STM32H7xx_HAL_Driver/Src/stm32h7xx_hal_rcc.o
                0x08009324                HAL_RCC_GetPCLK1Freq
 .text.HAL_RCC_GetPCLK2Freq
                0x08009350       0x2c ./Drivers/STM32H7xx_HAL_Driver/Src/stm32h7xx_hal_rcc.o
                0x08009350                HAL_RCC_GetPCLK2Freq
 .text.HAL_RCCEx_PeriphCLKConfig
                0x0800937c     0x1414 ./Drivers/STM32H7xx_HAL_Driver/Src/stm32h7xx_hal_rcc_ex.o
                0x0800937c                HAL_RCCEx_PeriphCLKConfig
 .text.HAL_RCCEx_GetPeriphCLKFreq
                0x0800a790      0xb00 ./Drivers/STM32H7xx_HAL_Driver/Src/stm32h7xx_hal_rcc_ex.o
                0x0800a790                HAL_RCCEx_GetPeriphCLKFreq
 .text.HAL_RCCEx_GetD3PCLK1Freq
                0x0800b290       0x2c ./Drivers/STM32H7xx_HAL_Driver/Src/stm32h7xx_hal_rcc_ex.o
                0x0800b290                HAL_RCCEx_GetD3PCLK1Freq
 .text.HAL_RCCEx_GetPLL2ClockFreq
                0x0800b2bc      0x2a8 ./Drivers/STM32H7xx_HAL_Driver/Src/stm32h7xx_hal_rcc_ex.o
                0x0800b2bc                HAL_RCCEx_GetPLL2ClockFreq
 .text.HAL_RCCEx_GetPLL3ClockFreq
                0x0800b564      0x2a8 ./Drivers/STM32H7xx_HAL_Driver/Src/stm32h7xx_hal_rcc_ex.o
                0x0800b564                HAL_RCCEx_GetPLL3ClockFreq
 .text.HAL_RCCEx_GetPLL1ClockFreq
                0x0800b80c      0x2a4 ./Drivers/STM32H7xx_HAL_Driver/Src/stm32h7xx_hal_rcc_ex.o
                0x0800b80c                HAL_RCCEx_GetPLL1ClockFreq
 .text.RCCEx_PLL2_Config
                0x0800bab0      0x164 ./Drivers/STM32H7xx_HAL_Driver/Src/stm32h7xx_hal_rcc_ex.o
 .text.RCCEx_PLL3_Config
                0x0800bc14      0x164 ./Drivers/STM32H7xx_HAL_Driver/Src/stm32h7xx_hal_rcc_ex.o
 .text.HAL_TIM_Base_Init
                0x0800bd78       0xae ./Drivers/STM32H7xx_HAL_Driver/Src/stm32h7xx_hal_tim.o
                0x0800bd78                HAL_TIM_Base_Init
 *fill*         0x0800be26        0x2 
 .text.HAL_TIM_Base_Start_IT
                0x0800be28       0xf0 ./Drivers/STM32H7xx_HAL_Driver/Src/stm32h7xx_hal_tim.o
                0x0800be28                HAL_TIM_Base_Start_IT
 .text.HAL_TIM_Encoder_Init
                0x0800bf18      0x14c ./Drivers/STM32H7xx_HAL_Driver/Src/stm32h7xx_hal_tim.o
                0x0800bf18                HAL_TIM_Encoder_Init
 .text.HAL_TIM_Encoder_Start
                0x0800c064      0x11c ./Drivers/STM32H7xx_HAL_Driver/Src/stm32h7xx_hal_tim.o
                0x0800c064                HAL_TIM_Encoder_Start
 .text.HAL_TIM_IRQHandler
                0x0800c180      0x20e ./Drivers/STM32H7xx_HAL_Driver/Src/stm32h7xx_hal_tim.o
                0x0800c180                HAL_TIM_IRQHandler
 *fill*         0x0800c38e        0x2 
 .text.HAL_TIM_ConfigClockSource
                0x0800c390      0x1f0 ./Drivers/STM32H7xx_HAL_Driver/Src/stm32h7xx_hal_tim.o
                0x0800c390                HAL_TIM_ConfigClockSource
 .text.HAL_TIM_OC_DelayElapsedCallback
                0x0800c580       0x14 ./Drivers/STM32H7xx_HAL_Driver/Src/stm32h7xx_hal_tim.o
                0x0800c580                HAL_TIM_OC_DelayElapsedCallback
 .text.HAL_TIM_IC_CaptureCallback
                0x0800c594       0x14 ./Drivers/STM32H7xx_HAL_Driver/Src/stm32h7xx_hal_tim.o
                0x0800c594                HAL_TIM_IC_CaptureCallback
 .text.HAL_TIM_PWM_PulseFinishedCallback
                0x0800c5a8       0x14 ./Drivers/STM32H7xx_HAL_Driver/Src/stm32h7xx_hal_tim.o
                0x0800c5a8                HAL_TIM_PWM_PulseFinishedCallback
 .text.HAL_TIM_TriggerCallback
                0x0800c5bc       0x14 ./Drivers/STM32H7xx_HAL_Driver/Src/stm32h7xx_hal_tim.o
                0x0800c5bc                HAL_TIM_TriggerCallback
 .text.TIM_Base_SetConfig
                0x0800c5d0      0x14c ./Drivers/STM32H7xx_HAL_Driver/Src/stm32h7xx_hal_tim.o
                0x0800c5d0                TIM_Base_SetConfig
 .text.TIM_TI1_ConfigInputStage
                0x0800c71c       0x5e ./Drivers/STM32H7xx_HAL_Driver/Src/stm32h7xx_hal_tim.o
 .text.TIM_TI2_ConfigInputStage
                0x0800c77a       0x60 ./Drivers/STM32H7xx_HAL_Driver/Src/stm32h7xx_hal_tim.o
 *fill*         0x0800c7da        0x2 
 .text.TIM_ITRx_SetConfig
                0x0800c7dc       0x3c ./Drivers/STM32H7xx_HAL_Driver/Src/stm32h7xx_hal_tim.o
 .text.TIM_ETR_SetConfig
                0x0800c818       0x40 ./Drivers/STM32H7xx_HAL_Driver/Src/stm32h7xx_hal_tim.o
                0x0800c818                TIM_ETR_SetConfig
 .text.TIM_CCxChannelCmd
                0x0800c858       0x4a ./Drivers/STM32H7xx_HAL_Driver/Src/stm32h7xx_hal_tim.o
                0x0800c858                TIM_CCxChannelCmd
 *fill*         0x0800c8a2        0x2 
 .text.HAL_TIMEx_MasterConfigSynchronization
                0x0800c8a4      0x11c ./Drivers/STM32H7xx_HAL_Driver/Src/stm32h7xx_hal_tim_ex.o
                0x0800c8a4                HAL_TIMEx_MasterConfigSynchronization
 .text.HAL_TIMEx_CommutCallback
                0x0800c9c0       0x14 ./Drivers/STM32H7xx_HAL_Driver/Src/stm32h7xx_hal_tim_ex.o
                0x0800c9c0                HAL_TIMEx_CommutCallback
 .text.HAL_TIMEx_BreakCallback
                0x0800c9d4       0x14 ./Drivers/STM32H7xx_HAL_Driver/Src/stm32h7xx_hal_tim_ex.o
                0x0800c9d4                HAL_TIMEx_BreakCallback
 .text.HAL_TIMEx_Break2Callback
                0x0800c9e8       0x14 ./Drivers/STM32H7xx_HAL_Driver/Src/stm32h7xx_hal_tim_ex.o
                0x0800c9e8                HAL_TIMEx_Break2Callback
 .text.HAL_UART_Init
                0x0800c9fc       0xa0 ./Drivers/STM32H7xx_HAL_Driver/Src/stm32h7xx_hal_uart.o
                0x0800c9fc                HAL_UART_Init
 .text.UART_SetConfig
                0x0800ca9c      0xad0 ./Drivers/STM32H7xx_HAL_Driver/Src/stm32h7xx_hal_uart.o
                0x0800ca9c                UART_SetConfig
 .text.UART_AdvFeatureConfig
                0x0800d56c      0x144 ./Drivers/STM32H7xx_HAL_Driver/Src/stm32h7xx_hal_uart.o
                0x0800d56c                UART_AdvFeatureConfig
 .text.UART_CheckIdleState
                0x0800d6b0      0x154 ./Drivers/STM32H7xx_HAL_Driver/Src/stm32h7xx_hal_uart.o
                0x0800d6b0                UART_CheckIdleState
 .text.UART_WaitOnFlagUntilTimeout
                0x0800d804       0xda ./Drivers/STM32H7xx_HAL_Driver/Src/stm32h7xx_hal_uart.o
                0x0800d804                UART_WaitOnFlagUntilTimeout
 *fill*         0x0800d8de        0x2 
 .text.UART_EndRxTransfer
                0x0800d8e0       0xcc ./Drivers/STM32H7xx_HAL_Driver/Src/stm32h7xx_hal_uart.o
 .text.HAL_UARTEx_DisableFifoMode
                0x0800d9ac       0x72 ./Drivers/STM32H7xx_HAL_Driver/Src/stm32h7xx_hal_uart_ex.o
                0x0800d9ac                HAL_UARTEx_DisableFifoMode
 .text.HAL_UARTEx_SetTxFifoThreshold
                0x0800da1e       0x7c ./Drivers/STM32H7xx_HAL_Driver/Src/stm32h7xx_hal_uart_ex.o
                0x0800da1e                HAL_UARTEx_SetTxFifoThreshold
 .text.HAL_UARTEx_SetRxFifoThreshold
                0x0800da9a       0x7c ./Drivers/STM32H7xx_HAL_Driver/Src/stm32h7xx_hal_uart_ex.o
                0x0800da9a                HAL_UARTEx_SetRxFifoThreshold
 *fill*         0x0800db16        0x2 
 .text.UARTEx_SetNbDataToProcess
                0x0800db18       0x9c ./Drivers/STM32H7xx_HAL_Driver/Src/stm32h7xx_hal_uart_ex.o
 .text.memset   0x0800dbb4       0x10 C:/ST/STM32CubeIDE_1.14.1/STM32CubeIDE/plugins/com.st.stm32cube.ide.mcu.externaltools.gnu-tools-for-stm32.13.3.rel1.win32_1.0.0.202411081344/tools/bin/../lib/gcc/arm-none-eabi/13.3.1/../../../../arm-none-eabi/lib/thumb/v7e-m+dp/hard\libc_nano.a(libc_a-memset.o)
                0x0800dbb4                memset
 .text.__libc_init_array
                0x0800dbc4       0x48 C:/ST/STM32CubeIDE_1.14.1/STM32CubeIDE/plugins/com.st.stm32cube.ide.mcu.externaltools.gnu-tools-for-stm32.13.3.rel1.win32_1.0.0.202411081344/tools/bin/../lib/gcc/arm-none-eabi/13.3.1/../../../../arm-none-eabi/lib/thumb/v7e-m+dp/hard\libc_nano.a(libc_a-init.o)
                0x0800dbc4                __libc_init_array
 .text.memcpy   0x0800dc0c       0x1c C:/ST/STM32CubeIDE_1.14.1/STM32CubeIDE/plugins/com.st.stm32cube.ide.mcu.externaltools.gnu-tools-for-stm32.13.3.rel1.win32_1.0.0.202411081344/tools/bin/../lib/gcc/arm-none-eabi/13.3.1/../../../../arm-none-eabi/lib/thumb/v7e-m+dp/hard\libc_nano.a(libc_a-memcpy-stub.o)
                0x0800dc0c                memcpy
 *(.glue_7)
 .glue_7        0x0800dc28        0x0 linker stubs
 *(.glue_7t)
 .glue_7t       0x0800dc28        0x0 linker stubs
 *(.eh_frame)
 .eh_frame      0x0800dc28        0x0 C:/ST/STM32CubeIDE_1.14.1/STM32CubeIDE/plugins/com.st.stm32cube.ide.mcu.externaltools.gnu-tools-for-stm32.13.3.rel1.win32_1.0.0.202411081344/tools/bin/../lib/gcc/arm-none-eabi/13.3.1/thumb/v7e-m+dp/hard/crtbegin.o
 *(.init)
 .init          0x0800dc28        0x4 C:/ST/STM32CubeIDE_1.14.1/STM32CubeIDE/plugins/com.st.stm32cube.ide.mcu.externaltools.gnu-tools-for-stm32.13.3.rel1.win32_1.0.0.202411081344/tools/bin/../lib/gcc/arm-none-eabi/13.3.1/thumb/v7e-m+dp/hard/crti.o
                0x0800dc28                _init
 .init          0x0800dc2c        0x8 C:/ST/STM32CubeIDE_1.14.1/STM32CubeIDE/plugins/com.st.stm32cube.ide.mcu.externaltools.gnu-tools-for-stm32.13.3.rel1.win32_1.0.0.202411081344/tools/bin/../lib/gcc/arm-none-eabi/13.3.1/thumb/v7e-m+dp/hard/crtn.o
 *(.fini)
 .fini          0x0800dc34        0x4 C:/ST/STM32CubeIDE_1.14.1/STM32CubeIDE/plugins/com.st.stm32cube.ide.mcu.externaltools.gnu-tools-for-stm32.13.3.rel1.win32_1.0.0.202411081344/tools/bin/../lib/gcc/arm-none-eabi/13.3.1/thumb/v7e-m+dp/hard/crti.o
                0x0800dc34                _fini
 .fini          0x0800dc38        0x8 C:/ST/STM32CubeIDE_1.14.1/STM32CubeIDE/plugins/com.st.stm32cube.ide.mcu.externaltools.gnu-tools-for-stm32.13.3.rel1.win32_1.0.0.202411081344/tools/bin/../lib/gcc/arm-none-eabi/13.3.1/thumb/v7e-m+dp/hard/crtn.o
                0x0800dc40                        . = ALIGN (0x4)
                0x0800dc40                        _etext = .

.vfp11_veneer   0x0800dc40        0x0
 .vfp11_veneer  0x0800dc40        0x0 linker stubs

.v4_bx          0x0800dc40        0x0
 .v4_bx         0x0800dc40        0x0 linker stubs

.iplt           0x0800dc40        0x0
 .iplt          0x0800dc40        0x0 C:/ST/STM32CubeIDE_1.14.1/STM32CubeIDE/plugins/com.st.stm32cube.ide.mcu.externaltools.gnu-tools-for-stm32.13.3.rel1.win32_1.0.0.202411081344/tools/bin/../lib/gcc/arm-none-eabi/13.3.1/thumb/v7e-m+dp/hard/crtbegin.o

.rodata         0x0800dc40       0x8c
                0x0800dc40                        . = ALIGN (0x4)
 *(.rodata)
 .rodata        0x0800dc40       0x4c ./Drivers/STM32H7xx_HAL_Driver/Src/stm32h7xx_hal_fdcan.o
 *(.rodata*)
 .rodata.D1CorePrescTable
                0x0800dc8c       0x10 ./Core/Src/system_stm32h7xx.o
                0x0800dc8c                D1CorePrescTable
 .rodata.flagBitshiftOffset.0
                0x0800dc9c        0x8 ./Drivers/STM32H7xx_HAL_Driver/Src/stm32h7xx_hal_dma.o
 .rodata.UARTPrescTable
                0x0800dca4       0x18 ./Drivers/STM32H7xx_HAL_Driver/Src/stm32h7xx_hal_uart.o
                0x0800dca4                UARTPrescTable
 .rodata.numerator.1
                0x0800dcbc        0x8 ./Drivers/STM32H7xx_HAL_Driver/Src/stm32h7xx_hal_uart_ex.o
 .rodata.denominator.0
                0x0800dcc4        0x8 ./Drivers/STM32H7xx_HAL_Driver/Src/stm32h7xx_hal_uart_ex.o
                0x0800dccc                        . = ALIGN (0x4)

.ARM.extab
 *(.ARM.extab* .gnu.linkonce.armextab.*)

.ARM            0x0800dccc        0x8
                0x0800dccc                        __exidx_start = .
 *(.ARM.exidx*)
 .ARM.exidx     0x0800dccc        0x8 C:/ST/STM32CubeIDE_1.14.1/STM32CubeIDE/plugins/com.st.stm32cube.ide.mcu.externaltools.gnu-tools-for-stm32.13.3.rel1.win32_1.0.0.202411081344/tools/bin/../lib/gcc/arm-none-eabi/13.3.1/thumb/v7e-m+dp/hard\libgcc.a(_udivmoddi4.o)
                0x0800dcd4                        __exidx_end = .

.rel.dyn        0x0800dcd4        0x0
 .rel.iplt      0x0800dcd4        0x0 C:/ST/STM32CubeIDE_1.14.1/STM32CubeIDE/plugins/com.st.stm32cube.ide.mcu.externaltools.gnu-tools-for-stm32.13.3.rel1.win32_1.0.0.202411081344/tools/bin/../lib/gcc/arm-none-eabi/13.3.1/thumb/v7e-m+dp/hard/crtbegin.o

.preinit_array  0x0800dcd4        0x0
                0x0800dcd4                        PROVIDE (__preinit_array_start = .)
 *(.preinit_array*)
                0x0800dcd4                        PROVIDE (__preinit_array_end = .)

.init_array     0x0800dcd4        0x4
                0x0800dcd4                        PROVIDE (__init_array_start = .)
 *(SORT_BY_NAME(.init_array.*))
 *(.init_array*)
 .init_array    0x0800dcd4        0x4 C:/ST/STM32CubeIDE_1.14.1/STM32CubeIDE/plugins/com.st.stm32cube.ide.mcu.externaltools.gnu-tools-for-stm32.13.3.rel1.win32_1.0.0.202411081344/tools/bin/../lib/gcc/arm-none-eabi/13.3.1/thumb/v7e-m+dp/hard/crtbegin.o
                0x0800dcd8                        PROVIDE (__init_array_end = .)

.fini_array     0x0800dcd8        0x4
                [!provide]                        PROVIDE (__fini_array_start = .)
 *(SORT_BY_NAME(.fini_array.*))
 *(.fini_array*)
 .fini_array    0x0800dcd8        0x4 C:/ST/STM32CubeIDE_1.14.1/STM32CubeIDE/plugins/com.st.stm32cube.ide.mcu.externaltools.gnu-tools-for-stm32.13.3.rel1.win32_1.0.0.202411081344/tools/bin/../lib/gcc/arm-none-eabi/13.3.1/thumb/v7e-m+dp/hard/crtbegin.o
                [!provide]                        PROVIDE (__fini_array_end = .)
                0x0800dcdc                        _sidata = LOADADDR (.data)

.data           0x24000000       0xc8 load address 0x0800dcdc
                0x24000000                        . = ALIGN (0x4)
                0x24000000                        _sdata = .
 *(.data)
 *(.data*)
 .data.switchesArray
                0x24000000       0xb4 ./Core/Src/peripherals.o
                0x24000000                switchesArray
 .data.SystemCoreClock
                0x240000b4        0x4 ./Core/Src/system_stm32h7xx.o
                0x240000b4                SystemCoreClock
 .data.SystemD2Clock
                0x240000b8        0x4 ./Core/Src/system_stm32h7xx.o
                0x240000b8                SystemD2Clock
 .data.configurableTime
                0x240000bc        0x1 ./Core/Src/timing.o
                0x240000bc                configurableTime
 *fill*         0x240000bd        0x3 
 .data.uwTickPrio
                0x240000c0        0x4 ./Drivers/STM32H7xx_HAL_Driver/Src/stm32h7xx_hal.o
                0x240000c0                uwTickPrio
 .data.uwTickFreq
                0x240000c4        0x1 ./Drivers/STM32H7xx_HAL_Driver/Src/stm32h7xx_hal.o
                0x240000c4                uwTickFreq
 *(.RamFunc)
 *(.RamFunc*)
                0x240000c8                        . = ALIGN (0x4)
 *fill*         0x240000c5        0x3 
                0x240000c8                        _edata = .

.igot.plt       0x240000c8        0x0 load address 0x0800dda4
 .igot.plt      0x240000c8        0x0 C:/ST/STM32CubeIDE_1.14.1/STM32CubeIDE/plugins/com.st.stm32cube.ide.mcu.externaltools.gnu-tools-for-stm32.13.3.rel1.win32_1.0.0.202411081344/tools/bin/../lib/gcc/arm-none-eabi/13.3.1/thumb/v7e-m+dp/hard/crtbegin.o

.RxDecripSection
                0x240000c8       0x60 load address 0x0800dda4
 .RxDecripSection
                0x240000c8       0x60 ./Core/Src/eth.o
                0x240000c8                DMARxDscrTab

.TxDecripSection
                0x24000128       0x60 load address 0x0800de04
 .TxDecripSection
                0x24000128       0x60 ./Core/Src/eth.o
                0x24000128                DMATxDscrTab
                0x24000188                        . = ALIGN (0x4)

.bss            0x24000188      0x88c load address 0x0800de64
                0x24000188                        _sbss = .
                0x24000188                        __bss_start__ = _sbss
 *(.bss)
 .bss           0x24000188       0x1c C:/ST/STM32CubeIDE_1.14.1/STM32CubeIDE/plugins/com.st.stm32cube.ide.mcu.externaltools.gnu-tools-for-stm32.13.3.rel1.win32_1.0.0.202411081344/tools/bin/../lib/gcc/arm-none-eabi/13.3.1/thumb/v7e-m+dp/hard/crtbegin.o
 *(.bss*)
 .bss.hadc1     0x240001a4       0x64 ./Core/Src/adc.o
                0x240001a4                hadc1
 .bss.hadc2     0x24000208       0x64 ./Core/Src/adc.o
                0x24000208                hadc2
 .bss.hadc3     0x2400026c       0x64 ./Core/Src/adc.o
                0x2400026c                hadc3
 .bss.hdma_adc1
                0x240002d0       0x78 ./Core/Src/adc.o
                0x240002d0                hdma_adc1
 .bss.hdma_adc2
                0x24000348       0x78 ./Core/Src/adc.o
                0x24000348                hdma_adc2
 .bss.hdma_adc3
                0x240003c0       0x78 ./Core/Src/adc.o
                0x240003c0                hdma_adc3
 .bss.HAL_RCC_ADC12_CLK_ENABLED
                0x24000438        0x4 ./Core/Src/adc.o
 .bss.lastCount
                0x2400043c        0x4 ./Core/Src/cocking_handle_maingun.o
                0x2400043c                lastCount
 .bss.TxConfig  0x24000440       0x38 ./Core/Src/eth.o
                0x24000440                TxConfig
 .bss.heth      0x24000478       0xb0 ./Core/Src/eth.o
                0x24000478                heth
 .bss.MACAddr.0
                0x24000528        0x6 ./Core/Src/eth.o
 *fill*         0x2400052e        0x2 
 .bss.hfdcan2   0x24000530       0xa0 ./Core/Src/fdcan.o
                0x24000530                hfdcan2
 .bss.hi2c1     0x240005d0       0x54 ./Core/Src/i2c.o
                0x240005d0                hi2c1
 .bss.pandora   0x24000624       0xdc ./Core/Src/main.o
                0x24000624                pandora
 .bss.htim1     0x24000700       0x4c ./Core/Src/tim.o
                0x24000700                htim1
 .bss.htim2     0x2400074c       0x4c ./Core/Src/tim.o
                0x2400074c                htim2
 .bss.htim3     0x24000798       0x4c ./Core/Src/tim.o
                0x24000798                htim3
 .bss.htim4     0x240007e4       0x4c ./Core/Src/tim.o
                0x240007e4                htim4
 .bss._configurableCounter
                0x24000830        0x1 ./Core/Src/timing.o
                0x24000830                _configurableCounter
 .bss._1msCounter
                0x24000831        0x1 ./Core/Src/timing.o
                0x24000831                _1msCounter
 .bss._10msCounter
                0x24000832        0x1 ./Core/Src/timing.o
                0x24000832                _10msCounter
 .bss._25msCounter
                0x24000833        0x1 ./Core/Src/timing.o
                0x24000833                _25msCounter
 .bss._50msCounter
                0x24000834        0x1 ./Core/Src/timing.o
                0x24000834                _50msCounter
 .bss._100msCounter
                0x24000835        0x1 ./Core/Src/timing.o
                0x24000835                _100msCounter
 .bss._250msCounter
                0x24000836        0x1 ./Core/Src/timing.o
                0x24000836                _250msCounter
 *fill*         0x24000837        0x1 
 .bss._500msCounter
                0x24000838        0x2 ./Core/Src/timing.o
                0x24000838                _500msCounter
 .bss._1sCounter
                0x2400083a        0x2 ./Core/Src/timing.o
                0x2400083a                _1sCounter
 .bss._10sCounter
                0x2400083c        0x2 ./Core/Src/timing.o
                0x2400083c                _10sCounter
 .bss._configurableFlagScanStart
                0x2400083e        0x1 ./Core/Src/timing.o
                0x2400083e                _configurableFlagScanStart
 .bss._1msFlagScanStart
                0x2400083f        0x1 ./Core/Src/timing.o
                0x2400083f                _1msFlagScanStart
 .bss._10msFlagScanStart
                0x24000840        0x1 ./Core/Src/timing.o
                0x24000840                _10msFlagScanStart
 .bss._25msFlagScanStart
                0x24000841        0x1 ./Core/Src/timing.o
                0x24000841                _25msFlagScanStart
 .bss._50msFlagScanStart
                0x24000842        0x1 ./Core/Src/timing.o
                0x24000842                _50msFlagScanStart
 .bss._100msFlagScanStart
                0x24000843        0x1 ./Core/Src/timing.o
                0x24000843                _100msFlagScanStart
 .bss._250msFlagScanStart
                0x24000844        0x1 ./Core/Src/timing.o
                0x24000844                _250msFlagScanStart
 .bss._500msFlagScanStart
                0x24000845        0x1 ./Core/Src/timing.o
                0x24000845                _500msFlagScanStart
 .bss._1sFlagScanStart
                0x24000846        0x1 ./Core/Src/timing.o
                0x24000846                _1sFlagScanStart
 .bss._10sFlagScanStart
                0x24000847        0x1 ./Core/Src/timing.o
                0x24000847                _10sFlagScanStart
 .bss._configurableFlag
                0x24000848        0x1 ./Core/Src/timing.o
                0x24000848                _configurableFlag
 .bss._1msFlag  0x24000849        0x1 ./Core/Src/timing.o
                0x24000849                _1msFlag
 .bss._10msFlag
                0x2400084a        0x1 ./Core/Src/timing.o
                0x2400084a                _10msFlag
 .bss._25msFlag
                0x2400084b        0x1 ./Core/Src/timing.o
                0x2400084b                _25msFlag
 .bss._50msFlag
                0x2400084c        0x1 ./Core/Src/timing.o
                0x2400084c                _50msFlag
 .bss._100msFlag
                0x2400084d        0x1 ./Core/Src/timing.o
                0x2400084d                _100msFlag
 .bss._250msFlag
                0x2400084e        0x1 ./Core/Src/timing.o
                0x2400084e                _250msFlag
 .bss._500msFlag
                0x2400084f        0x1 ./Core/Src/timing.o
                0x2400084f                _500msFlag
 .bss._1sFlag   0x24000850        0x1 ./Core/Src/timing.o
                0x24000850                _1sFlag
 .bss._10sFlag  0x24000851        0x1 ./Core/Src/timing.o
                0x24000851                _10sFlag
 *fill*         0x24000852        0x2 
 .bss.huart4    0x24000854       0x94 ./Core/Src/usart.o
                0x24000854                huart4
 .bss.huart7    0x240008e8       0x94 ./Core/Src/usart.o
                0x240008e8                huart7
 .bss.huart8    0x2400097c       0x94 ./Core/Src/usart.o
                0x2400097c                huart8
 .bss.uwTick    0x24000a10        0x4 ./Drivers/STM32H7xx_HAL_Driver/Src/stm32h7xx_hal.o
                0x24000a10                uwTick
 *(COMMON)
                0x24000a14                        . = ALIGN (0x4)
                0x24000a14                        _ebss = .
                0x24000a14                        __bss_end__ = _ebss

._user_heap_stack
                0x24000a14      0x604 load address 0x0800de64
                0x24000a18                        . = ALIGN (0x8)
 *fill*         0x24000a14        0x4 
                [!provide]                        PROVIDE (end = .)
                0x24000a18                        PROVIDE (_end = .)
                0x24000c18                        . = (. + _Min_Heap_Size)
 *fill*         0x24000a18      0x200 
                0x24001018                        . = (. + _Min_Stack_Size)
 *fill*         0x24000c18      0x400 
                0x24001018                        . = ALIGN (0x8)

/DISCARD/
 libc.a(*)
 libm.a(*)
 libgcc.a(*)

.ARM.attributes
                0x00000000       0x2e
 *(.ARM.attributes)
 .ARM.attributes
                0x00000000       0x20 C:/ST/STM32CubeIDE_1.14.1/STM32CubeIDE/plugins/com.st.stm32cube.ide.mcu.externaltools.gnu-tools-for-stm32.13.3.rel1.win32_1.0.0.202411081344/tools/bin/../lib/gcc/arm-none-eabi/13.3.1/thumb/v7e-m+dp/hard/crti.o
 .ARM.attributes
                0x00000020       0x32 C:/ST/STM32CubeIDE_1.14.1/STM32CubeIDE/plugins/com.st.stm32cube.ide.mcu.externaltools.gnu-tools-for-stm32.13.3.rel1.win32_1.0.0.202411081344/tools/bin/../lib/gcc/arm-none-eabi/13.3.1/thumb/v7e-m+dp/hard/crtbegin.o
 .ARM.attributes
                0x00000052       0x32 ./Core/Src/adc.o
 .ARM.attributes
                0x00000084       0x32 ./Core/Src/bdma.o
 .ARM.attributes
                0x000000b6       0x32 ./Core/Src/cocking_handle_maingun.o
 .ARM.attributes
                0x000000e8       0x32 ./Core/Src/dma.o
 .ARM.attributes
                0x0000011a       0x32 ./Core/Src/error.o
 .ARM.attributes
                0x0000014c       0x32 ./Core/Src/eth.o
 .ARM.attributes
                0x0000017e       0x32 ./Core/Src/fdcan.o
 .ARM.attributes
                0x000001b0       0x32 ./Core/Src/gpio.o
 .ARM.attributes
                0x000001e2       0x32 ./Core/Src/gun_control.o
 .ARM.attributes
                0x00000214       0x32 ./Core/Src/i2c.o
 .ARM.attributes
                0x00000246       0x32 ./Core/Src/main.o
 .ARM.attributes
                0x00000278       0x32 ./Core/Src/peripherals.o
 .ARM.attributes
                0x000002aa       0x32 ./Core/Src/power_management.o
 .ARM.attributes
                0x000002dc       0x32 ./Core/Src/stm32h7xx_hal_msp.o
 .ARM.attributes
                0x0000030e       0x32 ./Core/Src/stm32h7xx_it.o
 .ARM.attributes
                0x00000340       0x32 ./Core/Src/system_stm32h7xx.o
 .ARM.attributes
                0x00000372       0x32 ./Core/Src/tim.o
 .ARM.attributes
                0x000003a4       0x32 ./Core/Src/timing.o
 .ARM.attributes
                0x000003d6       0x32 ./Core/Src/usart.o
 .ARM.attributes
                0x00000408       0x21 ./Core/Startup/startup_stm32h743zitx.o
 .ARM.attributes
                0x00000429       0x32 ./Drivers/STM32H7xx_HAL_Driver/Src/stm32h7xx_hal.o
 .ARM.attributes
                0x0000045b       0x32 ./Drivers/STM32H7xx_HAL_Driver/Src/stm32h7xx_hal_adc.o
 .ARM.attributes
                0x0000048d       0x32 ./Drivers/STM32H7xx_HAL_Driver/Src/stm32h7xx_hal_adc_ex.o
 .ARM.attributes
                0x000004bf       0x32 ./Drivers/STM32H7xx_HAL_Driver/Src/stm32h7xx_hal_cortex.o
 .ARM.attributes
                0x000004f1       0x32 ./Drivers/STM32H7xx_HAL_Driver/Src/stm32h7xx_hal_dma.o
 .ARM.attributes
                0x00000523       0x32 ./Drivers/STM32H7xx_HAL_Driver/Src/stm32h7xx_hal_eth.o
 .ARM.attributes
                0x00000555       0x32 ./Drivers/STM32H7xx_HAL_Driver/Src/stm32h7xx_hal_fdcan.o
 .ARM.attributes
                0x00000587       0x32 ./Drivers/STM32H7xx_HAL_Driver/Src/stm32h7xx_hal_gpio.o
 .ARM.attributes
                0x000005b9       0x32 ./Drivers/STM32H7xx_HAL_Driver/Src/stm32h7xx_hal_i2c.o
 .ARM.attributes
                0x000005eb       0x32 ./Drivers/STM32H7xx_HAL_Driver/Src/stm32h7xx_hal_i2c_ex.o
 .ARM.attributes
                0x0000061d       0x32 ./Drivers/STM32H7xx_HAL_Driver/Src/stm32h7xx_hal_pwr_ex.o
 .ARM.attributes
                0x0000064f       0x32 ./Drivers/STM32H7xx_HAL_Driver/Src/stm32h7xx_hal_rcc.o
 .ARM.attributes
                0x00000681       0x32 ./Drivers/STM32H7xx_HAL_Driver/Src/stm32h7xx_hal_rcc_ex.o
 .ARM.attributes
                0x000006b3       0x32 ./Drivers/STM32H7xx_HAL_Driver/Src/stm32h7xx_hal_tim.o
 .ARM.attributes
                0x000006e5       0x32 ./Drivers/STM32H7xx_HAL_Driver/Src/stm32h7xx_hal_tim_ex.o
 .ARM.attributes
                0x00000717       0x32 ./Drivers/STM32H7xx_HAL_Driver/Src/stm32h7xx_hal_uart.o
 .ARM.attributes
                0x00000749       0x32 ./Drivers/STM32H7xx_HAL_Driver/Src/stm32h7xx_hal_uart_ex.o
 .ARM.attributes
                0x0000077b       0x32 C:/ST/STM32CubeIDE_1.14.1/STM32CubeIDE/plugins/com.st.stm32cube.ide.mcu.externaltools.gnu-tools-for-stm32.13.3.rel1.win32_1.0.0.202411081344/tools/bin/../lib/gcc/arm-none-eabi/13.3.1/../../../../arm-none-eabi/lib/thumb/v7e-m+dp/hard\libc_nano.a(libc_a-memset.o)
 .ARM.attributes
                0x000007ad       0x32 C:/ST/STM32CubeIDE_1.14.1/STM32CubeIDE/plugins/com.st.stm32cube.ide.mcu.externaltools.gnu-tools-for-stm32.13.3.rel1.win32_1.0.0.202411081344/tools/bin/../lib/gcc/arm-none-eabi/13.3.1/../../../../arm-none-eabi/lib/thumb/v7e-m+dp/hard\libc_nano.a(libc_a-init.o)
 .ARM.attributes
                0x000007df       0x32 C:/ST/STM32CubeIDE_1.14.1/STM32CubeIDE/plugins/com.st.stm32cube.ide.mcu.externaltools.gnu-tools-for-stm32.13.3.rel1.win32_1.0.0.202411081344/tools/bin/../lib/gcc/arm-none-eabi/13.3.1/../../../../arm-none-eabi/lib/thumb/v7e-m+dp/hard\libc_nano.a(libc_a-memcpy-stub.o)
 .ARM.attributes
                0x00000811       0x20 C:/ST/STM32CubeIDE_1.14.1/STM32CubeIDE/plugins/com.st.stm32cube.ide.mcu.externaltools.gnu-tools-for-stm32.13.3.rel1.win32_1.0.0.202411081344/tools/bin/../lib/gcc/arm-none-eabi/13.3.1/thumb/v7e-m+dp/hard\libgcc.a(_aeabi_uldivmod.o)
 .ARM.attributes
                0x00000831       0x32 C:/ST/STM32CubeIDE_1.14.1/STM32CubeIDE/plugins/com.st.stm32cube.ide.mcu.externaltools.gnu-tools-for-stm32.13.3.rel1.win32_1.0.0.202411081344/tools/bin/../lib/gcc/arm-none-eabi/13.3.1/thumb/v7e-m+dp/hard\libgcc.a(_udivmoddi4.o)
 .ARM.attributes
                0x00000863       0x20 C:/ST/STM32CubeIDE_1.14.1/STM32CubeIDE/plugins/com.st.stm32cube.ide.mcu.externaltools.gnu-tools-for-stm32.13.3.rel1.win32_1.0.0.202411081344/tools/bin/../lib/gcc/arm-none-eabi/13.3.1/thumb/v7e-m+dp/hard\libgcc.a(_dvmd_tls.o)
 .ARM.attributes
                0x00000883       0x20 C:/ST/STM32CubeIDE_1.14.1/STM32CubeIDE/plugins/com.st.stm32cube.ide.mcu.externaltools.gnu-tools-for-stm32.13.3.rel1.win32_1.0.0.202411081344/tools/bin/../lib/gcc/arm-none-eabi/13.3.1/thumb/v7e-m+dp/hard/crtn.o
OUTPUT(Pandora.elf elf32-littlearm)
LOAD linker stubs
LOAD C:/ST/STM32CubeIDE_1.14.1/STM32CubeIDE/plugins/com.st.stm32cube.ide.mcu.externaltools.gnu-tools-for-stm32.13.3.rel1.win32_1.0.0.202411081344/tools/bin/../lib/gcc/arm-none-eabi/13.3.1/../../../../arm-none-eabi/lib/thumb/v7e-m+dp/hard\libc.a
LOAD C:/ST/STM32CubeIDE_1.14.1/STM32CubeIDE/plugins/com.st.stm32cube.ide.mcu.externaltools.gnu-tools-for-stm32.13.3.rel1.win32_1.0.0.202411081344/tools/bin/../lib/gcc/arm-none-eabi/13.3.1/../../../../arm-none-eabi/lib/thumb/v7e-m+dp/hard\libm.a
LOAD C:/ST/STM32CubeIDE_1.14.1/STM32CubeIDE/plugins/com.st.stm32cube.ide.mcu.externaltools.gnu-tools-for-stm32.13.3.rel1.win32_1.0.0.202411081344/tools/bin/../lib/gcc/arm-none-eabi/13.3.1/thumb/v7e-m+dp/hard\libgcc.a

.debug_info     0x00000000    0x2ee4f
 .debug_info    0x00000000     0x1159 ./Core/Src/adc.o
 .debug_info    0x00001159      0x823 ./Core/Src/bdma.o
 .debug_info    0x0000197c     0x142f ./Core/Src/cocking_handle_maingun.o
 .debug_info    0x00002dab      0x823 ./Core/Src/dma.o
 .debug_info    0x000035ce      0xae7 ./Core/Src/error.o
 .debug_info    0x000040b5     0x172f ./Core/Src/eth.o
 .debug_info    0x000057e4     0x1151 ./Core/Src/fdcan.o
 .debug_info    0x00006935      0x69f ./Core/Src/gpio.o
 .debug_info    0x00006fd4      0xd2f ./Core/Src/gun_control.o
 .debug_info    0x00007d03      0xff2 ./Core/Src/i2c.o
 .debug_info    0x00008cf5     0x2c69 ./Core/Src/main.o
 .debug_info    0x0000b95e      0xd9b ./Core/Src/peripherals.o
 .debug_info    0x0000c6f9      0xae7 ./Core/Src/power_management.o
 .debug_info    0x0000d1e0      0x464 ./Core/Src/stm32h7xx_hal_msp.o
 .debug_info    0x0000d644      0x8b2 ./Core/Src/stm32h7xx_it.o
 .debug_info    0x0000def6      0xcef ./Core/Src/system_stm32h7xx.o
 .debug_info    0x0000ebe5     0x147f ./Core/Src/tim.o
 .debug_info    0x00010064      0xa49 ./Core/Src/timing.o
 .debug_info    0x00010aad     0x1172 ./Core/Src/usart.o
 .debug_info    0x00011c1f       0x30 ./Core/Startup/startup_stm32h743zitx.o
 .debug_info    0x00011c4f     0x153b ./Drivers/STM32H7xx_HAL_Driver/Src/stm32h7xx_hal.o
 .debug_info    0x0001318a     0x1ed2 ./Drivers/STM32H7xx_HAL_Driver/Src/stm32h7xx_hal_adc.o
 .debug_info    0x0001505c     0x1fed ./Drivers/STM32H7xx_HAL_Driver/Src/stm32h7xx_hal_adc_ex.o
 .debug_info    0x00017049     0x10ac ./Drivers/STM32H7xx_HAL_Driver/Src/stm32h7xx_hal_cortex.o
 .debug_info    0x000180f5      0xc27 ./Drivers/STM32H7xx_HAL_Driver/Src/stm32h7xx_hal_dma.o
 .debug_info    0x00018d1c     0x2a30 ./Drivers/STM32H7xx_HAL_Driver/Src/stm32h7xx_hal_eth.o
 .debug_info    0x0001b74c     0x2baf ./Drivers/STM32H7xx_HAL_Driver/Src/stm32h7xx_hal_fdcan.o
 .debug_info    0x0001e2fb      0xc4b ./Drivers/STM32H7xx_HAL_Driver/Src/stm32h7xx_hal_gpio.o
 .debug_info    0x0001ef46     0x22a1 ./Drivers/STM32H7xx_HAL_Driver/Src/stm32h7xx_hal_i2c.o
 .debug_info    0x000211e7      0xd84 ./Drivers/STM32H7xx_HAL_Driver/Src/stm32h7xx_hal_i2c_ex.o
 .debug_info    0x00021f6b     0x1008 ./Drivers/STM32H7xx_HAL_Driver/Src/stm32h7xx_hal_pwr_ex.o
 .debug_info    0x00022f73      0xe5b ./Drivers/STM32H7xx_HAL_Driver/Src/stm32h7xx_hal_rcc.o
 .debug_info    0x00023dce     0x1216 ./Drivers/STM32H7xx_HAL_Driver/Src/stm32h7xx_hal_rcc_ex.o
 .debug_info    0x00024fe4     0x2bae ./Drivers/STM32H7xx_HAL_Driver/Src/stm32h7xx_hal_tim.o
 .debug_info    0x00027b92     0x17eb ./Drivers/STM32H7xx_HAL_Driver/Src/stm32h7xx_hal_tim_ex.o
 .debug_info    0x0002937d     0x4b13 ./Drivers/STM32H7xx_HAL_Driver/Src/stm32h7xx_hal_uart.o
 .debug_info    0x0002de90      0xfbf ./Drivers/STM32H7xx_HAL_Driver/Src/stm32h7xx_hal_uart_ex.o

.debug_abbrev   0x00000000     0x50c7
 .debug_abbrev  0x00000000      0x274 ./Core/Src/adc.o
 .debug_abbrev  0x00000274      0x11e ./Core/Src/bdma.o
 .debug_abbrev  0x00000392      0x277 ./Core/Src/cocking_handle_maingun.o
 .debug_abbrev  0x00000609      0x11e ./Core/Src/dma.o
 .debug_abbrev  0x00000727      0x155 ./Core/Src/error.o
 .debug_abbrev  0x0000087c      0x24a ./Core/Src/eth.o
 .debug_abbrev  0x00000ac6      0x201 ./Core/Src/fdcan.o
 .debug_abbrev  0x00000cc7      0x182 ./Core/Src/gpio.o
 .debug_abbrev  0x00000e49      0x218 ./Core/Src/gun_control.o
 .debug_abbrev  0x00001061      0x245 ./Core/Src/i2c.o
 .debug_abbrev  0x000012a6      0x321 ./Core/Src/main.o
 .debug_abbrev  0x000015c7      0x1f5 ./Core/Src/peripherals.o
 .debug_abbrev  0x000017bc      0x155 ./Core/Src/power_management.o
 .debug_abbrev  0x00001911       0xdb ./Core/Src/stm32h7xx_hal_msp.o
 .debug_abbrev  0x000019ec      0x1ad ./Core/Src/stm32h7xx_it.o
 .debug_abbrev  0x00001b99      0x14c ./Core/Src/system_stm32h7xx.o
 .debug_abbrev  0x00001ce5      0x289 ./Core/Src/tim.o
 .debug_abbrev  0x00001f6e      0x1c4 ./Core/Src/timing.o
 .debug_abbrev  0x00002132      0x270 ./Core/Src/usart.o
 .debug_abbrev  0x000023a2       0x24 ./Core/Startup/startup_stm32h743zitx.o
 .debug_abbrev  0x000023c6      0x295 ./Drivers/STM32H7xx_HAL_Driver/Src/stm32h7xx_hal.o
 .debug_abbrev  0x0000265b      0x2d3 ./Drivers/STM32H7xx_HAL_Driver/Src/stm32h7xx_hal_adc.o
 .debug_abbrev  0x0000292e      0x31b ./Drivers/STM32H7xx_HAL_Driver/Src/stm32h7xx_hal_adc_ex.o
 .debug_abbrev  0x00002c49      0x339 ./Drivers/STM32H7xx_HAL_Driver/Src/stm32h7xx_hal_cortex.o
 .debug_abbrev  0x00002f82      0x248 ./Drivers/STM32H7xx_HAL_Driver/Src/stm32h7xx_hal_dma.o
 .debug_abbrev  0x000031ca      0x347 ./Drivers/STM32H7xx_HAL_Driver/Src/stm32h7xx_hal_eth.o
 .debug_abbrev  0x00003511      0x288 ./Drivers/STM32H7xx_HAL_Driver/Src/stm32h7xx_hal_fdcan.o
 .debug_abbrev  0x00003799      0x1fe ./Drivers/STM32H7xx_HAL_Driver/Src/stm32h7xx_hal_gpio.o
 .debug_abbrev  0x00003997      0x25d ./Drivers/STM32H7xx_HAL_Driver/Src/stm32h7xx_hal_i2c.o
 .debug_abbrev  0x00003bf4      0x1f5 ./Drivers/STM32H7xx_HAL_Driver/Src/stm32h7xx_hal_i2c_ex.o
 .debug_abbrev  0x00003de9      0x2a7 ./Drivers/STM32H7xx_HAL_Driver/Src/stm32h7xx_hal_pwr_ex.o
 .debug_abbrev  0x00004090      0x2c8 ./Drivers/STM32H7xx_HAL_Driver/Src/stm32h7xx_hal_rcc.o
 .debug_abbrev  0x00004358      0x269 ./Drivers/STM32H7xx_HAL_Driver/Src/stm32h7xx_hal_rcc_ex.o
 .debug_abbrev  0x000045c1      0x276 ./Drivers/STM32H7xx_HAL_Driver/Src/stm32h7xx_hal_tim.o
 .debug_abbrev  0x00004837      0x281 ./Drivers/STM32H7xx_HAL_Driver/Src/stm32h7xx_hal_tim_ex.o
 .debug_abbrev  0x00004ab8      0x33d ./Drivers/STM32H7xx_HAL_Driver/Src/stm32h7xx_hal_uart.o
 .debug_abbrev  0x00004df5      0x2d2 ./Drivers/STM32H7xx_HAL_Driver/Src/stm32h7xx_hal_uart_ex.o

.debug_aranges  0x00000000     0x1f30
 .debug_aranges
                0x00000000       0x40 ./Core/Src/adc.o
 .debug_aranges
                0x00000040       0x20 ./Core/Src/bdma.o
 .debug_aranges
                0x00000060       0x58 ./Core/Src/cocking_handle_maingun.o
 .debug_aranges
                0x000000b8       0x20 ./Core/Src/dma.o
 .debug_aranges
                0x000000d8       0x28 ./Core/Src/error.o
 .debug_aranges
                0x00000100       0x30 ./Core/Src/eth.o
 .debug_aranges
                0x00000130       0x30 ./Core/Src/fdcan.o
 .debug_aranges
                0x00000160       0x20 ./Core/Src/gpio.o
 .debug_aranges
                0x00000180       0x40 ./Core/Src/gun_control.o
 .debug_aranges
                0x000001c0       0x30 ./Core/Src/i2c.o
 .debug_aranges
                0x000001f0       0x40 ./Core/Src/main.o
 .debug_aranges
                0x00000230       0x28 ./Core/Src/peripherals.o
 .debug_aranges
                0x00000258       0x28 ./Core/Src/power_management.o
 .debug_aranges
                0x00000280       0x20 ./Core/Src/stm32h7xx_hal_msp.o
 .debug_aranges
                0x000002a0       0x90 ./Core/Src/stm32h7xx_it.o
 .debug_aranges
                0x00000330       0x28 ./Core/Src/system_stm32h7xx.o
 .debug_aranges
                0x00000358       0x58 ./Core/Src/tim.o
 .debug_aranges
                0x000003b0       0x30 ./Core/Src/timing.o
 .debug_aranges
                0x000003e0       0x40 ./Core/Src/usart.o
 .debug_aranges
                0x00000420       0x28 ./Core/Startup/startup_stm32h743zitx.o
 .debug_aranges
                0x00000448      0x198 ./Drivers/STM32H7xx_HAL_Driver/Src/stm32h7xx_hal.o
 .debug_aranges
                0x000005e0      0x228 ./Drivers/STM32H7xx_HAL_Driver/Src/stm32h7xx_hal_adc.o
 .debug_aranges
                0x00000808      0x1d8 ./Drivers/STM32H7xx_HAL_Driver/Src/stm32h7xx_hal_adc_ex.o
 .debug_aranges
                0x000009e0      0x130 ./Drivers/STM32H7xx_HAL_Driver/Src/stm32h7xx_hal_cortex.o
 .debug_aranges
                0x00000b10       0xa0 ./Drivers/STM32H7xx_HAL_Driver/Src/stm32h7xx_hal_dma.o
 .debug_aranges
                0x00000bb0      0x1d8 ./Drivers/STM32H7xx_HAL_Driver/Src/stm32h7xx_hal_eth.o
 .debug_aranges
                0x00000d88      0x338 ./Drivers/STM32H7xx_HAL_Driver/Src/stm32h7xx_hal_fdcan.o
 .debug_aranges
                0x000010c0       0x58 ./Drivers/STM32H7xx_HAL_Driver/Src/stm32h7xx_hal_gpio.o
 .debug_aranges
                0x00001118      0x2a0 ./Drivers/STM32H7xx_HAL_Driver/Src/stm32h7xx_hal_i2c.o
 .debug_aranges
                0x000013b8       0x48 ./Drivers/STM32H7xx_HAL_Driver/Src/stm32h7xx_hal_i2c_ex.o
 .debug_aranges
                0x00001400      0x158 ./Drivers/STM32H7xx_HAL_Driver/Src/stm32h7xx_hal_pwr_ex.o
 .debug_aranges
                0x00001558       0x88 ./Drivers/STM32H7xx_HAL_Driver/Src/stm32h7xx_hal_rcc.o
 .debug_aranges
                0x000015e0       0xf8 ./Drivers/STM32H7xx_HAL_Driver/Src/stm32h7xx_hal_rcc_ex.o
 .debug_aranges
                0x000016d8      0x3e0 ./Drivers/STM32H7xx_HAL_Driver/Src/stm32h7xx_hal_tim.o
 .debug_aranges
                0x00001ab8      0x188 ./Drivers/STM32H7xx_HAL_Driver/Src/stm32h7xx_hal_tim_ex.o
 .debug_aranges
                0x00001c40      0x248 ./Drivers/STM32H7xx_HAL_Driver/Src/stm32h7xx_hal_uart.o
 .debug_aranges
                0x00001e88       0xa8 ./Drivers/STM32H7xx_HAL_Driver/Src/stm32h7xx_hal_uart_ex.o

.debug_rnglists
                0x00000000     0x1868
 .debug_rnglists
                0x00000000       0x30 ./Core/Src/adc.o
 .debug_rnglists
                0x00000030       0x13 ./Core/Src/bdma.o
 .debug_rnglists
                0x00000043       0x3f ./Core/Src/cocking_handle_maingun.o
 .debug_rnglists
                0x00000082       0x13 ./Core/Src/dma.o
 .debug_rnglists
                0x00000095       0x1b ./Core/Src/error.o
 .debug_rnglists
                0x000000b0       0x21 ./Core/Src/eth.o
 .debug_rnglists
                0x000000d1       0x21 ./Core/Src/fdcan.o
 .debug_rnglists
                0x000000f2       0x14 ./Core/Src/gpio.o
 .debug_rnglists
                0x00000106       0x49 ./Core/Src/gun_control.o
 .debug_rnglists
                0x0000014f       0x21 ./Core/Src/i2c.o
 .debug_rnglists
                0x00000170       0x2d ./Core/Src/main.o
 .debug_rnglists
                0x0000019d       0x1a ./Core/Src/peripherals.o
 .debug_rnglists
                0x000001b7       0x1a ./Core/Src/power_management.o
 .debug_rnglists
                0x000001d1       0x13 ./Core/Src/stm32h7xx_hal_msp.o
 .debug_rnglists
                0x000001e4       0x67 ./Core/Src/stm32h7xx_it.o
 .debug_rnglists
                0x0000024b       0x1b ./Core/Src/system_stm32h7xx.o
 .debug_rnglists
                0x00000266       0x43 ./Core/Src/tim.o
 .debug_rnglists
                0x000002a9       0x21 ./Core/Src/timing.o
 .debug_rnglists
                0x000002ca       0x30 ./Core/Src/usart.o
 .debug_rnglists
                0x000002fa       0x19 ./Core/Startup/startup_stm32h743zitx.o
 .debug_rnglists
                0x00000313      0x131 ./Drivers/STM32H7xx_HAL_Driver/Src/stm32h7xx_hal.o
 .debug_rnglists
                0x00000444      0x1a9 ./Drivers/STM32H7xx_HAL_Driver/Src/stm32h7xx_hal_adc.o
 .debug_rnglists
                0x000005ed      0x16f ./Drivers/STM32H7xx_HAL_Driver/Src/stm32h7xx_hal_adc_ex.o
 .debug_rnglists
                0x0000075c       0xe0 ./Drivers/STM32H7xx_HAL_Driver/Src/stm32h7xx_hal_cortex.o
 .debug_rnglists
                0x0000083c       0x82 ./Drivers/STM32H7xx_HAL_Driver/Src/stm32h7xx_hal_dma.o
 .debug_rnglists
                0x000008be      0x176 ./Drivers/STM32H7xx_HAL_Driver/Src/stm32h7xx_hal_eth.o
 .debug_rnglists
                0x00000a34      0x28b ./Drivers/STM32H7xx_HAL_Driver/Src/stm32h7xx_hal_fdcan.o
 .debug_rnglists
                0x00000cbf       0x3f ./Drivers/STM32H7xx_HAL_Driver/Src/stm32h7xx_hal_gpio.o
 .debug_rnglists
                0x00000cfe      0x22a ./Drivers/STM32H7xx_HAL_Driver/Src/stm32h7xx_hal_i2c.o
 .debug_rnglists
                0x00000f28       0x35 ./Drivers/STM32H7xx_HAL_Driver/Src/stm32h7xx_hal_i2c_ex.o
 .debug_rnglists
                0x00000f5d      0x103 ./Drivers/STM32H7xx_HAL_Driver/Src/stm32h7xx_hal_pwr_ex.o
 .debug_rnglists
                0x00001060       0x68 ./Drivers/STM32H7xx_HAL_Driver/Src/stm32h7xx_hal_rcc.o
 .debug_rnglists
                0x000010c8       0xc0 ./Drivers/STM32H7xx_HAL_Driver/Src/stm32h7xx_hal_rcc_ex.o
 .debug_rnglists
                0x00001188      0x328 ./Drivers/STM32H7xx_HAL_Driver/Src/stm32h7xx_hal_tim.o
 .debug_rnglists
                0x000014b0      0x13f ./Drivers/STM32H7xx_HAL_Driver/Src/stm32h7xx_hal_tim_ex.o
 .debug_rnglists
                0x000015ef      0x1fa ./Drivers/STM32H7xx_HAL_Driver/Src/stm32h7xx_hal_uart.o
 .debug_rnglists
                0x000017e9       0x7f ./Drivers/STM32H7xx_HAL_Driver/Src/stm32h7xx_hal_uart_ex.o

.debug_macro    0x00000000    0x3ee59
 .debug_macro   0x00000000      0x33a ./Core/Src/adc.o
 .debug_macro   0x0000033a      0xaf0 ./Core/Src/adc.o
 .debug_macro   0x00000e2a      0x24a ./Core/Src/adc.o
 .debug_macro   0x00001074       0x2e ./Core/Src/adc.o
 .debug_macro   0x000010a2       0x3b ./Core/Src/adc.o
 .debug_macro   0x000010dd       0x22 ./Core/Src/adc.o
 .debug_macro   0x000010ff       0x8e ./Core/Src/adc.o
 .debug_macro   0x0000118d       0x51 ./Core/Src/adc.o
 .debug_macro   0x000011de      0x103 ./Core/Src/adc.o
 .debug_macro   0x000012e1       0x6a ./Core/Src/adc.o
 .debug_macro   0x0000134b      0x1df ./Core/Src/adc.o
 .debug_macro   0x0000152a       0x1c ./Core/Src/adc.o
 .debug_macro   0x00001546       0x22 ./Core/Src/adc.o
 .debug_macro   0x00001568       0xfb ./Core/Src/adc.o
 .debug_macro   0x00001663     0x1305 ./Core/Src/adc.o
 .debug_macro   0x00002968      0x11f ./Core/Src/adc.o
 .debug_macro   0x00002a87       0x27 ./Core/Src/adc.o
 .debug_macro   0x00002aae    0x258f9 ./Core/Src/adc.o
 .debug_macro   0x000283a7       0x6d ./Core/Src/adc.o
 .debug_macro   0x00028414     0x3d79 ./Core/Src/adc.o
 .debug_macro   0x0002c18d      0x190 ./Core/Src/adc.o
 .debug_macro   0x0002c31d       0x61 ./Core/Src/adc.o
 .debug_macro   0x0002c37e       0x29 ./Core/Src/adc.o
 .debug_macro   0x0002c3a7       0x43 ./Core/Src/adc.o
 .debug_macro   0x0002c3ea       0x34 ./Core/Src/adc.o
 .debug_macro   0x0002c41e      0x370 ./Core/Src/adc.o
 .debug_macro   0x0002c78e       0x16 ./Core/Src/adc.o
 .debug_macro   0x0002c7a4       0x4a ./Core/Src/adc.o
 .debug_macro   0x0002c7ee       0x34 ./Core/Src/adc.o
 .debug_macro   0x0002c822       0x10 ./Core/Src/adc.o
 .debug_macro   0x0002c832       0x58 ./Core/Src/adc.o
 .debug_macro   0x0002c88a       0x8e ./Core/Src/adc.o
 .debug_macro   0x0002c918       0x1c ./Core/Src/adc.o
 .debug_macro   0x0002c934      0x185 ./Core/Src/adc.o
 .debug_macro   0x0002cab9      0x19b ./Core/Src/adc.o
 .debug_macro   0x0002cc54       0x5d ./Core/Src/adc.o
 .debug_macro   0x0002ccb1     0x2382 ./Core/Src/adc.o
 .debug_macro   0x0002f033     0x102c ./Core/Src/adc.o
 .debug_macro   0x0003005f      0x154 ./Core/Src/adc.o
 .debug_macro   0x000301b3      0x114 ./Core/Src/adc.o
 .debug_macro   0x000302c7      0x3b6 ./Core/Src/adc.o
 .debug_macro   0x0003067d       0xac ./Core/Src/adc.o
 .debug_macro   0x00030729      0x72d ./Core/Src/adc.o
 .debug_macro   0x00030e56      0x228 ./Core/Src/adc.o
 .debug_macro   0x0003107e       0x66 ./Core/Src/adc.o
 .debug_macro   0x000310e4      0x3bb ./Core/Src/adc.o
 .debug_macro   0x0003149f      0xa80 ./Core/Src/adc.o
 .debug_macro   0x00031f1f      0x129 ./Core/Src/adc.o
 .debug_macro   0x00032048      0x3e4 ./Core/Src/adc.o
 .debug_macro   0x0003242c      0x275 ./Core/Src/adc.o
 .debug_macro   0x000326a1     0x1044 ./Core/Src/adc.o
 .debug_macro   0x000336e5      0x6cc ./Core/Src/adc.o
 .debug_macro   0x00033db1      0x36e ./Core/Src/adc.o
 .debug_macro   0x0003411f      0xe42 ./Core/Src/adc.o
 .debug_macro   0x00034f61      0x3ca ./Core/Src/adc.o
 .debug_macro   0x0003532b      0x408 ./Core/Src/adc.o
 .debug_macro   0x00035733       0x51 ./Core/Src/adc.o
 .debug_macro   0x00035784       0x4a ./Core/Src/adc.o
 .debug_macro   0x000357ce      0x22c ./Core/Src/adc.o
 .debug_macro   0x000359fa       0x67 ./Core/Src/adc.o
 .debug_macro   0x00035a61       0xa5 ./Core/Src/adc.o
 .debug_macro   0x00035b06      0x1c4 ./Core/Src/adc.o
 .debug_macro   0x00035cca      0x25e ./Core/Src/adc.o
 .debug_macro   0x00035f28       0x35 ./Core/Src/adc.o
 .debug_macro   0x00035f5d      0xafa ./Core/Src/adc.o
 .debug_macro   0x00036a57      0x29f ./Core/Src/adc.o
 .debug_macro   0x00036cf6      0x693 ./Core/Src/adc.o
 .debug_macro   0x00037389       0xa6 ./Core/Src/adc.o
 .debug_macro   0x0003742f      0x5a0 ./Core/Src/adc.o
 .debug_macro   0x000379cf       0x22 ./Core/Src/adc.o
 .debug_macro   0x000379f1       0x16 ./Core/Src/adc.o
 .debug_macro   0x00037a07       0x3c ./Core/Src/adc.o
 .debug_macro   0x00037a43       0x20 ./Core/Src/adc.o
 .debug_macro   0x00037a63      0x262 ./Core/Src/adc.o
 .debug_macro   0x00037cc5      0x33a ./Core/Src/bdma.o
 .debug_macro   0x00037fff      0x35c ./Core/Src/cocking_handle_maingun.o
 .debug_macro   0x0003835b      0x33a ./Core/Src/dma.o
 .debug_macro   0x00038695      0x352 ./Core/Src/error.o
 .debug_macro   0x000389e7      0x12a ./Core/Src/error.o
 .debug_macro   0x00038b11       0x3a ./Core/Src/error.o
 .debug_macro   0x00038b4b      0x33a ./Core/Src/eth.o
 .debug_macro   0x00038e85      0x33a ./Core/Src/fdcan.o
 .debug_macro   0x000391bf      0x33a ./Core/Src/gpio.o
 .debug_macro   0x000394f9      0x35c ./Core/Src/gun_control.o
 .debug_macro   0x00039855      0x33a ./Core/Src/i2c.o
 .debug_macro   0x00039b8f      0x3f2 ./Core/Src/main.o
 .debug_macro   0x00039f81      0x352 ./Core/Src/peripherals.o
 .debug_macro   0x0003a2d3      0x35b ./Core/Src/power_management.o
 .debug_macro   0x0003a62e      0x330 ./Core/Src/stm32h7xx_hal_msp.o
 .debug_macro   0x0003a95e      0x33a ./Core/Src/stm32h7xx_it.o
 .debug_macro   0x0003ac98      0x2e8 ./Core/Src/system_stm32h7xx.o
 .debug_macro   0x0003af80      0x33a ./Core/Src/tim.o
 .debug_macro   0x0003b2ba      0x370 ./Core/Src/timing.o
 .debug_macro   0x0003b62a      0x33a ./Core/Src/usart.o
 .debug_macro   0x0003b964      0x312 ./Drivers/STM32H7xx_HAL_Driver/Src/stm32h7xx_hal.o
 .debug_macro   0x0003bc76      0x30c ./Drivers/STM32H7xx_HAL_Driver/Src/stm32h7xx_hal_adc.o
 .debug_macro   0x0003bf82      0x2f4 ./Drivers/STM32H7xx_HAL_Driver/Src/stm32h7xx_hal_adc_ex.o
 .debug_macro   0x0003c276      0x2e8 ./Drivers/STM32H7xx_HAL_Driver/Src/stm32h7xx_hal_cortex.o
 .debug_macro   0x0003c55e      0x33c ./Drivers/STM32H7xx_HAL_Driver/Src/stm32h7xx_hal_dma.o
 .debug_macro   0x0003c89a      0x37c ./Drivers/STM32H7xx_HAL_Driver/Src/stm32h7xx_hal_eth.o
 .debug_macro   0x0003cc16      0x3ad ./Drivers/STM32H7xx_HAL_Driver/Src/stm32h7xx_hal_fdcan.o
 .debug_macro   0x0003cfc3      0x2ef ./Drivers/STM32H7xx_HAL_Driver/Src/stm32h7xx_hal_gpio.o
 .debug_macro   0x0003d2b2      0x3b4 ./Drivers/STM32H7xx_HAL_Driver/Src/stm32h7xx_hal_i2c.o
 .debug_macro   0x0003d666      0x2e8 ./Drivers/STM32H7xx_HAL_Driver/Src/stm32h7xx_hal_i2c_ex.o
 .debug_macro   0x0003d94e      0x321 ./Drivers/STM32H7xx_HAL_Driver/Src/stm32h7xx_hal_pwr_ex.o
 .debug_macro   0x0003dc6f      0x30c ./Drivers/STM32H7xx_HAL_Driver/Src/stm32h7xx_hal_rcc.o
 .debug_macro   0x0003df7b      0x306 ./Drivers/STM32H7xx_HAL_Driver/Src/stm32h7xx_hal_rcc_ex.o
 .debug_macro   0x0003e281      0x2e9 ./Drivers/STM32H7xx_HAL_Driver/Src/stm32h7xx_hal_tim.o
 .debug_macro   0x0003e56a      0x2e8 ./Drivers/STM32H7xx_HAL_Driver/Src/stm32h7xx_hal_tim_ex.o
 .debug_macro   0x0003e852      0x313 ./Drivers/STM32H7xx_HAL_Driver/Src/stm32h7xx_hal_uart.o
 .debug_macro   0x0003eb65      0x2f4 ./Drivers/STM32H7xx_HAL_Driver/Src/stm32h7xx_hal_uart_ex.o

.debug_line     0x00000000    0x2e3e3
 .debug_line    0x00000000      0xc3d ./Core/Src/adc.o
 .debug_line    0x00000c3d      0x9a8 ./Core/Src/bdma.o
 .debug_line    0x000015e5      0xbd1 ./Core/Src/cocking_handle_maingun.o
 .debug_line    0x000021b6      0x9a8 ./Core/Src/dma.o
 .debug_line    0x00002b5e      0xaee ./Core/Src/error.o
 .debug_line    0x0000364c      0xa4d ./Core/Src/eth.o
 .debug_line    0x00004099      0xa5f ./Core/Src/fdcan.o
 .debug_line    0x00004af8      0x9ee ./Core/Src/gpio.o
 .debug_line    0x000054e6      0xc9d ./Core/Src/gun_control.o
 .debug_line    0x00006183      0xa49 ./Core/Src/i2c.o
 .debug_line    0x00006bcc      0xd23 ./Core/Src/main.o
 .debug_line    0x000078ef      0xab0 ./Core/Src/peripherals.o
 .debug_line    0x0000839f      0xa74 ./Core/Src/power_management.o
 .debug_line    0x00008e13      0x9aa ./Core/Src/stm32h7xx_hal_msp.o
 .debug_line    0x000097bd      0xae9 ./Core/Src/stm32h7xx_it.o
 .debug_line    0x0000a2a6      0xb29 ./Core/Src/system_stm32h7xx.o
 .debug_line    0x0000adcf      0xbea ./Core/Src/tim.o
 .debug_line    0x0000b9b9      0xb59 ./Core/Src/timing.o
 .debug_line    0x0000c512      0xbbe ./Core/Src/usart.o
 .debug_line    0x0000d0d0       0x7a ./Core/Startup/startup_stm32h743zitx.o
 .debug_line    0x0000d14a      0xf43 ./Drivers/STM32H7xx_HAL_Driver/Src/stm32h7xx_hal.o
 .debug_line    0x0000e08d     0x240a ./Drivers/STM32H7xx_HAL_Driver/Src/stm32h7xx_hal_adc.o
 .debug_line    0x00010497     0x1fc2 ./Drivers/STM32H7xx_HAL_Driver/Src/stm32h7xx_hal_adc_ex.o
 .debug_line    0x00012459      0xf2d ./Drivers/STM32H7xx_HAL_Driver/Src/stm32h7xx_hal_cortex.o
 .debug_line    0x00013386     0x28c4 ./Drivers/STM32H7xx_HAL_Driver/Src/stm32h7xx_hal_dma.o
 .debug_line    0x00015c4a     0x1c80 ./Drivers/STM32H7xx_HAL_Driver/Src/stm32h7xx_hal_eth.o
 .debug_line    0x000178ca     0x29ce ./Drivers/STM32H7xx_HAL_Driver/Src/stm32h7xx_hal_fdcan.o
 .debug_line    0x0001a298      0xdcc ./Drivers/STM32H7xx_HAL_Driver/Src/stm32h7xx_hal_gpio.o
 .debug_line    0x0001b064     0x3c7f ./Drivers/STM32H7xx_HAL_Driver/Src/stm32h7xx_hal_i2c.o
 .debug_line    0x0001ece3      0xad1 ./Drivers/STM32H7xx_HAL_Driver/Src/stm32h7xx_hal_i2c_ex.o
 .debug_line    0x0001f7b4     0x10c7 ./Drivers/STM32H7xx_HAL_Driver/Src/stm32h7xx_hal_pwr_ex.o
 .debug_line    0x0002087b     0x15ea ./Drivers/STM32H7xx_HAL_Driver/Src/stm32h7xx_hal_rcc.o
 .debug_line    0x00021e65     0x1e72 ./Drivers/STM32H7xx_HAL_Driver/Src/stm32h7xx_hal_rcc_ex.o
 .debug_line    0x00023cd7     0x409f ./Drivers/STM32H7xx_HAL_Driver/Src/stm32h7xx_hal_tim.o
 .debug_line    0x00027d76     0x1e09 ./Drivers/STM32H7xx_HAL_Driver/Src/stm32h7xx_hal_tim_ex.o
 .debug_line    0x00029b7f     0x398b ./Drivers/STM32H7xx_HAL_Driver/Src/stm32h7xx_hal_uart.o
 .debug_line    0x0002d50a      0xed9 ./Drivers/STM32H7xx_HAL_Driver/Src/stm32h7xx_hal_uart_ex.o

.debug_str      0x00000000   0x18ae93
 .debug_str     0x00000000   0x18ae93 ./Core/Src/adc.o
                             0x17e0af (size before relaxing)
 .debug_str     0x0018ae93   0x17e074 ./Core/Src/bdma.o
 .debug_str     0x0018ae93   0x17f141 ./Core/Src/cocking_handle_maingun.o
 .debug_str     0x0018ae93   0x17e071 ./Core/Src/dma.o
 .debug_str     0x0018ae93   0x17e308 ./Core/Src/error.o
 .debug_str     0x0018ae93   0x17e356 ./Core/Src/eth.o
 .debug_str     0x0018ae93   0x17e18c ./Core/Src/fdcan.o
 .debug_str     0x0018ae93   0x17d8f0 ./Core/Src/gpio.o
 .debug_str     0x0018ae93   0x17eb2c ./Core/Src/gun_control.o
 .debug_str     0x0018ae93   0x17e298 ./Core/Src/i2c.o
 .debug_str     0x0018ae93   0x18033f ./Core/Src/main.o
 .debug_str     0x0018ae93   0x17eb33 ./Core/Src/peripherals.o
 .debug_str     0x0018ae93   0x17ea03 ./Core/Src/power_management.o
 .debug_str     0x0018ae93   0x17d825 ./Core/Src/stm32h7xx_hal_msp.o
 .debug_str     0x0018ae93   0x17dda5 ./Core/Src/stm32h7xx_it.o
 .debug_str     0x0018ae93   0x17ce6a ./Core/Src/system_stm32h7xx.o
 .debug_str     0x0018ae93   0x17ea1b ./Core/Src/tim.o
 .debug_str     0x0018ae93   0x17ea20 ./Core/Src/timing.o
 .debug_str     0x0018ae93   0x17e2cc ./Core/Src/usart.o
 .debug_str     0x0018ae93       0x74 ./Core/Startup/startup_stm32h743zitx.o
 .debug_str     0x0018ae93   0x17dd80 ./Drivers/STM32H7xx_HAL_Driver/Src/stm32h7xx_hal.o