Archive member included to satisfy reference by file (symbol)

C:/ST/STM32CubeIDE_1.14.1/STM32CubeIDE/plugins/com.st.stm32cube.ide.mcu.externaltools.gnu-tools-for-stm32.11.3.rel1.win32_1.1.100.202309141235/tools/bin/../lib/gcc/arm-none-eabi/11.3.1/../../../../arm-none-eabi/lib/thumb/v7e-m+dp/hard\libc_nano.a(libc_a-exit.o)
                              C:/ST/STM32CubeIDE_1.14.1/STM32CubeIDE/plugins/com.st.stm32cube.ide.mcu.externaltools.gnu-tools-for-stm32.11.3.rel1.win32_1.1.100.202309141235/tools/bin/../lib/gcc/arm-none-eabi/11.3.1/../../../../arm-none-eabi/lib/thumb/v7e-m+dp/hard/crt0.o (exit)
C:/ST/STM32CubeIDE_1.14.1/STM32CubeIDE/plugins/com.st.stm32cube.ide.mcu.externaltools.gnu-tools-for-stm32.11.3.rel1.win32_1.1.100.202309141235/tools/bin/../lib/gcc/arm-none-eabi/11.3.1/../../../../arm-none-eabi/lib/thumb/v7e-m+dp/hard\libc_nano.a(libc_a-findfp.o)
                              C:/ST/STM32CubeIDE_1.14.1/STM32CubeIDE/plugins/com.st.stm32cube.ide.mcu.externaltools.gnu-tools-for-stm32.11.3.rel1.win32_1.1.100.202309141235/tools/bin/../lib/gcc/arm-none-eabi/11.3.1/../../../../arm-none-eabi/lib/thumb/v7e-m+dp/hard\libc_nano.a(libc_a-exit.o) (__stdio_exit_handler)
C:/ST/STM32CubeIDE_1.14.1/STM32CubeIDE/plugins/com.st.stm32cube.ide.mcu.externaltools.gnu-tools-for-stm32.11.3.rel1.win32_1.1.100.202309141235/tools/bin/../lib/gcc/arm-none-eabi/11.3.1/../../../../arm-none-eabi/lib/thumb/v7e-m+dp/hard\libc_nano.a(libc_a-fwalk.o)
                              C:/ST/STM32CubeIDE_1.14.1/STM32CubeIDE/plugins/com.st.stm32cube.ide.mcu.externaltools.gnu-tools-for-stm32.11.3.rel1.win32_1.1.100.202309141235/tools/bin/../lib/gcc/arm-none-eabi/11.3.1/../../../../arm-none-eabi/lib/thumb/v7e-m+dp/hard\libc_nano.a(libc_a-findfp.o) (_fwalk_sglue)
C:/ST/STM32CubeIDE_1.14.1/STM32CubeIDE/plugins/com.st.stm32cube.ide.mcu.externaltools.gnu-tools-for-stm32.11.3.rel1.win32_1.1.100.202309141235/tools/bin/../lib/gcc/arm-none-eabi/11.3.1/../../../../arm-none-eabi/lib/thumb/v7e-m+dp/hard\libc_nano.a(libc_a-stdio.o)
                              C:/ST/STM32CubeIDE_1.14.1/STM32CubeIDE/plugins/com.st.stm32cube.ide.mcu.externaltools.gnu-tools-for-stm32.11.3.rel1.win32_1.1.100.202309141235/tools/bin/../lib/gcc/arm-none-eabi/11.3.1/../../../../arm-none-eabi/lib/thumb/v7e-m+dp/hard\libc_nano.a(libc_a-findfp.o) (__sread)
C:/ST/STM32CubeIDE_1.14.1/STM32CubeIDE/plugins/com.st.stm32cube.ide.mcu.externaltools.gnu-tools-for-stm32.11.3.rel1.win32_1.1.100.202309141235/tools/bin/../lib/gcc/arm-none-eabi/11.3.1/../../../../arm-none-eabi/lib/thumb/v7e-m+dp/hard\libc_nano.a(libc_a-memset.o)
                              C:/ST/STM32CubeIDE_1.14.1/STM32CubeIDE/plugins/com.st.stm32cube.ide.mcu.externaltools.gnu-tools-for-stm32.11.3.rel1.win32_1.1.100.202309141235/tools/bin/../lib/gcc/arm-none-eabi/11.3.1/../../../../arm-none-eabi/lib/thumb/v7e-m+dp/hard/crt0.o (memset)
C:/ST/STM32CubeIDE_1.14.1/STM32CubeIDE/plugins/com.st.stm32cube.ide.mcu.externaltools.gnu-tools-for-stm32.11.3.rel1.win32_1.1.100.202309141235/tools/bin/../lib/gcc/arm-none-eabi/11.3.1/../../../../arm-none-eabi/lib/thumb/v7e-m+dp/hard\libc_nano.a(libc_a-closer.o)
                              C:/ST/STM32CubeIDE_1.14.1/STM32CubeIDE/plugins/com.st.stm32cube.ide.mcu.externaltools.gnu-tools-for-stm32.11.3.rel1.win32_1.1.100.202309141235/tools/bin/../lib/gcc/arm-none-eabi/11.3.1/../../../../arm-none-eabi/lib/thumb/v7e-m+dp/hard\libc_nano.a(libc_a-stdio.o) (_close_r)
C:/ST/STM32CubeIDE_1.14.1/STM32CubeIDE/plugins/com.st.stm32cube.ide.mcu.externaltools.gnu-tools-for-stm32.11.3.rel1.win32_1.1.100.202309141235/tools/bin/../lib/gcc/arm-none-eabi/11.3.1/../../../../arm-none-eabi/lib/thumb/v7e-m+dp/hard\libc_nano.a(libc_a-reent.o)
                              C:/ST/STM32CubeIDE_1.14.1/STM32CubeIDE/plugins/com.st.stm32cube.ide.mcu.externaltools.gnu-tools-for-stm32.11.3.rel1.win32_1.1.100.202309141235/tools/bin/../lib/gcc/arm-none-eabi/11.3.1/../../../../arm-none-eabi/lib/thumb/v7e-m+dp/hard\libc_nano.a(libc_a-closer.o) (errno)
C:/ST/STM32CubeIDE_1.14.1/STM32CubeIDE/plugins/com.st.stm32cube.ide.mcu.externaltools.gnu-tools-for-stm32.11.3.rel1.win32_1.1.100.202309141235/tools/bin/../lib/gcc/arm-none-eabi/11.3.1/../../../../arm-none-eabi/lib/thumb/v7e-m+dp/hard\libc_nano.a(libc_a-impure.o)
                              C:/ST/STM32CubeIDE_1.14.1/STM32CubeIDE/plugins/com.st.stm32cube.ide.mcu.externaltools.gnu-tools-for-stm32.11.3.rel1.win32_1.1.100.202309141235/tools/bin/../lib/gcc/arm-none-eabi/11.3.1/../../../../arm-none-eabi/lib/thumb/v7e-m+dp/hard\libc_nano.a(libc_a-reent.o) (_impure_ptr)
C:/ST/STM32CubeIDE_1.14.1/STM32CubeIDE/plugins/com.st.stm32cube.ide.mcu.externaltools.gnu-tools-for-stm32.11.3.rel1.win32_1.1.100.202309141235/tools/bin/../lib/gcc/arm-none-eabi/11.3.1/../../../../arm-none-eabi/lib/thumb/v7e-m+dp/hard\libc_nano.a(libc_a-lseekr.o)
[...]
Memory Configuration

Name             Origin             Length             Attributes
FLASH            0x0000000008000000 0x0000000000200000 xr
DTCMRAM          0x0000000020000000 0x0000000000020000 xrw
RAM_D1           0x0000000024000000 0x0000000000080000 xrw
RAM_D2           0x0000000030000000 0x0000000000048000 xrw
RAM_D3           0x0000000038000000 0x0000000000010000 xrw
ITCMRAM          0x0000000000000000 0x0000000000010000 xrw
*default*        0x0000000000000000 0xffffffffffffffff

Linker script and memory map

LOAD C:/ST/STM32CubeIDE_1.14.1/STM32CubeIDE/plugins/com.st.stm32cube.ide.mcu.externaltools.gnu-tools-for-stm32.11.3.rel1.win32_1.1.100.202309141235/tools/bin/../lib/gcc/arm-none-eabi/11.3.1/thumb/v7e-m+dp/hard/crti.o
LOAD C:/ST/STM32CubeIDE_1.14.1/STM32CubeIDE/plugins/com.st.stm32cube.ide.mcu.externaltools.gnu-tools-for-stm32.11.3.rel1.win32_1.1.100.202309141235/tools/bin/../lib/gcc/arm-none-eabi/11.3.1/thumb/v7e-m+dp/hard/crtbegin.o
LOAD C:/ST/STM32CubeIDE_1.14.1/STM32CubeIDE/plugins/com.st.stm32cube.ide.mcu.externaltools.gnu-tools-for-stm32.11.3.rel1.win32_1.1.100.202309141235/tools/bin/../lib/gcc/arm-none-eabi/11.3.1/../../../../arm-none-eabi/lib/thumb/v7e-m+dp/hard/crt0.o
LOAD ./Core/Src/adc.o
LOAD ./Core/Src/bdma.o
LOAD ./Core/Src/can_messages.o
LOAD ./Core/Src/cocking_handle_maingun.o
LOAD ./Core/Src/dma.o
LOAD ./Core/Src/error.o
LOAD ./Core/Src/eth.o
LOAD ./Core/Src/fdcan.o
LOAD ./Core/Src/flash.o
LOAD ./Core/Src/functions.o
LOAD ./Core/Src/gpio.o
LOAD ./Core/Src/gun_control.o
LOAD ./Core/Src/i2c.o
LOAD ./Core/Src/main.o
LOAD ./Core/Src/peripherals.o
LOAD ./Core/Src/power_management.o
LOAD ./Core/Src/stm32h7xx_hal_msp.o
LOAD ./Core/Src/stm32h7xx_it.o
LOAD ./Core/Src/syscalls.o
LOAD ./Core/Src/sysmem.o
LOAD ./Core/Src/system_stm32h7xx.o
LOAD ./Core/Src/tim.o
LOAD ./Core/Src/timing.o
LOAD ./Core/Src/usart.o
LOAD ./Core/Startup/startup_stm32h743zitx.o
LOAD ./Drivers/STM32H7xx_HAL_Driver/Src/stm32h7xx_hal.o
LOAD ./Drivers/STM32H7xx_HAL_Driver/Src/stm32h7xx_hal_adc.o
LOAD ./Drivers/STM32H7xx_HAL_Driver/Src/stm32h7xx_hal_adc_ex.o
LOAD ./Drivers/STM32H7xx_HAL_Driver/Src/stm32h7xx_hal_cortex.o
LOAD ./Drivers/STM32H7xx_HAL_Driver/Src/stm32h7xx_hal_dma.o
LOAD ./Drivers/STM32H7xx_HAL_Driver/Src/stm32h7xx_hal_dma_ex.o
LOAD ./Drivers/STM32H7xx_HAL_Driver/Src/stm32h7xx_hal_eth.o
LOAD ./Drivers/STM32H7xx_HAL_Driver/Src/stm32h7xx_hal_eth_ex.o
LOAD ./Drivers/STM32H7xx_HAL_Driver/Src/stm32h7xx_hal_exti.o
LOAD ./Drivers/STM32H7xx_HAL_Driver/Src/stm32h7xx_hal_fdcan.o
LOAD ./Drivers/STM32H7xx_HAL_Driver/Src/stm32h7xx_hal_flash.o
LOAD ./Drivers/STM32H7xx_HAL_Driver/Src/stm32h7xx_hal_flash_ex.o
LOAD ./Drivers/STM32H7xx_HAL_Driver/Src/stm32h7xx_hal_gpio.o
LOAD ./Drivers/STM32H7xx_HAL_Driver/Src/stm32h7xx_hal_hsem.o
LOAD ./Drivers/STM32H7xx_HAL_Driver/Src/stm32h7xx_hal_i2c.o
LOAD ./Drivers/STM32H7xx_HAL_Driver/Src/stm32h7xx_hal_i2c_ex.o
LOAD ./Drivers/STM32H7xx_HAL_Driver/Src/stm32h7xx_hal_mdma.o
LOAD ./Drivers/STM32H7xx_HAL_Driver/Src/stm32h7xx_hal_pwr.o
LOAD ./Drivers/STM32H7xx_HAL_Driver/Src/stm32h7xx_hal_pwr_ex.o
LOAD ./Drivers/STM32H7xx_HAL_Driver/Src/stm32h7xx_hal_rcc.o
LOAD ./Drivers/STM32H7xx_HAL_Driver/Src/stm32h7xx_hal_rcc_ex.o
LOAD ./Drivers/STM32H7xx_HAL_Driver/Src/stm32h7xx_hal_tim.o
LOAD ./Drivers/STM32H7xx_HAL_Driver/Src/stm32h7xx_hal_tim_ex.o
LOAD ./Drivers/STM32H7xx_HAL_Driver/Src/stm32h7xx_hal_uart.o
LOAD ./Drivers/STM32H7xx_HAL_Driver/Src/stm32h7xx_hal_uart_ex.o
START GROUP
LOAD C:/ST/STM32CubeIDE_1.14.1/STM32CubeIDE/plugins/com.st.stm32cube.ide.mcu.externaltools.gnu-tools-for-stm32.11.3.rel1.win32_1.1.100.202309141235/tools/bin/../lib/gcc/arm-none-eabi/11.3.1/../../../../arm-none-eabi/lib/thumb/v7e-m+dp/hard\libc_nano.a
LOAD C:/ST/STM32CubeIDE_1.14.1/STM32CubeIDE/plugins/com.st.stm32cube.ide.mcu.externaltools.gnu-tools-for-stm32.11.3.rel1.win32_1.1.100.202309141235/tools/bin/../lib/gcc/arm-none-eabi/11.3.1/../../../../arm-none-eabi/lib/thumb/v7e-m+dp/hard\libm.a
END GROUP
START GROUP
LOAD C:/ST/STM32CubeIDE_1.14.1/STM32CubeIDE/plugins/com.st.stm32cube.ide.mcu.externaltools.gnu-tools-for-stm32.11.3.rel1.win32_1.1.100.202309141235/tools/bin/../lib/gcc/arm-none-eabi/11.3.1/thumb/v7e-m+dp/hard\libgcc.a
LOAD C:/ST/STM32CubeIDE_1.14.1/STM32CubeIDE/plugins/com.st.stm32cube.ide.mcu.externaltools.gnu-tools-for-stm32.11.3.rel1.win32_1.1.100.202309141235/tools/bin/../lib/gcc/arm-none-eabi/11.3.1/../../../../arm-none-eabi/lib/thumb/v7e-m+dp/hard\libc_nano.a
END GROUP
START GROUP
LOAD C:/ST/STM32CubeIDE_1.14.1/STM32CubeIDE/plugins/com.st.stm32cube.ide.mcu.externaltools.gnu-tools-for-stm32.11.3.rel1.win32_1.1.100.202309141235/tools/bin/../lib/gcc/arm-none-eabi/11.3.1/thumb/v7e-m+dp/hard\libgcc.a
LOAD C:/ST/STM32CubeIDE_1.14.1/STM32CubeIDE/plugins/com.st.stm32cube.ide.mcu.externaltools.gnu-tools-for-stm32.11.3.rel1.win32_1.1.100.202309141235/tools/bin/../lib/gcc/arm-none-eabi/11.3.1/../../../../arm-none-eabi/lib/thumb/v7e-m+dp/hard\libc_nano.a
LOAD C:/ST/STM32CubeIDE_1.14.1/STM32CubeIDE/plugins/com.st.stm32cube.ide.mcu.externaltools.gnu-tools-for-stm32.11.3.rel1.win32_1.1.100.202309141235/tools/bin/../lib/gcc/arm-none-eabi/11.3.1/../../../../arm-none-eabi/lib/thumb/v7e-m+dp/hard\libnosys.a
END GROUP
START GROUP
LOAD C:/ST/STM32CubeIDE_1.14.1/STM32CubeIDE/plugins/com.st.stm32cube.ide.mcu.externaltools.gnu-tools-for-stm32.11.3.rel1.win32_1.1.100.202309141235/tools/bin/../lib/gcc/arm-none-eabi/11.3.1/thumb/v7e-m+dp/hard\libgcc.a
LOAD C:/ST/STM32CubeIDE_1.14.1/STM32CubeIDE/plugins/com.st.stm32cube.ide.mcu.externaltools.gnu-tools-for-stm32.11.3.rel1.win32_1.1.100.202309141235/tools/bin/../lib/gcc/arm-none-eabi/11.3.1/../../../../arm-none-eabi/lib/thumb/v7e-m+dp/hard\libc_nano.a
LOAD C:/ST/STM32CubeIDE_1.14.1/STM32CubeIDE/plugins/com.st.stm32cube.ide.mcu.externaltools.gnu-tools-for-stm32.11.3.rel1.win32_1.1.100.202309141235/tools/bin/../lib/gcc/arm-none-eabi/11.3.1/../../../../arm-none-eabi/lib/thumb/v7e-m+dp/hard\libnosys.a
END GROUP
LOAD C:/ST/STM32CubeIDE_1.14.1/STM32CubeIDE/plugins/com.st.stm32cube.ide.mcu.externaltools.gnu-tools-for-stm32.11.3.rel1.win32_1.1.100.202309141235/tools/bin/../lib/gcc/arm-none-eabi/11.3.1/thumb/v7e-m+dp/hard/crtend.o
LOAD C:/ST/STM32CubeIDE_1.14.1/STM32CubeIDE/plugins/com.st.stm32cube.ide.mcu.externaltools.gnu-tools-for-stm32.11.3.rel1.win32_1.1.100.202309141235/tools/bin/../lib/gcc/arm-none-eabi/11.3.1/thumb/v7e-m+dp/hard/crtn.o
                0x0000000024080000                _estack = (ORIGIN (RAM_D1) + LENGTH (RAM_D1))
                0x0000000000000200                _Min_Heap_Size = 0x200
                0x0000000000000400                _Min_Stack_Size = 0x400

.isr_vector     0x0000000008000000      0x298
                0x0000000008000000                . = ALIGN (0x4)
 *(.isr_vector)
 .isr_vector    0x0000000008000000      0x298 ./Core/Startup/startup_stm32h743zitx.o
                0x0000000008000000                g_pfnVectors
                0x0000000008000298                . = ALIGN (0x4)

.text           0x0000000008000298     0xd5d0
                0x0000000008000298                . = ALIGN (0x4)
 *(.text)
 .text          0x0000000008000298       0x40 C:/ST/STM32CubeIDE_1.14.1/STM32CubeIDE/plugins/com.st.stm32cube.ide.mcu.externaltools.gnu-tools-for-stm32.11.3.rel1.win32_1.1.100.202309141235/tools/bin/../lib/gcc/arm-none-eabi/11.3.1/thumb/v7e-m+dp/hard/crtbegin.o
 .text          0x00000000080002d8       0x30 C:/ST/STM32CubeIDE_1.14.1/STM32CubeIDE/plugins/com.st.stm32cube.ide.mcu.externaltools.gnu-tools-for-stm32.11.3.rel1.win32_1.1.100.202309141235/tools/bin/../lib/gcc/arm-none-eabi/11.3.1/thumb/v7e-m+dp/hard\libgcc.a(_aeabi_uldivmod.o)
                0x00000000080002d8                __aeabi_uldivmod
 .text          0x0000000008000308      0x2c8 C:/ST/STM32CubeIDE_1.14.1/STM32CubeIDE/plugins/com.st.stm32cube.ide.mcu.externaltools.gnu-tools-for-stm32.11.3.rel1.win32_1.1.100.202309141235/tools/bin/../lib/gcc/arm-none-eabi/11.3.1/thumb/v7e-m+dp/hard\libgcc.a(_udivmoddi4.o)
                0x0000000008000308                __udivmoddi4
 .text          0x00000000080005d0        0x4 C:/ST/STM32CubeIDE_1.14.1/STM32CubeIDE/plugins/com.st.stm32cube.ide.mcu.externaltools.gnu-tools-for-stm32.11.3.rel1.win32_1.1.100.202309141235/tools/bin/../lib/gcc/arm-none-eabi/11.3.1/thumb/v7e-m+dp/hard\libgcc.a(_dvmd_tls.o)
                0x00000000080005d0                __aeabi_idiv0
                0x00000000080005d0                __aeabi_ldiv0
 *(.text*)
 .text.MX_ADC1_Init
                0x00000000080005d4       0xf0 ./Core/Src/adc.o
                0x00000000080005d4                MX_ADC1_Init
 .text.MX_ADC2_Init
                0x00000000080006c4       0xcc ./Core/Src/adc.o
                0x00000000080006c4                MX_ADC2_Init
 .text.MX_ADC3_Init
                0x0000000008000790       0xcc ./Core/Src/adc.o
                0x0000000008000790                MX_ADC3_Init
 .text.HAL_ADC_MspInit
                0x000000000800085c      0x2b4 ./Core/Src/adc.o
                0x000000000800085c                HAL_ADC_MspInit
 .text.MX_BDMA_Init
                0x0000000008000b10       0x40 ./Core/Src/bdma.o
                0x0000000008000b10                MX_BDMA_Init
 .text.functionCockingMotorDrive
                0x0000000008000b50       0x64 ./Core/Src/cocking_handle_maingun.o
                0x0000000008000b50                functionCockingMotorDrive
 .text.functionCockingMotorBrake
                0x0000000008000bb4       0x54 ./Core/Src/cocking_handle_maingun.o
                0x0000000008000bb4                functionCockingMotorBrake
 .text.functionCockingMotorStop
                0x0000000008000c08       0x2c ./Core/Src/cocking_handle_maingun.o
                0x0000000008000c08                functionCockingMotorStop
 .text.functionCockingHandleGoSafe
                0x0000000008000c34       0x84 ./Core/Src/cocking_handle_maingun.o
                0x0000000008000c34                functionCockingHandleGoSafe
 .text.functionCockingHandleGoArm
                0x0000000008000cb8       0xb4 ./Core/Src/cocking_handle_maingun.o
                0x0000000008000cb8                functionCockingHandleGoArm
 .text.functionCountEncoderPulse
                0x0000000008000d6c       0x2c ./Core/Src/cocking_handle_maingun.o
                0x0000000008000d6c                functionCountEncoderPulse
 .text.functionEncoderRead
                0x0000000008000d98       0x7c ./Core/Src/cocking_handle_maingun.o
                0x0000000008000d98                functionEncoderRead
 .text.MX_DMA_Init
                0x0000000008000e14       0x50 ./Core/Src/dma.o
                0x0000000008000e14                MX_DMA_Init
 .text.functionErrorCurrentVoltageCheck
                0x0000000008000e64       0xc8 ./Core/Src/error.o
                0x0000000008000e64                functionErrorCurrentVoltageCheck
 .text.functionErrorMosfetCheck
                0x0000000008000f2c      0x130 ./Core/Src/error.o
                0x0000000008000f2c                functionErrorMosfetCheck
 .text.MX_ETH_Init
                0x000000000800105c       0x98 ./Core/Src/eth.o
                0x000000000800105c                MX_ETH_Init
 .text.HAL_ETH_MspInit
                0x00000000080010f4      0x158 ./Core/Src/eth.o
                0x00000000080010f4                HAL_ETH_MspInit
 .text.MX_FDCAN2_Init
                0x000000000800124c       0xc8 ./Core/Src/fdcan.o
                0x000000000800124c                MX_FDCAN2_Init
 .text.HAL_FDCAN_MspInit
                0x0000000008001314       0xd4 ./Core/Src/fdcan.o
                0x0000000008001314                HAL_FDCAN_MspInit
 .text.MX_GPIO_Init
                0x00000000080013e8      0x1d4 ./Core/Src/gpio.o
                0x00000000080013e8                MX_GPIO_Init
 .text.functionGunControlGetShotInterval
                0x00000000080015bc       0x20 ./Core/Src/gun_control.o
 .text.functionGunControlInit
                0x00000000080015dc       0x40 ./Core/Src/gun_control.o
                0x00000000080015dc                functionGunControlInit
 .text.functionGunControlTriggerPressed
                0x000000000800161c       0x70 ./Core/Src/gun_control.o
                0x000000000800161c                functionGunControlTriggerPressed
 .text.functionGunControlTriggerReleased
                0x000000000800168c       0x34 ./Core/Src/gun_control.o
                0x000000000800168c                functionGunControlTriggerReleased
 .text.functionGunControlProcess
                0x00000000080016c0      0x2c8 ./Core/Src/gun_control.o
                0x00000000080016c0                functionGunControlProcess
 .text.MX_I2C1_Init
                0x0000000008001988       0x80 ./Core/Src/i2c.o
                0x0000000008001988                MX_I2C1_Init
 .text.HAL_I2C_MspInit
                0x0000000008001a08       0xd4 ./Core/Src/i2c.o
                0x0000000008001a08                HAL_I2C_MspInit
 .text.main     0x0000000008001adc      0x29c ./Core/Src/main.o
                0x0000000008001adc                main
 .text.SystemClock_Config
                0x0000000008001d78      0x15c ./Core/Src/main.o
                0x0000000008001d78                SystemClock_Config
 .text.PeriphCommonClock_Config
                0x0000000008001ed4       0x60 ./Core/Src/main.o
                0x0000000008001ed4                PeriphCommonClock_Config
 .text.Error_Handler
                0x0000000008001f34        0xa ./Core/Src/main.o
                0x0000000008001f34                Error_Handler
 *fill*         0x0000000008001f3e        0x2 
 .text.functionMeasureVoltage
                0x0000000008001f40       0x64 ./Core/Src/power_management.o
                0x0000000008001f40                functionMeasureVoltage
 *fill*         0x0000000008001fa4        0x4 
 .text.functionMeasureCurrent
                0x0000000008001fa8      0x194 ./Core/Src/power_management.o
                0x0000000008001fa8                functionMeasureCurrent
 .text.HAL_MspInit
                0x000000000800213c       0x34 ./Core/Src/stm32h7xx_hal_msp.o
                0x000000000800213c                HAL_MspInit
 .text.NMI_Handler
                0x0000000008002170        0x6 ./Core/Src/stm32h7xx_it.o
                0x0000000008002170                NMI_Handler
 .text.HardFault_Handler
                0x0000000008002176        0x6 ./Core/Src/stm32h7xx_it.o
                0x0000000008002176                HardFault_Handler
 .text.MemManage_Handler
                0x000000000800217c        0x6 ./Core/Src/stm32h7xx_it.o
                0x000000000800217c                MemManage_Handler
 .text.BusFault_Handler
                0x0000000008002182        0x6 ./Core/Src/stm32h7xx_it.o
                0x0000000008002182                BusFault_Handler
 .text.UsageFault_Handler
                0x0000000008002188        0x6 ./Core/Src/stm32h7xx_it.o
                0x0000000008002188                UsageFault_Handler
 .text.SVC_Handler
                0x000000000800218e        0xe ./Core/Src/stm32h7xx_it.o
                0x000000000800218e                SVC_Handler
 .text.DebugMon_Handler
                0x000000000800219c        0xe ./Core/Src/stm32h7xx_it.o
                0x000000000800219c                DebugMon_Handler
 .text.PendSV_Handler
                0x00000000080021aa        0xe ./Core/Src/stm32h7xx_it.o
                0x00000000080021aa                PendSV_Handler
 .text.SysTick_Handler
                0x00000000080021b8        0xc ./Core/Src/stm32h7xx_it.o
                0x00000000080021b8                SysTick_Handler
 .text.DMA1_Stream0_IRQHandler
                0x00000000080021c4       0x14 ./Core/Src/stm32h7xx_it.o
                0x00000000080021c4                DMA1_Stream0_IRQHandler
 .text.DMA1_Stream1_IRQHandler
                0x00000000080021d8       0x14 ./Core/Src/stm32h7xx_it.o
                0x00000000080021d8                DMA1_Stream1_IRQHandler
 .text.TIM2_IRQHandler
                0x00000000080021ec       0x14 ./Core/Src/stm32h7xx_it.o
                0x00000000080021ec                TIM2_IRQHandler
 .text.TIM3_IRQHandler
                0x0000000008002200       0x14 ./Core/Src/stm32h7xx_it.o
                0x0000000008002200                TIM3_IRQHandler
 .text.TIM4_IRQHandler
                0x0000000008002214       0x14 ./Core/Src/stm32h7xx_it.o
                0x0000000008002214                TIM4_IRQHandler
 .text.BDMA_Channel0_IRQHandler
                0x0000000008002228       0x14 ./Core/Src/stm32h7xx_it.o
                0x0000000008002228                BDMA_Channel0_IRQHandler
 .text.SystemInit
                0x000000000800223c      0x110 ./Core/Src/system_stm32h7xx.o
                0x000000000800223c                SystemInit
 .text.MX_TIM1_Init
                0x000000000800234c       0xb4 ./Core/Src/tim.o
                0x000000000800234c                MX_TIM1_Init
 .text.MX_TIM2_Init
                0x0000000008002400       0x9c ./Core/Src/tim.o
                0x0000000008002400                MX_TIM2_Init
 .text.MX_TIM3_Init
                0x000000000800249c       0xac ./Core/Src/tim.o
                0x000000000800249c                MX_TIM3_Init
 .text.MX_TIM4_Init
                0x0000000008002548       0x9c ./Core/Src/tim.o
                0x0000000008002548                MX_TIM4_Init
 .text.HAL_TIM_Encoder_MspInit
                0x00000000080025e4      0x114 ./Core/Src/tim.o
                0x00000000080025e4                HAL_TIM_Encoder_MspInit
 .text.HAL_TIM_Base_MspInit
                0x00000000080026f8       0x8c ./Core/Src/tim.o
                0x00000000080026f8                HAL_TIM_Base_MspInit
 .text.HAL_TIM_PeriodElapsedCallback
                0x0000000008002784      0x1cc ./Core/Src/timing.o
                0x0000000008002784                HAL_TIM_PeriodElapsedCallback
 .text.startTimeScanFlags
                0x0000000008002950      0x128 ./Core/Src/timing.o
                0x0000000008002950                startTimeScanFlags
 .text.clearTimeScanFlags
                0x0000000008002a78       0x74 ./Core/Src/timing.o
                0x0000000008002a78                clearTimeScanFlags
 .text.MX_UART4_Init
                0x0000000008002aec       0x98 ./Core/Src/usart.o
                0x0000000008002aec                MX_UART4_Init
 .text.MX_UART7_Init
                0x0000000008002b84       0x98 ./Core/Src/usart.o
                0x0000000008002b84                MX_UART7_Init
 .text.MX_UART8_Init
                0x0000000008002c1c       0x98 ./Core/Src/usart.o
                0x0000000008002c1c                MX_UART8_Init
 .text.HAL_UART_MspInit
                0x0000000008002cb4      0x210 ./Core/Src/usart.o
                0x0000000008002cb4                HAL_UART_MspInit
 .text.Reset_Handler
                0x0000000008002ec4       0x50 ./Core/Startup/startup_stm32h743zitx.o
                0x0000000008002ec4                Reset_Handler
 .text.Default_Handler
                0x0000000008002f14        0x2 ./Core/Startup/startup_stm32h743zitx.o
                0x0000000008002f14                RTC_Alarm_IRQHandler
                0x0000000008002f14                EXTI2_IRQHandler
                0x0000000008002f14                TIM8_CC_IRQHandler
                0x0000000008002f14                HRTIM1_Master_IRQHandler
                0x0000000008002f14                UART8_IRQHandler
                0x0000000008002f14                SPI4_IRQHandler
                0x0000000008002f14                TIM1_CC_IRQHandler
                0x0000000008002f14                BDMA_Channel6_IRQHandler
                0x0000000008002f14                DMA2_Stream5_IRQHandler
                0x0000000008002f14                HRTIM1_FLT_IRQHandler
                0x0000000008002f14                JPEG_IRQHandler
                0x0000000008002f14                DMA1_Stream5_IRQHandler
                0x0000000008002f14                BDMA_Channel1_IRQHandler
                0x0000000008002f14                HRTIM1_TIMD_IRQHandler
                0x0000000008002f14                TAMP_STAMP_IRQHandler
                0x0000000008002f14                EXTI3_IRQHandler
                0x0000000008002f14                LPTIM4_IRQHandler
                0x0000000008002f14                TIM8_TRG_COM_TIM14_IRQHandler
                0x0000000008002f14                LPTIM2_IRQHandler
                0x0000000008002f14                DFSDM1_FLT1_IRQHandler
                0x0000000008002f14                DMAMUX2_OVR_IRQHandler
                0x0000000008002f14                TIM8_UP_TIM13_IRQHandler
                0x0000000008002f14                I2C3_ER_IRQHandler
                0x0000000008002f14                DFSDM1_FLT2_IRQHandler
                0x0000000008002f14                MDMA_IRQHandler
                0x0000000008002f14                LPTIM3_IRQHandler
                0x0000000008002f14                HSEM1_IRQHandler
                0x0000000008002f14                EXTI0_IRQHandler
                0x0000000008002f14                I2C2_EV_IRQHandler
                0x0000000008002f14                DMA1_Stream2_IRQHandler
                0x0000000008002f14                FPU_IRQHandler
                0x0000000008002f14                OTG_HS_WKUP_IRQHandler
                0x0000000008002f14                FDCAN1_IT1_IRQHandler
                0x0000000008002f14                LTDC_ER_IRQHandler
                0x0000000008002f14                DMA2_Stream2_IRQHandler
                0x0000000008002f14                HRTIM1_TIME_IRQHandler
                0x0000000008002f14                SPI1_IRQHandler
                0x0000000008002f14                TIM6_DAC_IRQHandler
                0x0000000008002f14                DCMI_IRQHandler
                0x0000000008002f14                HRTIM1_TIMC_IRQHandler
                0x0000000008002f14                DMA2_Stream3_IRQHandler
                0x0000000008002f14                SAI2_IRQHandler
                0x0000000008002f14                DFSDM1_FLT3_IRQHandler
                0x0000000008002f14                USART6_IRQHandler
                0x0000000008002f14                TIM17_IRQHandler
                0x0000000008002f14                USART3_IRQHandler
                0x0000000008002f14                BDMA_Channel7_IRQHandler
                0x0000000008002f14                LPTIM5_IRQHandler
                0x0000000008002f14                UART5_IRQHandler
                0x0000000008002f14                ADC3_IRQHandler
                0x0000000008002f14                DMA2_Stream0_IRQHandler
                0x0000000008002f14                BDMA_Channel2_IRQHandler
                0x0000000008002f14                QUADSPI_IRQHandler
                0x0000000008002f14                I2C1_EV_IRQHandler
                0x0000000008002f14                DMA1_Stream6_IRQHandler
                0x0000000008002f14                DMAMUX1_OVR_IRQHandler
                0x0000000008002f14                TIM16_IRQHandler
                0x0000000008002f14                UART4_IRQHandler
                0x0000000008002f14                BDMA_Channel5_IRQHandler
                0x0000000008002f14                RCC_IRQHandler
                0x0000000008002f14                TIM8_BRK_TIM12_IRQHandler
                0x0000000008002f14                TIM1_TRG_COM_IRQHandler
                0x0000000008002f14                Default_Handler
                0x0000000008002f14                ECC_IRQHandler
                0x0000000008002f14                CEC_IRQHandler
                0x0000000008002f14                EXTI15_10_IRQHandler
                0x0000000008002f14                ADC_IRQHandler
                0x0000000008002f14                DMA1_Stream7_IRQHandler
                0x0000000008002f14                HRTIM1_TIMA_IRQHandler
                0x0000000008002f14                SPI5_IRQHandler
                0x0000000008002f14                TIM7_IRQHandler
                0x0000000008002f14                SDMMC1_IRQHandler
                0x0000000008002f14                TIM5_IRQHandler
                0x0000000008002f14                DMA2_Stream7_IRQHandler
                0x0000000008002f14                TIM15_IRQHandler
                0x0000000008002f14                PVD_AVD_IRQHandler
                0x0000000008002f14                I2C3_EV_IRQHandler
                0x0000000008002f14                EXTI9_5_IRQHandler
                0x0000000008002f14                RTC_WKUP_IRQHandler
                0x0000000008002f14                LTDC_IRQHandler
                0x0000000008002f14                SAI3_IRQHandler
                0x0000000008002f14                ETH_WKUP_IRQHandler
                0x0000000008002f14                SPDIF_RX_IRQHandler
                0x0000000008002f14                SPI2_IRQHandler
                0x0000000008002f14                OTG_HS_EP1_IN_IRQHandler
                0x0000000008002f14                CRS_IRQHandler
                0x0000000008002f14                EXTI4_IRQHandler
                0x0000000008002f14                RNG_IRQHandler
                0x0000000008002f14                HRTIM1_TIMB_IRQHandler
                0x0000000008002f14                FDCAN2_IT1_IRQHandler
                0x0000000008002f14                ETH_IRQHandler
                0x0000000008002f14                TIM1_UP_IRQHandler
                0x0000000008002f14                BDMA_Channel4_IRQHandler
                0x0000000008002f14                OTG_HS_EP1_OUT_IRQHandler
                0x0000000008002f14                WWDG_IRQHandler
                0x0000000008002f14                SPI6_IRQHandler
                0x0000000008002f14                MDIOS_IRQHandler
                0x0000000008002f14                I2C4_EV_IRQHandler
                0x0000000008002f14                FDCAN2_IT0_IRQHandler
                0x0000000008002f14                LPUART1_IRQHandler
                0x0000000008002f14                FDCAN1_IT0_IRQHandler
                0x0000000008002f14                OTG_FS_WKUP_IRQHandler
                0x0000000008002f14                OTG_HS_IRQHandler
                0x0000000008002f14                DMA2D_IRQHandler
                0x0000000008002f14                TIM1_BRK_IRQHandler
                0x0000000008002f14                EXTI1_IRQHandler
                0x0000000008002f14                SDMMC2_IRQHandler
                0x0000000008002f14                OTG_FS_EP1_OUT_IRQHandler
                0x0000000008002f14                BDMA_Channel3_IRQHandler
                0x0000000008002f14                UART7_IRQHandler
                0x0000000008002f14                MDIOS_WKUP_IRQHandler
                0x0000000008002f14                USART2_IRQHandler
                0x0000000008002f14                DFSDM1_FLT0_IRQHandler
                0x0000000008002f14                SAI4_IRQHandler
                0x0000000008002f14                I2C2_ER_IRQHandler
                0x0000000008002f14                DMA2_Stream1_IRQHandler
                0x0000000008002f14                FLASH_IRQHandler
                0x0000000008002f14                DMA2_Stream4_IRQHandler
                0x0000000008002f14                USART1_IRQHandler
                0x0000000008002f14                OTG_FS_IRQHandler
                0x0000000008002f14                SPI3_IRQHandler
                0x0000000008002f14                WAKEUP_PIN_IRQHandler
                0x0000000008002f14                DMA1_Stream4_IRQHandler
                0x0000000008002f14                OTG_FS_EP1_IN_IRQHandler
                0x0000000008002f14                I2C1_ER_IRQHandler
                0x0000000008002f14                FMC_IRQHandler
                0x0000000008002f14                FDCAN_CAL_IRQHandler
                0x0000000008002f14                SWPMI1_IRQHandler
                0x0000000008002f14                COMP1_IRQHandler
                0x0000000008002f14                LPTIM1_IRQHandler
                0x0000000008002f14                I2C4_ER_IRQHandler
                0x0000000008002f14                DMA2_Stream6_IRQHandler
                0x0000000008002f14                SAI1_IRQHandler
                0x0000000008002f14                DMA1_Stream3_IRQHandler
 *fill*         0x0000000008002f16        0x2 
 .text.HAL_Init
                0x0000000008002f18       0x78 ./Drivers/STM32H7xx_HAL_Driver/Src/stm32h7xx_hal.o
                0x0000000008002f18                HAL_Init
 .text.HAL_InitTick
                0x0000000008002f90       0x6c ./Drivers/STM32H7xx_HAL_Driver/Src/stm32h7xx_hal.o
                0x0000000008002f90                HAL_InitTick
 .text.HAL_IncTick
                0x0000000008002ffc       0x28 ./Drivers/STM32H7xx_HAL_Driver/Src/stm32h7xx_hal.o
                0x0000000008002ffc                HAL_IncTick
 .text.HAL_GetTick
                0x0000000008003024       0x18 ./Drivers/STM32H7xx_HAL_Driver/Src/stm32h7xx_hal.o
                0x0000000008003024                HAL_GetTick
 .text.HAL_GetREVID
                0x000000000800303c       0x18 ./Drivers/STM32H7xx_HAL_Driver/Src/stm32h7xx_hal.o
                0x000000000800303c                HAL_GetREVID
 .text.HAL_SYSCFG_ETHInterfaceSelect
                0x0000000008003054       0x28 ./Drivers/STM32H7xx_HAL_Driver/Src/stm32h7xx_hal.o
                0x0000000008003054                HAL_SYSCFG_ETHInterfaceSelect
 .text.LL_ADC_SetCommonClock
                0x000000000800307c       0x26 ./Drivers/STM32H7xx_HAL_Driver/Src/stm32h7xx_hal_adc.o
 .text.LL_ADC_SetCommonPathInternalCh
                0x00000000080030a2       0x26 ./Drivers/STM32H7xx_HAL_Driver/Src/stm32h7xx_hal_adc.o
 .text.LL_ADC_GetCommonPathInternalCh
                0x00000000080030c8       0x1c ./Drivers/STM32H7xx_HAL_Driver/Src/stm32h7xx_hal_adc.o
 .text.LL_ADC_SetOffset
                0x00000000080030e4       0x40 ./Drivers/STM32H7xx_HAL_Driver/Src/stm32h7xx_hal_adc.o
 .text.LL_ADC_SetDataRightShift
                0x0000000008003124       0x32 ./Drivers/STM32H7xx_HAL_Driver/Src/stm32h7xx_hal_adc.o
 .text.LL_ADC_SetOffsetSignedSaturation
                0x0000000008003156       0x36 ./Drivers/STM32H7xx_HAL_Driver/Src/stm32h7xx_hal_adc.o
 .text.LL_ADC_REG_IsTriggerSourceSWStart
                0x000000000800318c       0x26 ./Drivers/STM32H7xx_HAL_Driver/Src/stm32h7xx_hal_adc.o
 .text.LL_ADC_REG_SetSequencerRanks
                0x00000000080031b2       0x58 ./Drivers/STM32H7xx_HAL_Driver/Src/stm32h7xx_hal_adc.o
 .text.LL_ADC_REG_SetDataTransferMode
                0x000000000800320a       0x26 ./Drivers/STM32H7xx_HAL_Driver/Src/stm32h7xx_hal_adc.o
 .text.LL_ADC_SetChannelSamplingTime
                0x0000000008003230       0x56 ./Drivers/STM32H7xx_HAL_Driver/Src/stm32h7xx_hal_adc.o
 *fill*         0x0000000008003286        0x2 
 .text.LL_ADC_SetChannelSingleDiff
                0x0000000008003288       0x48 ./Drivers/STM32H7xx_HAL_Driver/Src/stm32h7xx_hal_adc.o
 .text.LL_ADC_GetMultimode
                0x00000000080032d0       0x1c ./Drivers/STM32H7xx_HAL_Driver/Src/stm32h7xx_hal_adc.o
 .text.LL_ADC_DisableDeepPowerDown
                0x00000000080032ec       0x24 ./Drivers/STM32H7xx_HAL_Driver/Src/stm32h7xx_hal_adc.o
 .text.LL_ADC_IsDeepPowerDownEnabled
                0x0000000008003310       0x28 ./Drivers/STM32H7xx_HAL_Driver/Src/stm32h7xx_hal_adc.o
 .text.LL_ADC_EnableInternalRegulator
                0x0000000008003338       0x28 ./Drivers/STM32H7xx_HAL_Driver/Src/stm32h7xx_hal_adc.o
 .text.LL_ADC_IsInternalRegulatorEnabled
                0x0000000008003360       0x28 ./Drivers/STM32H7xx_HAL_Driver/Src/stm32h7xx_hal_adc.o
 .text.LL_ADC_Enable
                0x0000000008003388       0x28 ./Drivers/STM32H7xx_HAL_Driver/Src/stm32h7xx_hal_adc.o
 .text.LL_ADC_IsEnabled
                0x00000000080033b0       0x26 ./Drivers/STM32H7xx_HAL_Driver/Src/stm32h7xx_hal_adc.o
 *fill*         0x00000000080033d6        0x2 
 .text.LL_ADC_REG_StartConversion
                0x00000000080033d8       0x28 ./Drivers/STM32H7xx_HAL_Driver/Src/stm32h7xx_hal_adc.o
 .text.LL_ADC_REG_IsConversionOngoing
                0x0000000008003400       0x26 ./Drivers/STM32H7xx_HAL_Driver/Src/stm32h7xx_hal_adc.o
 .text.LL_ADC_INJ_IsConversionOngoing
                0x0000000008003426       0x26 ./Drivers/STM32H7xx_HAL_Driver/Src/stm32h7xx_hal_adc.o
 .text.HAL_ADC_Init
                0x000000000800344c      0x344 ./Drivers/STM32H7xx_HAL_Driver/Src/stm32h7xx_hal_adc.o
                0x000000000800344c                HAL_ADC_Init
 .text.HAL_ADC_Start_DMA
                0x0000000008003790      0x188 ./Drivers/STM32H7xx_HAL_Driver/Src/stm32h7xx_hal_adc.o
                0x0000000008003790                HAL_ADC_Start_DMA
 .text.HAL_ADC_ConvCpltCallback
                0x0000000008003918       0x14 ./Drivers/STM32H7xx_HAL_Driver/Src/stm32h7xx_hal_adc.o
                0x0000000008003918                HAL_ADC_ConvCpltCallback
 .text.HAL_ADC_ConvHalfCpltCallback
                0x000000000800392c       0x14 ./Drivers/STM32H7xx_HAL_Driver/Src/stm32h7xx_hal_adc.o
                0x000000000800392c                HAL_ADC_ConvHalfCpltCallback
 .text.HAL_ADC_ErrorCallback
                0x0000000008003940       0x14 ./Drivers/STM32H7xx_HAL_Driver/Src/stm32h7xx_hal_adc.o
                0x0000000008003940                HAL_ADC_ErrorCallback
 .text.HAL_ADC_ConfigChannel
                0x0000000008003954      0x6b8 ./Drivers/STM32H7xx_HAL_Driver/Src/stm32h7xx_hal_adc.o
                0x0000000008003954                HAL_ADC_ConfigChannel
 .text.ADC_Enable
                0x000000000800400c      0x114 ./Drivers/STM32H7xx_HAL_Driver/Src/stm32h7xx_hal_adc.o
                0x000000000800400c                ADC_Enable
 .text.ADC_DMAConvCplt
                0x0000000008004120       0xd8 ./Drivers/STM32H7xx_HAL_Driver/Src/stm32h7xx_hal_adc.o
                0x0000000008004120                ADC_DMAConvCplt
 .text.ADC_DMAHalfConvCplt
                0x00000000080041f8       0x1c ./Drivers/STM32H7xx_HAL_Driver/Src/stm32h7xx_hal_adc.o
                0x00000000080041f8                ADC_DMAHalfConvCplt
 .text.ADC_DMAError
                0x0000000008004214       0x34 ./Drivers/STM32H7xx_HAL_Driver/Src/stm32h7xx_hal_adc.o
                0x0000000008004214                ADC_DMAError
 .text.ADC_ConfigureBoostMode
                0x0000000008004248      0x218 ./Drivers/STM32H7xx_HAL_Driver/Src/stm32h7xx_hal_adc.o
                0x0000000008004248                ADC_ConfigureBoostMode
 .text.LL_ADC_IsEnabled
                0x0000000008004460       0x26 ./Drivers/STM32H7xx_HAL_Driver/Src/stm32h7xx_hal_adc_ex.o
 .text.LL_ADC_REG_IsConversionOngoing
                0x0000000008004486       0x26 ./Drivers/STM32H7xx_HAL_Driver/Src/stm32h7xx_hal_adc_ex.o
 .text.HAL_ADCEx_MultiModeConfigChannel
                0x00000000080044ac      0x1bc ./Drivers/STM32H7xx_HAL_Driver/Src/stm32h7xx_hal_adc_ex.o
                0x00000000080044ac                HAL_ADCEx_MultiModeConfigChannel
 .text.__NVIC_SetPriorityGrouping
                0x0000000008004668       0x48 ./Drivers/STM32H7xx_HAL_Driver/Src/stm32h7xx_hal_cortex.o
 .text.__NVIC_GetPriorityGrouping
                0x00000000080046b0       0x1c ./Drivers/STM32H7xx_HAL_Driver/Src/stm32h7xx_hal_cortex.o
 .text.__NVIC_EnableIRQ
                0x00000000080046cc       0x3c ./Drivers/STM32H7xx_HAL_Driver/Src/stm32h7xx_hal_cortex.o
 .text.__NVIC_SetPriority
                0x0000000008004708       0x54 ./Drivers/STM32H7xx_HAL_Driver/Src/stm32h7xx_hal_cortex.o
 .text.NVIC_EncodePriority
                0x000000000800475c       0x66 ./Drivers/STM32H7xx_HAL_Driver/Src/stm32h7xx_hal_cortex.o
 *fill*         0x00000000080047c2        0x2 
 .text.SysTick_Config
                0x00000000080047c4       0x44 ./Drivers/STM32H7xx_HAL_Driver/Src/stm32h7xx_hal_cortex.o
 .text.HAL_NVIC_SetPriorityGrouping
                0x0000000008004808       0x16 ./Drivers/STM32H7xx_HAL_Driver/Src/stm32h7xx_hal_cortex.o
                0x0000000008004808                HAL_NVIC_SetPriorityGrouping
 .text.HAL_NVIC_SetPriority
                0x000000000800481e       0x34 ./Drivers/STM32H7xx_HAL_Driver/Src/stm32h7xx_hal_cortex.o
                0x000000000800481e                HAL_NVIC_SetPriority
 .text.HAL_NVIC_EnableIRQ
                0x0000000008004852       0x1c ./Drivers/STM32H7xx_HAL_Driver/Src/stm32h7xx_hal_cortex.o
                0x0000000008004852                HAL_NVIC_EnableIRQ
 .text.HAL_SYSTICK_Config
                0x000000000800486e       0x18 ./Drivers/STM32H7xx_HAL_Driver/Src/stm32h7xx_hal_cortex.o
                0x000000000800486e                HAL_SYSTICK_Config
 *fill*         0x0000000008004886        0x2 
 .text.HAL_DMA_Init
                0x0000000008004888      0x6b8 ./Drivers/STM32H7xx_HAL_Driver/Src/stm32h7xx_hal_dma.o
                0x0000000008004888                HAL_DMA_Init
 .text.HAL_DMA_Start_IT
                0x0000000008004f40      0x4d4 ./Drivers/STM32H7xx_HAL_Driver/Src/stm32h7xx_hal_dma.o
                0x0000000008004f40                HAL_DMA_Start_IT
 .text.HAL_DMA_IRQHandler
                0x0000000008005414      0xe54 ./Drivers/STM32H7xx_HAL_Driver/Src/stm32h7xx_hal_dma.o
                0x0000000008005414                HAL_DMA_IRQHandler
 .text.DMA_SetConfig
                0x0000000008006268      0x358 ./Drivers/STM32H7xx_HAL_Driver/Src/stm32h7xx_hal_dma.o
 .text.DMA_CalcBaseAndBitshift
                0x00000000080065c0      0x164 ./Drivers/STM32H7xx_HAL_Driver/Src/stm32h7xx_hal_dma.o
 .text.DMA_CheckFifoParam
                0x0000000008006724       0xf8 ./Drivers/STM32H7xx_HAL_Driver/Src/stm32h7xx_hal_dma.o
 .text.DMA_CalcDMAMUXChannelBaseAndMask
                0x000000000800681c      0x134 ./Drivers/STM32H7xx_HAL_Driver/Src/stm32h7xx_hal_dma.o
 .text.DMA_CalcDMAMUXRequestGenBaseAndMask
                0x0000000008006950       0xe8 ./Drivers/STM32H7xx_HAL_Driver/Src/stm32h7xx_hal_dma.o
 .text.HAL_ETH_Init
                0x0000000008006a38      0x1fc ./Drivers/STM32H7xx_HAL_Driver/Src/stm32h7xx_hal_eth.o
                0x0000000008006a38                HAL_ETH_Init
 .text.HAL_ETH_SetMDIOClockRange
                0x0000000008006c34       0xa0 ./Drivers/STM32H7xx_HAL_Driver/Src/stm32h7xx_hal_eth.o
                0x0000000008006c34                HAL_ETH_SetMDIOClockRange
 .text.ETH_SetMACConfig
                0x0000000008006cd4      0x238 ./Drivers/STM32H7xx_HAL_Driver/Src/stm32h7xx_hal_eth.o
 .text.ETH_SetDMAConfig
                0x0000000008006f0c      0x10c ./Drivers/STM32H7xx_HAL_Driver/Src/stm32h7xx_hal_eth.o
 .text.ETH_MACDMAConfig
                0x0000000008007018      0x13a ./Drivers/STM32H7xx_HAL_Driver/Src/stm32h7xx_hal_eth.o
 .text.ETH_DMATxDescListInit
                0x0000000008007152       0x92 ./Drivers/STM32H7xx_HAL_Driver/Src/stm32h7xx_hal_eth.o
 .text.ETH_DMARxDescListInit
                0x00000000080071e4       0xba ./Drivers/STM32H7xx_HAL_Driver/Src/stm32h7xx_hal_eth.o
 *fill*         0x000000000800729e        0x2 
 .text.HAL_FDCAN_Init
                0x00000000080072a0      0x3bc ./Drivers/STM32H7xx_HAL_Driver/Src/stm32h7xx_hal_fdcan.o
                0x00000000080072a0                HAL_FDCAN_Init
 .text.FDCAN_CalcultateRamBlockAddresses
                0x000000000800765c      0x30c ./Drivers/STM32H7xx_HAL_Driver/Src/stm32h7xx_hal_fdcan.o
 .text.HAL_GPIO_Init
                0x0000000008007968      0x360 ./Drivers/STM32H7xx_HAL_Driver/Src/stm32h7xx_hal_gpio.o
                0x0000000008007968                HAL_GPIO_Init
 .text.HAL_GPIO_WritePin
                0x0000000008007cc8       0x32 ./Drivers/STM32H7xx_HAL_Driver/Src/stm32h7xx_hal_gpio.o
                0x0000000008007cc8                HAL_GPIO_WritePin
 *fill*         0x0000000008007cfa        0x2 
 .text.HAL_I2C_Init
                0x0000000008007cfc      0x138 ./Drivers/STM32H7xx_HAL_Driver/Src/stm32h7xx_hal_i2c.o
                0x0000000008007cfc                HAL_I2C_Init
 .text.HAL_I2CEx_ConfigAnalogFilter
                0x0000000008007e34       0x96 ./Drivers/STM32H7xx_HAL_Driver/Src/stm32h7xx_hal_i2c_ex.o
                0x0000000008007e34                HAL_I2CEx_ConfigAnalogFilter
 .text.HAL_I2CEx_ConfigDigitalFilter
                0x0000000008007eca       0x98 ./Drivers/STM32H7xx_HAL_Driver/Src/stm32h7xx_hal_i2c_ex.o
                0x0000000008007eca                HAL_I2CEx_ConfigDigitalFilter
 *fill*         0x0000000008007f62        0x2 
 .text.HAL_PWREx_ConfigSupply
                0x0000000008007f64       0x74 ./Drivers/STM32H7xx_HAL_Driver/Src/stm32h7xx_hal_pwr_ex.o
                0x0000000008007f64                HAL_PWREx_ConfigSupply
 .text.HAL_RCC_OscConfig
                0x0000000008007fd8      0x8b4 ./Drivers/STM32H7xx_HAL_Driver/Src/stm32h7xx_hal_rcc.o
                0x0000000008007fd8                HAL_RCC_OscConfig
 .text.HAL_RCC_ClockConfig
                0x000000000800888c      0x36c ./Drivers/STM32H7xx_HAL_Driver/Src/stm32h7xx_hal_rcc.o
                0x000000000800888c                HAL_RCC_ClockConfig
 .text.HAL_RCC_GetSysClockFreq
                0x0000000008008bf8      0x2f4 ./Drivers/STM32H7xx_HAL_Driver/Src/stm32h7xx_hal_rcc.o
                0x0000000008008bf8                HAL_RCC_GetSysClockFreq
 .text.HAL_RCC_GetHCLKFreq
                0x0000000008008eec       0x60 ./Drivers/STM32H7xx_HAL_Driver/Src/stm32h7xx_hal_rcc.o
                0x0000000008008eec                HAL_RCC_GetHCLKFreq
 .text.HAL_RCC_GetPCLK1Freq
                0x0000000008008f4c       0x2c ./Drivers/STM32H7xx_HAL_Driver/Src/stm32h7xx_hal_rcc.o
                0x0000000008008f4c                HAL_RCC_GetPCLK1Freq
 .text.HAL_RCC_GetPCLK2Freq
                0x0000000008008f78       0x2c ./Drivers/STM32H7xx_HAL_Driver/Src/stm32h7xx_hal_rcc.o
                0x0000000008008f78                HAL_RCC_GetPCLK2Freq
 .text.HAL_RCCEx_PeriphCLKConfig
                0x0000000008008fa4     0x1414 ./Drivers/STM32H7xx_HAL_Driver/Src/stm32h7xx_hal_rcc_ex.o
                0x0000000008008fa4                HAL_RCCEx_PeriphCLKConfig
 .text.HAL_RCCEx_GetPeriphCLKFreq
                0x000000000800a3b8      0xb00 ./Drivers/STM32H7xx_HAL_Driver/Src/stm32h7xx_hal_rcc_ex.o
                0x000000000800a3b8                HAL_RCCEx_GetPeriphCLKFreq
 .text.HAL_RCCEx_GetD3PCLK1Freq
                0x000000000800aeb8       0x2c ./Drivers/STM32H7xx_HAL_Driver/Src/stm32h7xx_hal_rcc_ex.o
                0x000000000800aeb8                HAL_RCCEx_GetD3PCLK1Freq
 .text.HAL_RCCEx_GetPLL2ClockFreq
                0x000000000800aee4      0x2a8 ./Drivers/STM32H7xx_HAL_Driver/Src/stm32h7xx_hal_rcc_ex.o
                0x000000000800aee4                HAL_RCCEx_GetPLL2ClockFreq
 .text.HAL_RCCEx_GetPLL3ClockFreq
                0x000000000800b18c      0x2a8 ./Drivers/STM32H7xx_HAL_Driver/Src/stm32h7xx_hal_rcc_ex.o
                0x000000000800b18c                HAL_RCCEx_GetPLL3ClockFreq
 .text.HAL_RCCEx_GetPLL1ClockFreq
                0x000000000800b434      0x2a4 ./Drivers/STM32H7xx_HAL_Driver/Src/stm32h7xx_hal_rcc_ex.o
                0x000000000800b434                HAL_RCCEx_GetPLL1ClockFreq
 .text.RCCEx_PLL2_Config
                0x000000000800b6d8      0x164 ./Drivers/STM32H7xx_HAL_Driver/Src/stm32h7xx_hal_rcc_ex.o
 .text.RCCEx_PLL3_Config
                0x000000000800b83c      0x164 ./Drivers/STM32H7xx_HAL_Driver/Src/stm32h7xx_hal_rcc_ex.o
 .text.HAL_TIM_Base_Init
                0x000000000800b9a0       0xae ./Drivers/STM32H7xx_HAL_Driver/Src/stm32h7xx_hal_tim.o
                0x000000000800b9a0                HAL_TIM_Base_Init
 *fill*         0x000000000800ba4e        0x2 
 .text.HAL_TIM_Base_Start_IT
                0x000000000800ba50       0xf0 ./Drivers/STM32H7xx_HAL_Driver/Src/stm32h7xx_hal_tim.o
                0x000000000800ba50                HAL_TIM_Base_Start_IT
 .text.HAL_TIM_Encoder_Init
                0x000000000800bb40      0x14c ./Drivers/STM32H7xx_HAL_Driver/Src/stm32h7xx_hal_tim.o
                0x000000000800bb40                HAL_TIM_Encoder_Init
 .text.HAL_TIM_Encoder_Start
                0x000000000800bc8c      0x11c ./Drivers/STM32H7xx_HAL_Driver/Src/stm32h7xx_hal_tim.o
                0x000000000800bc8c                HAL_TIM_Encoder_Start
 .text.HAL_TIM_IRQHandler
                0x000000000800bda8      0x20e ./Drivers/STM32H7xx_HAL_Driver/Src/stm32h7xx_hal_tim.o
                0x000000000800bda8                HAL_TIM_IRQHandler
 *fill*         0x000000000800bfb6        0x2 
 .text.HAL_TIM_ConfigClockSource
                0x000000000800bfb8      0x1f0 ./Drivers/STM32H7xx_HAL_Driver/Src/stm32h7xx_hal_tim.o
                0x000000000800bfb8                HAL_TIM_ConfigClockSource
 .text.HAL_TIM_OC_DelayElapsedCallback
                0x000000000800c1a8       0x14 ./Drivers/STM32H7xx_HAL_Driver/Src/stm32h7xx_hal_tim.o
                0x000000000800c1a8                HAL_TIM_OC_DelayElapsedCallback
 .text.HAL_TIM_IC_CaptureCallback
                0x000000000800c1bc       0x14 ./Drivers/STM32H7xx_HAL_Driver/Src/stm32h7xx_hal_tim.o
                0x000000000800c1bc                HAL_TIM_IC_CaptureCallback
 .text.HAL_TIM_PWM_PulseFinishedCallback
                0x000000000800c1d0       0x14 ./Drivers/STM32H7xx_HAL_Driver/Src/stm32h7xx_hal_tim.o
                0x000000000800c1d0                HAL_TIM_PWM_PulseFinishedCallback
 .text.HAL_TIM_TriggerCallback
                0x000000000800c1e4       0x14 ./Drivers/STM32H7xx_HAL_Driver/Src/stm32h7xx_hal_tim.o
                0x000000000800c1e4                HAL_TIM_TriggerCallback
 .text.TIM_Base_SetConfig
                0x000000000800c1f8      0x14c ./Drivers/STM32H7xx_HAL_Driver/Src/stm32h7xx_hal_tim.o
                0x000000000800c1f8                TIM_Base_SetConfig
 .text.TIM_TI1_ConfigInputStage
                0x000000000800c344       0x5e ./Drivers/STM32H7xx_HAL_Driver/Src/stm32h7xx_hal_tim.o
 .text.TIM_TI2_ConfigInputStage
                0x000000000800c3a2       0x60 ./Drivers/STM32H7xx_HAL_Driver/Src/stm32h7xx_hal_tim.o
 *fill*         0x000000000800c402        0x2 
 .text.TIM_ITRx_SetConfig
                0x000000000800c404       0x3c ./Drivers/STM32H7xx_HAL_Driver/Src/stm32h7xx_hal_tim.o
 .text.TIM_ETR_SetConfig
                0x000000000800c440       0x40 ./Drivers/STM32H7xx_HAL_Driver/Src/stm32h7xx_hal_tim.o
                0x000000000800c440                TIM_ETR_SetConfig
 .text.TIM_CCxChannelCmd
                0x000000000800c480       0x4a ./Drivers/STM32H7xx_HAL_Driver/Src/stm32h7xx_hal_tim.o
                0x000000000800c480                TIM_CCxChannelCmd
 *fill*         0x000000000800c4ca        0x2 
 .text.HAL_TIMEx_MasterConfigSynchronization
                0x000000000800c4cc      0x11c ./Drivers/STM32H7xx_HAL_Driver/Src/stm32h7xx_hal_tim_ex.o
                0x000000000800c4cc                HAL_TIMEx_MasterConfigSynchronization
 .text.HAL_TIMEx_CommutCallback
                0x000000000800c5e8       0x14 ./Drivers/STM32H7xx_HAL_Driver/Src/stm32h7xx_hal_tim_ex.o
                0x000000000800c5e8                HAL_TIMEx_CommutCallback
 .text.HAL_TIMEx_BreakCallback
                0x000000000800c5fc       0x14 ./Drivers/STM32H7xx_HAL_Driver/Src/stm32h7xx_hal_tim_ex.o
                0x000000000800c5fc                HAL_TIMEx_BreakCallback
 .text.HAL_TIMEx_Break2Callback
                0x000000000800c610       0x14 ./Drivers/STM32H7xx_HAL_Driver/Src/stm32h7xx_hal_tim_ex.o
                0x000000000800c610                HAL_TIMEx_Break2Callback
 .text.HAL_UART_Init
                0x000000000800c624       0xa0 ./Drivers/STM32H7xx_HAL_Driver/Src/stm32h7xx_hal_uart.o
                0x000000000800c624                HAL_UART_Init
 .text.UART_SetConfig
                0x000000000800c6c4      0xad0 ./Drivers/STM32H7xx_HAL_Driver/Src/stm32h7xx_hal_uart.o
                0x000000000800c6c4                UART_SetConfig
 .text.UART_AdvFeatureConfig
                0x000000000800d194      0x144 ./Drivers/STM32H7xx_HAL_Driver/Src/stm32h7xx_hal_uart.o
                0x000000000800d194                UART_AdvFeatureConfig
 .text.UART_CheckIdleState
                0x000000000800d2d8      0x154 ./Drivers/STM32H7xx_HAL_Driver/Src/stm32h7xx_hal_uart.o
                0x000000000800d2d8                UART_CheckIdleState
 .text.UART_WaitOnFlagUntilTimeout
                0x000000000800d42c       0xda ./Drivers/STM32H7xx_HAL_Driver/Src/stm32h7xx_hal_uart.o
                0x000000000800d42c                UART_WaitOnFlagUntilTimeout
 *fill*         0x000000000800d506        0x2 
 .text.UART_EndRxTransfer
                0x000000000800d508       0xcc ./Drivers/STM32H7xx_HAL_Driver/Src/stm32h7xx_hal_uart.o
 .text.HAL_UARTEx_DisableFifoMode
                0x000000000800d5d4       0x72 ./Drivers/STM32H7xx_HAL_Driver/Src/stm32h7xx_hal_uart_ex.o
                0x000000000800d5d4                HAL_UARTEx_DisableFifoMode
 .text.HAL_UARTEx_SetTxFifoThreshold
                0x000000000800d646       0x7c ./Drivers/STM32H7xx_HAL_Driver/Src/stm32h7xx_hal_uart_ex.o
                0x000000000800d646                HAL_UARTEx_SetTxFifoThreshold
 .text.HAL_UARTEx_SetRxFifoThreshold
                0x000000000800d6c2       0x7c ./Drivers/STM32H7xx_HAL_Driver/Src/stm32h7xx_hal_uart_ex.o
                0x000000000800d6c2                HAL_UARTEx_SetRxFifoThreshold
 *fill*         0x000000000800d73e        0x2 
 .text.UARTEx_SetNbDataToProcess
                0x000000000800d740       0x9c ./Drivers/STM32H7xx_HAL_Driver/Src/stm32h7xx_hal_uart_ex.o
 .text.memset   0x000000000800d7dc       0x10 C:/ST/STM32CubeIDE_1.14.1/STM32CubeIDE/plugins/com.st.stm32cube.ide.mcu.externaltools.gnu-tools-for-stm32.11.3.rel1.win32_1.1.100.202309141235/tools/bin/../lib/gcc/arm-none-eabi/11.3.1/../../../../arm-none-eabi/lib/thumb/v7e-m+dp/hard\libc_nano.a(libc_a-memset.o)
                0x000000000800d7dc                memset
 .text.__libc_init_array
                0x000000000800d7ec       0x48 C:/ST/STM32CubeIDE_1.14.1/STM32CubeIDE/plugins/com.st.stm32cube.ide.mcu.externaltools.gnu-tools-for-stm32.11.3.rel1.win32_1.1.100.202309141235/tools/bin/../lib/gcc/arm-none-eabi/11.3.1/../../../../arm-none-eabi/lib/thumb/v7e-m+dp/hard\libc_nano.a(libc_a-init.o)
                0x000000000800d7ec                __libc_init_array
 .text.memcpy   0x000000000800d834       0x1c C:/ST/STM32CubeIDE_1.14.1/STM32CubeIDE/plugins/com.st.stm32cube.ide.mcu.externaltools.gnu-tools-for-stm32.11.3.rel1.win32_1.1.100.202309141235/tools/bin/../lib/gcc/arm-none-eabi/11.3.1/../../../../arm-none-eabi/lib/thumb/v7e-m+dp/hard\libc_nano.a(libc_a-memcpy-stub.o)
                0x000000000800d834                memcpy
 *(.glue_7)
 .glue_7        0x000000000800d850        0x0 linker stubs
 *(.glue_7t)
 .glue_7t       0x000000000800d850        0x0 linker stubs
 *(.eh_frame)
 .eh_frame      0x000000000800d850        0x0 C:/ST/STM32CubeIDE_1.14.1/STM32CubeIDE/plugins/com.st.stm32cube.ide.mcu.externaltools.gnu-tools-for-stm32.11.3.rel1.win32_1.1.100.202309141235/tools/bin/../lib/gcc/arm-none-eabi/11.3.1/thumb/v7e-m+dp/hard/crtbegin.o
 *(.init)
 .init          0x000000000800d850        0x4 C:/ST/STM32CubeIDE_1.14.1/STM32CubeIDE/plugins/com.st.stm32cube.ide.mcu.externaltools.gnu-tools-for-stm32.11.3.rel1.win32_1.1.100.202309141235/tools/bin/../lib/gcc/arm-none-eabi/11.3.1/thumb/v7e-m+dp/hard/crti.o
                0x000000000800d850                _init
 .init          0x000000000800d854        0x8 C:/ST/STM32CubeIDE_1.14.1/STM32CubeIDE/plugins/com.st.stm32cube.ide.mcu.externaltools.gnu-tools-for-stm32.11.3.rel1.win32_1.1.100.202309141235/tools/bin/../lib/gcc/arm-none-eabi/11.3.1/thumb/v7e-m+dp/hard/crtn.o
 *(.fini)
 .fini          0x000000000800d85c        0x4 C:/ST/STM32CubeIDE_1.14.1/STM32CubeIDE/plugins/com.st.stm32cube.ide.mcu.externaltools.gnu-tools-for-stm32.11.3.rel1.win32_1.1.100.202309141235/tools/bin/../lib/gcc/arm-none-eabi/11.3.1/thumb/v7e-m+dp/hard/crti.o
                0x000000000800d85c                _fini
 .fini          0x000000000800d860        0x8 C:/ST/STM32CubeIDE_1.14.1/STM32CubeIDE/plugins/com.st.stm32cube.ide.mcu.externaltools.gnu-tools-for-stm32.11.3.rel1.win32_1.1.100.202309141235/tools/bin/../lib/gcc/arm-none-eabi/11.3.1/thumb/v7e-m+dp/hard/crtn.o
                0x000000000800d868                . = ALIGN (0x4)
                0x000000000800d868                _etext = .

.vfp11_veneer   0x000000000800d868        0x0
 .vfp11_veneer  0x000000000800d868        0x0 linker stubs

.v4_bx          0x000000000800d868        0x0
 .v4_bx         0x000000000800d868        0x0 linker stubs

.iplt           0x000000000800d868        0x0
 .iplt          0x000000000800d868        0x0 C:/ST/STM32CubeIDE_1.14.1/STM32CubeIDE/plugins/com.st.stm32cube.ide.mcu.externaltools.gnu-tools-for-stm32.11.3.rel1.win32_1.1.100.202309141235/tools/bin/../lib/gcc/arm-none-eabi/11.3.1/thumb/v7e-m+dp/hard/crtbegin.o

.rodata         0x000000000800d868       0x8c
                0x000000000800d868                . = ALIGN (0x4)
 *(.rodata)
 .rodata        0x000000000800d868       0x4c ./Drivers/STM32H7xx_HAL_Driver/Src/stm32h7xx_hal_fdcan.o
 *(.rodata*)
 .rodata.D1CorePrescTable
                0x000000000800d8b4       0x10 ./Core/Src/system_stm32h7xx.o
                0x000000000800d8b4                D1CorePrescTable
 .rodata.flagBitshiftOffset.0
                0x000000000800d8c4        0x8 ./Drivers/STM32H7xx_HAL_Driver/Src/stm32h7xx_hal_dma.o
 .rodata.UARTPrescTable
                0x000000000800d8cc       0x18 ./Drivers/STM32H7xx_HAL_Driver/Src/stm32h7xx_hal_uart.o
                0x000000000800d8cc                UARTPrescTable
 .rodata.numerator.1
                0x000000000800d8e4        0x8 ./Drivers/STM32H7xx_HAL_Driver/Src/stm32h7xx_hal_uart_ex.o
 .rodata.denominator.0
                0x000000000800d8ec        0x8 ./Drivers/STM32H7xx_HAL_Driver/Src/stm32h7xx_hal_uart_ex.o
                0x000000000800d8f4                . = ALIGN (0x4)

.ARM.extab
 *(.ARM.extab* .gnu.linkonce.armextab.*)

.ARM            0x000000000800d8f4        0x8
                0x000000000800d8f4                __exidx_start = .
 *(.ARM.exidx*)
 .ARM.exidx     0x000000000800d8f4        0x8 C:/ST/STM32CubeIDE_1.14.1/STM32CubeIDE/plugins/com.st.stm32cube.ide.mcu.externaltools.gnu-tools-for-stm32.11.3.rel1.win32_1.1.100.202309141235/tools/bin/../lib/gcc/arm-none-eabi/11.3.1/thumb/v7e-m+dp/hard\libgcc.a(_udivmoddi4.o)
                0x000000000800d8fc                __exidx_end = .

.rel.dyn        0x000000000800d8fc        0x0
 .rel.iplt      0x000000000800d8fc        0x0 C:/ST/STM32CubeIDE_1.14.1/STM32CubeIDE/plugins/com.st.stm32cube.ide.mcu.externaltools.gnu-tools-for-stm32.11.3.rel1.win32_1.1.100.202309141235/tools/bin/../lib/gcc/arm-none-eabi/11.3.1/thumb/v7e-m+dp/hard/crtbegin.o

.preinit_array  0x000000000800d8fc        0x0
                0x000000000800d8fc                PROVIDE (__preinit_array_start = .)
 *(.preinit_array*)
                0x000000000800d8fc                PROVIDE (__preinit_array_end = .)

.init_array     0x000000000800d8fc        0x4
                0x000000000800d8fc                PROVIDE (__init_array_start = .)
 *(SORT_BY_NAME(.init_array.*))
 *(.init_array*)
 .init_array    0x000000000800d8fc        0x4 C:/ST/STM32CubeIDE_1.14.1/STM32CubeIDE/plugins/com.st.stm32cube.ide.mcu.externaltools.gnu-tools-for-stm32.11.3.rel1.win32_1.1.100.202309141235/tools/bin/../lib/gcc/arm-none-eabi/11.3.1/thumb/v7e-m+dp/hard/crtbegin.o
                0x000000000800d900                PROVIDE (__init_array_end = .)

.fini_array     0x000000000800d900        0x4
                [!provide]                        PROVIDE (__fini_array_start = .)
 *(SORT_BY_NAME(.fini_array.*))
 *(.fini_array*)
 .fini_array    0x000000000800d900        0x4 C:/ST/STM32CubeIDE_1.14.1/STM32CubeIDE/plugins/com.st.stm32cube.ide.mcu.externaltools.gnu-tools-for-stm32.11.3.rel1.win32_1.1.100.202309141235/tools/bin/../lib/gcc/arm-none-eabi/11.3.1/thumb/v7e-m+dp/hard/crtbegin.o
                [!provide]                        PROVIDE (__fini_array_end = .)
                0x000000000800d904                _sidata = LOADADDR (.data)

.data           0x0000000024000000       0x14 load address 0x000000000800d904
                0x0000000024000000                . = ALIGN (0x4)
                0x0000000024000000                _sdata = .
 *(.data)
 *(.data*)
 .data.SystemCoreClock
                0x0000000024000000        0x4 ./Core/Src/system_stm32h7xx.o
                0x0000000024000000                SystemCoreClock
 .data.SystemD2Clock
                0x0000000024000004        0x4 ./Core/Src/system_stm32h7xx.o
                0x0000000024000004                SystemD2Clock
 .data.configurableTime
                0x0000000024000008        0x1 ./Core/Src/timing.o
                0x0000000024000008                configurableTime
 *fill*         0x0000000024000009        0x3 
 .data.uwTickPrio
                0x000000002400000c        0x4 ./Drivers/STM32H7xx_HAL_Driver/Src/stm32h7xx_hal.o
                0x000000002400000c                uwTickPrio
 .data.uwTickFreq
                0x0000000024000010        0x1 ./Drivers/STM32H7xx_HAL_Driver/Src/stm32h7xx_hal.o
                0x0000000024000010                uwTickFreq
 *(.RamFunc)
 *(.RamFunc*)
                0x0000000024000014                . = ALIGN (0x4)
 *fill*         0x0000000024000011        0x3 
                0x0000000024000014                _edata = .

.igot.plt       0x0000000024000014        0x0 load address 0x000000000800d918
 .igot.plt      0x0000000024000014        0x0 C:/ST/STM32CubeIDE_1.14.1/STM32CubeIDE/plugins/com.st.stm32cube.ide.mcu.externaltools.gnu-tools-for-stm32.11.3.rel1.win32_1.1.100.202309141235/tools/bin/../lib/gcc/arm-none-eabi/11.3.1/thumb/v7e-m+dp/hard/crtbegin.o

.RxDecripSection
                0x0000000024000014       0x60 load address 0x000000000800d918
 .RxDecripSection
                0x0000000024000014       0x60 ./Core/Src/eth.o
                0x0000000024000014                DMARxDscrTab

.TxDecripSection
                0x0000000024000074       0x60 load address 0x000000000800d978
 .TxDecripSection
                0x0000000024000074       0x60 ./Core/Src/eth.o
                0x0000000024000074                DMATxDscrTab
                0x00000000240000d4                . = ALIGN (0x4)

.bss            0x00000000240000d4      0x88c load address 0x000000000800d9d8
                0x00000000240000d4                _sbss = .
                0x00000000240000d4                __bss_start__ = _sbss
 *(.bss)
 .bss           0x00000000240000d4       0x1c C:/ST/STM32CubeIDE_1.14.1/STM32CubeIDE/plugins/com.st.stm32cube.ide.mcu.externaltools.gnu-tools-for-stm32.11.3.rel1.win32_1.1.100.202309141235/tools/bin/../lib/gcc/arm-none-eabi/11.3.1/thumb/v7e-m+dp/hard/crtbegin.o
 *(.bss*)
 .bss.hadc1     0x00000000240000f0       0x64 ./Core/Src/adc.o
                0x00000000240000f0                hadc1
 .bss.hadc2     0x0000000024000154       0x64 ./Core/Src/adc.o
                0x0000000024000154                hadc2
 .bss.hadc3     0x00000000240001b8       0x64 ./Core/Src/adc.o
                0x00000000240001b8                hadc3
 .bss.hdma_adc1
                0x000000002400021c       0x78 ./Core/Src/adc.o
                0x000000002400021c                hdma_adc1
 .bss.hdma_adc2
                0x0000000024000294       0x78 ./Core/Src/adc.o
                0x0000000024000294                hdma_adc2
 .bss.hdma_adc3
                0x000000002400030c       0x78 ./Core/Src/adc.o
                0x000000002400030c                hdma_adc3
 .bss.HAL_RCC_ADC12_CLK_ENABLED
                0x0000000024000384        0x4 ./Core/Src/adc.o
 .bss.lastCount
                0x0000000024000388        0x4 ./Core/Src/cocking_handle_maingun.o
                0x0000000024000388                lastCount
 .bss.TxConfig  0x000000002400038c       0x38 ./Core/Src/eth.o
                0x000000002400038c                TxConfig
 .bss.heth      0x00000000240003c4       0xb0 ./Core/Src/eth.o
                0x00000000240003c4                heth
 .bss.MACAddr.0
                0x0000000024000474        0x6 ./Core/Src/eth.o
 *fill*         0x000000002400047a        0x2 
 .bss.hfdcan2   0x000000002400047c       0xa0 ./Core/Src/fdcan.o
                0x000000002400047c                hfdcan2
 .bss.hi2c1     0x000000002400051c       0x54 ./Core/Src/i2c.o
                0x000000002400051c                hi2c1
 .bss.pandora   0x0000000024000570       0xdc ./Core/Src/main.o
                0x0000000024000570                pandora
 .bss.htim1     0x000000002400064c       0x4c ./Core/Src/tim.o
                0x000000002400064c                htim1
 .bss.htim2     0x0000000024000698       0x4c ./Core/Src/tim.o
                0x0000000024000698                htim2
 .bss.htim3     0x00000000240006e4       0x4c ./Core/Src/tim.o
                0x00000000240006e4                htim3
 .bss.htim4     0x0000000024000730       0x4c ./Core/Src/tim.o
                0x0000000024000730                htim4
 .bss._configurableCounter
                0x000000002400077c        0x1 ./Core/Src/timing.o
                0x000000002400077c                _configurableCounter
 .bss._1msCounter
                0x000000002400077d        0x1 ./Core/Src/timing.o
                0x000000002400077d                _1msCounter
 .bss._10msCounter
                0x000000002400077e        0x1 ./Core/Src/timing.o
                0x000000002400077e                _10msCounter
 .bss._25msCounter
                0x000000002400077f        0x1 ./Core/Src/timing.o
                0x000000002400077f                _25msCounter
 .bss._50msCounter
                0x0000000024000780        0x1 ./Core/Src/timing.o
                0x0000000024000780                _50msCounter
 .bss._100msCounter
                0x0000000024000781        0x1 ./Core/Src/timing.o
                0x0000000024000781                _100msCounter
 .bss._250msCounter
                0x0000000024000782        0x1 ./Core/Src/timing.o
                0x0000000024000782                _250msCounter
 *fill*         0x0000000024000783        0x1 
 .bss._500msCounter
                0x0000000024000784        0x2 ./Core/Src/timing.o
                0x0000000024000784                _500msCounter
 .bss._1sCounter
                0x0000000024000786        0x2 ./Core/Src/timing.o
                0x0000000024000786                _1sCounter
 .bss._10sCounter
                0x0000000024000788        0x2 ./Core/Src/timing.o
                0x0000000024000788                _10sCounter
 .bss._configurableFlagScanStart
                0x000000002400078a        0x1 ./Core/Src/timing.o
                0x000000002400078a                _configurableFlagScanStart
 .bss._1msFlagScanStart
                0x000000002400078b        0x1 ./Core/Src/timing.o
                0x000000002400078b                _1msFlagScanStart
 .bss._10msFlagScanStart
                0x000000002400078c        0x1 ./Core/Src/timing.o
                0x000000002400078c                _10msFlagScanStart
 .bss._25msFlagScanStart
                0x000000002400078d        0x1 ./Core/Src/timing.o
                0x000000002400078d                _25msFlagScanStart
 .bss._50msFlagScanStart
                0x000000002400078e        0x1 ./Core/Src/timing.o
                0x000000002400078e                _50msFlagScanStart
 .bss._100msFlagScanStart
                0x000000002400078f        0x1 ./Core/Src/timing.o
                0x000000002400078f                _100msFlagScanStart
 .bss._250msFlagScanStart
                0x0000000024000790        0x1 ./Core/Src/timing.o
                0x0000000024000790                _250msFlagScanStart
 .bss._500msFlagScanStart
                0x0000000024000791        0x1 ./Core/Src/timing.o
                0x0000000024000791                _500msFlagScanStart
 .bss._1sFlagScanStart
                0x0000000024000792        0x1 ./Core/Src/timing.o
                0x0000000024000792                _1sFlagScanStart
 .bss._10sFlagScanStart
                0x0000000024000793        0x1 ./Core/Src/timing.o
                0x0000000024000793                _10sFlagScanStart
 .bss._configurableFlag
                0x0000000024000794        0x1 ./Core/Src/timing.o
                0x0000000024000794                _configurableFlag
 .bss._1msFlag  0x0000000024000795        0x1 ./Core/Src/timing.o
                0x0000000024000795                _1msFlag
 .bss._10msFlag
                0x0000000024000796        0x1 ./Core/Src/timing.o
                0x0000000024000796                _10msFlag
 .bss._25msFlag
                0x0000000024000797        0x1 ./Core/Src/timing.o
                0x0000000024000797                _25msFlag
 .bss._50msFlag
                0x0000000024000798        0x1 ./Core/Src/timing.o
                0x0000000024000798                _50msFlag
 .bss._100msFlag
                0x0000000024000799        0x1 ./Core/Src/timing.o
                0x0000000024000799                _100msFlag
 .bss._250msFlag
                0x000000002400079a        0x1 ./Core/Src/timing.o
                0x000000002400079a                _250msFlag
 .bss._500msFlag
                0x000000002400079b        0x1 ./Core/Src/timing.o
                0x000000002400079b                _500msFlag
 .bss._1sFlag   0x000000002400079c        0x1 ./Core/Src/timing.o
                0x000000002400079c                _1sFlag
 .bss._10sFlag  0x000000002400079d        0x1 ./Core/Src/timing.o
                0x000000002400079d                _10sFlag
 *fill*         0x000000002400079e        0x2 
 .bss.huart4    0x00000000240007a0       0x94 ./Core/Src/usart.o
                0x00000000240007a0                huart4
 .bss.huart7    0x0000000024000834       0x94 ./Core/Src/usart.o
                0x0000000024000834                huart7
 .bss.huart8    0x00000000240008c8       0x94 ./Core/Src/usart.o
                0x00000000240008c8                huart8
 .bss.uwTick    0x000000002400095c        0x4 ./Drivers/STM32H7xx_HAL_Driver/Src/stm32h7xx_hal.o
                0x000000002400095c                uwTick
 *(COMMON)
                0x0000000024000960                . = ALIGN (0x4)
                0x0000000024000960                _ebss = .
                0x0000000024000960                __bss_end__ = _ebss

._user_heap_stack
                0x0000000024000960      0x600 load address 0x000000000800d9d8
                0x0000000024000960                . = ALIGN (0x8)
                [!provide]                        PROVIDE (end = .)
                0x0000000024000960                PROVIDE (_end = .)
                0x0000000024000b60                . = (. + _Min_Heap_Size)
 *fill*         0x0000000024000960      0x200 
                0x0000000024000f60                . = (. + _Min_Stack_Size)
 *fill*         0x0000000024000b60      0x400 
                0x0000000024000f60                . = ALIGN (0x8)

/DISCARD/
 libc.a(*)
 libm.a(*)
 libgcc.a(*)

.ARM.attributes
                0x0000000000000000       0x2e
 *(.ARM.attributes)
 .ARM.attributes
                0x0000000000000000       0x1e C:/ST/STM32CubeIDE_1.14.1/STM32CubeIDE/plugins/com.st.stm32cube.ide.mcu.externaltools.gnu-tools-for-stm32.11.3.rel1.win32_1.1.100.202309141235/tools/bin/../lib/gcc/arm-none-eabi/11.3.1/thumb/v7e-m+dp/hard/crti.o
 .ARM.attributes
                0x000000000000001e       0x32 C:/ST/STM32CubeIDE_1.14.1/STM32CubeIDE/plugins/com.st.stm32cube.ide.mcu.externaltools.gnu-tools-for-stm32.11.3.rel1.win32_1.1.100.202309141235/tools/bin/../lib/gcc/arm-none-eabi/11.3.1/thumb/v7e-m+dp/hard/crtbegin.o
 .ARM.attributes
                0x0000000000000050       0x32 ./Core/Src/adc.o
 .ARM.attributes
                0x0000000000000082       0x32 ./Core/Src/bdma.o
 .ARM.attributes
                0x00000000000000b4       0x32 ./Core/Src/cocking_handle_maingun.o
 .ARM.attributes
                0x00000000000000e6       0x32 ./Core/Src/dma.o
 .ARM.attributes
                0x0000000000000118       0x32 ./Core/Src/error.o
 .ARM.attributes
                0x000000000000014a       0x32 ./Core/Src/eth.o
 .ARM.attributes
                0x000000000000017c       0x32 ./Core/Src/fdcan.o
 .ARM.attributes
                0x00000000000001ae       0x32 ./Core/Src/gpio.o
 .ARM.attributes
                0x00000000000001e0       0x32 ./Core/Src/gun_control.o
 .ARM.attributes
                0x0000000000000212       0x32 ./Core/Src/i2c.o
 .ARM.attributes
                0x0000000000000244       0x32 ./Core/Src/main.o
 .ARM.attributes
                0x0000000000000276       0x32 ./Core/Src/power_management.o
 .ARM.attributes
                0x00000000000002a8       0x32 ./Core/Src/stm32h7xx_hal_msp.o
 .ARM.attributes
                0x00000000000002da       0x32 ./Core/Src/stm32h7xx_it.o
 .ARM.attributes
                0x000000000000030c       0x32 ./Core/Src/system_stm32h7xx.o
 .ARM.attributes
                0x000000000000033e       0x32 ./Core/Src/tim.o
 .ARM.attributes
                0x0000000000000370       0x32 ./Core/Src/timing.o
 .ARM.attributes
                0x00000000000003a2       0x32 ./Core/Src/usart.o
 .ARM.attributes
                0x00000000000003d4       0x21 ./Core/Startup/startup_stm32h743zitx.o
 .ARM.attributes
                0x00000000000003f5       0x32 ./Drivers/STM32H7xx_HAL_Driver/Src/stm32h7xx_hal.o
 .ARM.attributes
                0x0000000000000427       0x32 ./Drivers/STM32H7xx_HAL_Driver/Src/stm32h7xx_hal_adc.o
 .ARM.attributes
                0x0000000000000459       0x32 ./Drivers/STM32H7xx_HAL_Driver/Src/stm32h7xx_hal_adc_ex.o
 .ARM.attributes
                0x000000000000048b       0x32 ./Drivers/STM32H7xx_HAL_Driver/Src/stm32h7xx_hal_cortex.o
 .ARM.attributes
                0x00000000000004bd       0x32 ./Drivers/STM32H7xx_HAL_Driver/Src/stm32h7xx_hal_dma.o
 .ARM.attributes
                0x00000000000004ef       0x32 ./Drivers/STM32H7xx_HAL_Driver/Src/stm32h7xx_hal_eth.o
 .ARM.attributes
                0x0000000000000521       0x32 ./Drivers/STM32H7xx_HAL_Driver/Src/stm32h7xx_hal_fdcan.o
 .ARM.attributes
                0x0000000000000553       0x32 ./Drivers/STM32H7xx_HAL_Driver/Src/stm32h7xx_hal_gpio.o
 .ARM.attributes
                0x0000000000000585       0x32 ./Drivers/STM32H7xx_HAL_Driver/Src/stm32h7xx_hal_i2c.o
 .ARM.attributes
                0x00000000000005b7       0x32 ./Drivers/STM32H7xx_HAL_Driver/Src/stm32h7xx_hal_i2c_ex.o
 .ARM.attributes
                0x00000000000005e9       0x32 ./Drivers/STM32H7xx_HAL_Driver/Src/stm32h7xx_hal_pwr_ex.o
 .ARM.attributes
                0x000000000000061b       0x32 ./Drivers/STM32H7xx_HAL_Driver/Src/stm32h7xx_hal_rcc.o
 .ARM.attributes
                0x000000000000064d       0x32 ./Drivers/STM32H7xx_HAL_Driver/Src/stm32h7xx_hal_rcc_ex.o
 .ARM.attributes
                0x000000000000067f       0x32 ./Drivers/STM32H7xx_HAL_Driver/Src/stm32h7xx_hal_tim.o
 .ARM.attributes
                0x00000000000006b1       0x32 ./Drivers/STM32H7xx_HAL_Driver/Src/stm32h7xx_hal_tim_ex.o
 .ARM.attributes
                0x00000000000006e3       0x32 ./Drivers/STM32H7xx_HAL_Driver/Src/stm32h7xx_hal_uart.o
 .ARM.attributes
                0x0000000000000715       0x32 ./Drivers/STM32H7xx_HAL_Driver/Src/stm32h7xx_hal_uart_ex.o
 .ARM.attributes
                0x0000000000000747       0x32 C:/ST/STM32CubeIDE_1.14.1/STM32CubeIDE/plugins/com.st.stm32cube.ide.mcu.externaltools.gnu-tools-for-stm32.11.3.rel1.win32_1.1.100.202309141235/tools/bin/../lib/gcc/arm-none-eabi/11.3.1/../../../../arm-none-eabi/lib/thumb/v7e-m+dp/hard\libc_nano.a(libc_a-memset.o)
 .ARM.attributes
                0x0000000000000779       0x32 C:/ST/STM32CubeIDE_1.14.1/STM32CubeIDE/plugins/com.st.stm32cube.ide.mcu.externaltools.gnu-tools-for-stm32.11.3.rel1.win32_1.1.100.202309141235/tools/bin/../lib/gcc/arm-none-eabi/11.3.1/../../../../arm-none-eabi/lib/thumb/v7e-m+dp/hard\libc_nano.a(libc_a-init.o)
 .ARM.attributes
                0x00000000000007ab       0x32 C:/ST/STM32CubeIDE_1.14.1/STM32CubeIDE/plugins/com.st.stm32cube.ide.mcu.externaltools.gnu-tools-for-stm32.11.3.rel1.win32_1.1.100.202309141235/tools/bin/../lib/gcc/arm-none-eabi/11.3.1/../../../../arm-none-eabi/lib/thumb/v7e-m+dp/hard\libc_nano.a(libc_a-memcpy-stub.o)
 .ARM.attributes
                0x00000000000007dd       0x1e C:/ST/STM32CubeIDE_1.14.1/STM32CubeIDE/plugins/com.st.stm32cube.ide.mcu.externaltools.gnu-tools-for-stm32.11.3.rel1.win32_1.1.100.202309141235/tools/bin/../lib/gcc/arm-none-eabi/11.3.1/thumb/v7e-m+dp/hard\libgcc.a(_aeabi_uldivmod.o)
 .ARM.attributes
                0x00000000000007fb       0x32 C:/ST/STM32CubeIDE_1.14.1/STM32CubeIDE/plugins/com.st.stm32cube.ide.mcu.externaltools.gnu-tools-for-stm32.11.3.rel1.win32_1.1.100.202309141235/tools/bin/../lib/gcc/arm-none-eabi/11.3.1/thumb/v7e-m+dp/hard\libgcc.a(_udivmoddi4.o)
 .ARM.attributes
                0x000000000000082d       0x1e C:/ST/STM32CubeIDE_1.14.1/STM32CubeIDE/plugins/com.st.stm32cube.ide.mcu.externaltools.gnu-tools-for-stm32.11.3.rel1.win32_1.1.100.202309141235/tools/bin/../lib/gcc/arm-none-eabi/11.3.1/thumb/v7e-m+dp/hard\libgcc.a(_dvmd_tls.o)
 .ARM.attributes
                0x000000000000084b       0x1e C:/ST/STM32CubeIDE_1.14.1/STM32CubeIDE/plugins/com.st.stm32cube.ide.mcu.externaltools.gnu-tools-for-stm32.11.3.rel1.win32_1.1.100.202309141235/tools/bin/../lib/gcc/arm-none-eabi/11.3.1/thumb/v7e-m+dp/hard/crtn.o
OUTPUT(Pandora.elf elf32-littlearm)
LOAD linker stubs
LOAD C:/ST/STM32CubeIDE_1.14.1/STM32CubeIDE/plugins/com.st.stm32cube.ide.mcu.externaltools.gnu-tools-for-stm32.11.3.rel1.win32_1.1.100.202309141235/tools/bin/../lib/gcc/arm-none-eabi/11.3.1/../../../../arm-none-eabi/lib/thumb/v7e-m+dp/hard\libc.a
LOAD C:/ST/STM32CubeIDE_1.14.1/STM32CubeIDE/plugins/com.st.stm32cube.ide.mcu.externaltools.gnu-tools-for-stm32.11.3.rel1.win32_1.1.100.202309141235/tools/bin/../lib/gcc/arm-none-eabi/11.3.1/../../../../arm-none-eabi/lib/thumb/v7e-m+dp/hard\libm.a
LOAD C:/ST/STM32CubeIDE_1.14.1/STM32CubeIDE/plugins/com.st.stm32cube.ide.mcu.externaltools.gnu-tools-for-stm32.11.3.rel1.win32_1.1.100.202309141235/tools/bin/../lib/gcc/arm-none-eabi/11.3.1/thumb/v7e-m+dp/hard\libgcc.a

.comment        0x0000000000000000       0x43
 .comment       0x0000000000000000       0x43 C:/ST/STM32CubeIDE_1.14.1/STM32CubeIDE/plugins/com.st.stm32cube.ide.mcu.externaltools.gnu-tools-for-stm32.11.3.rel1.win32_1.1.100.202309141235/tools/bin/../lib/gcc/arm-none-eabi/11.3.1/thumb/v7e-m+dp/hard/crtbegin.o
                                         0x44 (size before relaxing)
 .comment       0x0000000000000043       0x44 ./Core/Src/adc.o
 .comment       0x0000000000000043       0x44 ./Core/Src/bdma.o
 .comment       0x0000000000000043       0x44 ./Core/Src/cocking_handle_maingun.o
 .comment       0x0000000000000043       0x44 ./Core/Src/dma.o
 .comment       0x0000000000000043       0x44 ./Core/Src/error.o
 .comment       0x0000000000000043       0x44 ./Core/Src/eth.o
 .comment       0x0000000000000043       0x44 ./Core/Src/fdcan.o
 .comment       0x0000000000000043       0x44 ./Core/Src/gpio.o
 .comment       0x0000000000000043       0x44 ./Core/Src/gun_control.o
 .comment       0x0000000000000043       0x44 ./Core/Src/i2c.o
 .comment       0x0000000000000043       0x44 ./Core/Src/main.o
 .comment       0x0000000000000043       0x44 ./Core/Src/power_management.o
 .comment       0x0000000000000043       0x44 ./Core/Src/stm32h7xx_hal_msp.o
 .comment       0x0000000000000043       0x44 ./Core/Src/stm32h7xx_it.o
 .comment       0x0000000000000043       0x44 ./Core/Src/system_stm32h7xx.o
 .comment       0x0000000000000043       0x44 ./Core/Src/tim.o
 .comment       0x0000000000000043       0x44 ./Core/Src/timing.o
 .comment       0x0000000000000043       0x44 ./Core/Src/usart.o
 .comment       0x0000000000000043       0x44 ./Drivers/STM32H7xx_HAL_Driver/Src/stm32h7xx_hal.o
 .comment       0x0000000000000043       0x44 ./Drivers/STM32H7xx_HAL_Driver/Src/stm32h7xx_hal_adc.o
 .comment       0x0000000000000043       0x44 ./Drivers/STM32H7xx_HAL_Driver/Src/stm32h7xx_hal_adc_ex.o
 .comment       0x0000000000000043       0x44 ./Drivers/STM32H7xx_HAL_Driver/Src/stm32h7xx_hal_cortex.o
 .comment       0x0000000000000043       0x44 ./Drivers/STM32H7xx_HAL_Driver/Src/stm32h7xx_hal_dma.o
 .comment       0x0000000000000043       0x44 ./Drivers/STM32H7xx_HAL_Driver/Src/stm32h7xx_hal_eth.o
 .comment       0x0000000000000043       0x44 ./Drivers/STM32H7xx_HAL_Driver/Src/stm32h7xx_hal_fdcan.o
 .comment       0x0000000000000043       0x44 ./Drivers/STM32H7xx_HAL_Driver/Src/stm32h7xx_hal_gpio.o
 .comment       0x0000000000000043       0x44 ./Drivers/STM32H7xx_HAL_Driver/Src/stm32h7xx_hal_i2c.o
 .comment       0x0000000000000043       0x44 ./Drivers/STM32H7xx_HAL_Driver/Src/stm32h7xx_hal_i2c_ex.o
 .comment       0x0000000000000043       0x44 ./Drivers/STM32H7xx_HAL_Driver/Src/stm32h7xx_hal_pwr_ex.o
 .comment       0x0000000000000043       0x44 ./Drivers/STM32H7xx_HAL_Driver/Src/stm32h7xx_hal_rcc.o
 .comment       0x0000000000000043       0x44 ./Drivers/STM32H7xx_HAL_Driver/Src/stm32h7xx_hal_rcc_ex.o
 .comment       0x0000000000000043       0x44 ./Drivers/STM32H7xx_HAL_Driver/Src/stm32h7xx_hal_tim.o
 .comment       0x0000000000000043       0x44 ./Drivers/STM32H7xx_HAL_Driver/Src/stm32h7xx_hal_tim_ex.o
 .comment       0x0000000000000043       0x44 ./Drivers/STM32H7xx_HAL_Driver/Src/stm32h7xx_hal_uart.o
 .comment       0x0000000000000043       0x44 ./Drivers/STM32H7xx_HAL_Driver/Src/stm32h7xx_hal_uart_ex.o

.debug_info     0x0000000000000000    0x2e09d
 .debug_info    0x0000000000000000     0x1159 ./Core/Src/adc.o
 .debug_info    0x0000000000001159      0x823 ./Core/Src/bdma.o
 .debug_info    0x000000000000197c     0x142f ./Core/Src/cocking_handle_maingun.o
 .debug_info    0x0000000000002dab      0x823 ./Core/Src/dma.o
 .debug_info    0x00000000000035ce      0xae7 ./Core/Src/error.o
 .debug_info    0x00000000000040b5     0x172f ./Core/Src/eth.o
 .debug_info    0x00000000000057e4     0x1151 ./Core/Src/fdcan.o
 .debug_info    0x0000000000006935      0x69f ./Core/Src/gpio.o
 .debug_info    0x0000000000006fd4      0xd2f ./Core/Src/gun_control.o
 .debug_info    0x0000000000007d03      0xff2 ./Core/Src/i2c.o
 .debug_info    0x0000000000008cf5     0x2c62 ./Core/Src/main.o
 .debug_info    0x000000000000b957      0xae7 ./Core/Src/power_management.o
 .debug_info    0x000000000000c43e      0x464 ./Core/Src/stm32h7xx_hal_msp.o
 .debug_info    0x000000000000c8a2      0x8b2 ./Core/Src/stm32h7xx_it.o
 .debug_info    0x000000000000d154      0xcef ./Core/Src/system_stm32h7xx.o
 .debug_info    0x000000000000de43     0x147f ./Core/Src/tim.o
 .debug_info    0x000000000000f2c2      0xa41 ./Core/Src/timing.o
 .debug_info    0x000000000000fd03     0x1172 ./Core/Src/usart.o
 .debug_info    0x0000000000010e75       0x23 ./Core/Startup/startup_stm32h743zitx.o
 .debug_info    0x0000000000010e98     0x153b ./Drivers/STM32H7xx_HAL_Driver/Src/stm32h7xx_hal.o
 .debug_info    0x00000000000123d3     0x1ed2 ./Drivers/STM32H7xx_HAL_Driver/Src/stm32h7xx_hal_adc.o
 .debug_info    0x00000000000142a5     0x1fed ./Drivers/STM32H7xx_HAL_Driver/Src/stm32h7xx_hal_adc_ex.o
 .debug_info    0x0000000000016292     0x10ac ./Drivers/STM32H7xx_HAL_Driver/Src/stm32h7xx_hal_cortex.o
 .debug_info    0x000000000001733e      0xc27 ./Drivers/STM32H7xx_HAL_Driver/Src/stm32h7xx_hal_dma.o
 .debug_info    0x0000000000017f65     0x2a30 ./Drivers/STM32H7xx_HAL_Driver/Src/stm32h7xx_hal_eth.o
 .debug_info    0x000000000001a995     0x2bb4 ./Drivers/STM32H7xx_HAL_Driver/Src/stm32h7xx_hal_fdcan.o
 .debug_info    0x000000000001d549      0xc4b ./Drivers/STM32H7xx_HAL_Driver/Src/stm32h7xx_hal_gpio.o
 .debug_info    0x000000000001e194     0x22a1 ./Drivers/STM32H7xx_HAL_Driver/Src/stm32h7xx_hal_i2c.o
 .debug_info    0x0000000000020435      0xd84 ./Drivers/STM32H7xx_HAL_Driver/Src/stm32h7xx_hal_i2c_ex.o
 .debug_info    0x00000000000211b9     0x1008 ./Drivers/STM32H7xx_HAL_Driver/Src/stm32h7xx_hal_pwr_ex.o
 .debug_info    0x00000000000221c1      0xe5b ./Drivers/STM32H7xx_HAL_Driver/Src/stm32h7xx_hal_rcc.o
 .debug_info    0x000000000002301c     0x1216 ./Drivers/STM32H7xx_HAL_Driver/Src/stm32h7xx_hal_rcc_ex.o
 .debug_info    0x0000000000024232     0x2bae ./Drivers/STM32H7xx_HAL_Driver/Src/stm32h7xx_hal_tim.o
 .debug_info    0x0000000000026de0     0x17eb ./Drivers/STM32H7xx_HAL_Driver/Src/stm32h7xx_hal_tim_ex.o
 .debug_info    0x00000000000285cb     0x4b13 ./Drivers/STM32H7xx_HAL_Driver/Src/stm32h7xx_hal_uart.o
 .debug_info    0x000000000002d0de      0xfbf ./Drivers/STM32H7xx_HAL_Driver/Src/stm32h7xx_hal_uart_ex.o

.debug_abbrev   0x0000000000000000     0x4ead
 .debug_abbrev  0x0000000000000000      0x274 ./Core/Src/adc.o
 .debug_abbrev  0x0000000000000274      0x11e ./Core/Src/bdma.o
 .debug_abbrev  0x0000000000000392      0x277 ./Core/Src/cocking_handle_maingun.o
 .debug_abbrev  0x0000000000000609      0x11e ./Core/Src/dma.o
 .debug_abbrev  0x0000000000000727      0x155 ./Core/Src/error.o
 .debug_abbrev  0x000000000000087c      0x24a ./Core/Src/eth.o
 .debug_abbrev  0x0000000000000ac6      0x201 ./Core/Src/fdcan.o
 .debug_abbrev  0x0000000000000cc7      0x182 ./Core/Src/gpio.o
 .debug_abbrev  0x0000000000000e49      0x218 ./Core/Src/gun_control.o
 .debug_abbrev  0x0000000000001061      0x245 ./Core/Src/i2c.o
 .debug_abbrev  0x00000000000012a6      0x321 ./Core/Src/main.o
 .debug_abbrev  0x00000000000015c7      0x155 ./Core/Src/power_management.o
 .debug_abbrev  0x000000000000171c       0xdb ./Core/Src/stm32h7xx_hal_msp.o
 .debug_abbrev  0x00000000000017f7      0x1ad ./Core/Src/stm32h7xx_it.o
 .debug_abbrev  0x00000000000019a4      0x14c ./Core/Src/system_stm32h7xx.o
 .debug_abbrev  0x0000000000001af0      0x289 ./Core/Src/tim.o
 .debug_abbrev  0x0000000000001d79      0x1b1 ./Core/Src/timing.o
 .debug_abbrev  0x0000000000001f2a      0x270 ./Core/Src/usart.o
 .debug_abbrev  0x000000000000219a       0x12 ./Core/Startup/startup_stm32h743zitx.o
 .debug_abbrev  0x00000000000021ac      0x295 ./Drivers/STM32H7xx_HAL_Driver/Src/stm32h7xx_hal.o
 .debug_abbrev  0x0000000000002441      0x2d3 ./Drivers/STM32H7xx_HAL_Driver/Src/stm32h7xx_hal_adc.o
 .debug_abbrev  0x0000000000002714      0x31b ./Drivers/STM32H7xx_HAL_Driver/Src/stm32h7xx_hal_adc_ex.o
 .debug_abbrev  0x0000000000002a2f      0x339 ./Drivers/STM32H7xx_HAL_Driver/Src/stm32h7xx_hal_cortex.o
 .debug_abbrev  0x0000000000002d68      0x248 ./Drivers/STM32H7xx_HAL_Driver/Src/stm32h7xx_hal_dma.o
 .debug_abbrev  0x0000000000002fb0      0x347 ./Drivers/STM32H7xx_HAL_Driver/Src/stm32h7xx_hal_eth.o
 .debug_abbrev  0x00000000000032f7      0x288 ./Drivers/STM32H7xx_HAL_Driver/Src/stm32h7xx_hal_fdcan.o
 .debug_abbrev  0x000000000000357f      0x1fe ./Drivers/STM32H7xx_HAL_Driver/Src/stm32h7xx_hal_gpio.o
 .debug_abbrev  0x000000000000377d      0x25d ./Drivers/STM32H7xx_HAL_Driver/Src/stm32h7xx_hal_i2c.o
 .debug_abbrev  0x00000000000039da      0x1f5 ./Drivers/STM32H7xx_HAL_Driver/Src/stm32h7xx_hal_i2c_ex.o
 .debug_abbrev  0x0000000000003bcf      0x2a7 ./Drivers/STM32H7xx_HAL_Driver/Src/stm32h7xx_hal_pwr_ex.o
 .debug_abbrev  0x0000000000003e76      0x2c8 ./Drivers/STM32H7xx_HAL_Driver/Src/stm32h7xx_hal_rcc.o
 .debug_abbrev  0x000000000000413e      0x269 ./Drivers/STM32H7xx_HAL_Driver/Src/stm32h7xx_hal_rcc_ex.o
 .debug_abbrev  0x00000000000043a7      0x276 ./Drivers/STM32H7xx_HAL_Driver/Src/stm32h7xx_hal_tim.o
 .debug_abbrev  0x000000000000461d      0x281 ./Drivers/STM32H7xx_HAL_Driver/Src/stm32h7xx_hal_tim_ex.o
 .debug_abbrev  0x000000000000489e      0x33d ./Drivers/STM32H7xx_HAL_Driver/Src/stm32h7xx_hal_uart.o
 .debug_abbrev  0x0000000000004bdb      0x2d2 ./Drivers/STM32H7xx_HAL_Driver/Src/stm32h7xx_hal_uart_ex.o

.debug_aranges  0x0000000000000000     0x1f08
 .debug_aranges
                0x0000000000000000       0x40 ./Core/Src/adc.o
 .debug_aranges
                0x0000000000000040       0x20 ./Core/Src/bdma.o
 .debug_aranges
                0x0000000000000060       0x58 ./Core/Src/cocking_handle_maingun.o
 .debug_aranges
                0x00000000000000b8       0x20 ./Core/Src/dma.o
 .debug_aranges
                0x00000000000000d8       0x28 ./Core/Src/error.o
 .debug_aranges
                0x0000000000000100       0x30 ./Core/Src/eth.o
 .debug_aranges
                0x0000000000000130       0x30 ./Core/Src/fdcan.o
 .debug_aranges
                0x0000000000000160       0x20 ./Core/Src/gpio.o
 .debug_aranges
                0x0000000000000180       0x40 ./Core/Src/gun_control.o
 .debug_aranges
                0x00000000000001c0       0x30 ./Core/Src/i2c.o
 .debug_aranges
                0x00000000000001f0       0x40 ./Core/Src/main.o
 .debug_aranges
                0x0000000000000230       0x28 ./Core/Src/power_management.o
 .debug_aranges
                0x0000000000000258       0x20 ./Core/Src/stm32h7xx_hal_msp.o
 .debug_aranges
                0x0000000000000278       0x90 ./Core/Src/stm32h7xx_it.o
 .debug_aranges
                0x0000000000000308       0x28 ./Core/Src/system_stm32h7xx.o
 .debug_aranges
                0x0000000000000330       0x58 ./Core/Src/tim.o
 .debug_aranges
                0x0000000000000388       0x30 ./Core/Src/timing.o
 .debug_aranges
                0x00000000000003b8       0x40 ./Core/Src/usart.o
 .debug_aranges
                0x00000000000003f8       0x28 ./Core/Startup/startup_stm32h743zitx.o
 .debug_aranges
                0x0000000000000420      0x198 ./Drivers/STM32H7xx_HAL_Driver/Src/stm32h7xx_hal.o
 .debug_aranges
                0x00000000000005b8      0x228 ./Drivers/STM32H7xx_HAL_Driver/Src/stm32h7xx_hal_adc.o
 .debug_aranges
                0x00000000000007e0      0x1d8 ./Drivers/STM32H7xx_HAL_Driver/Src/stm32h7xx_hal_adc_ex.o
 .debug_aranges
                0x00000000000009b8      0x130 ./Drivers/STM32H7xx_HAL_Driver/Src/stm32h7xx_hal_cortex.o
 .debug_aranges
                0x0000000000000ae8       0xa0 ./Drivers/STM32H7xx_HAL_Driver/Src/stm32h7xx_hal_dma.o
 .debug_aranges
                0x0000000000000b88      0x1d8 ./Drivers/STM32H7xx_HAL_Driver/Src/stm32h7xx_hal_eth.o
 .debug_aranges
                0x0000000000000d60      0x338 ./Drivers/STM32H7xx_HAL_Driver/Src/stm32h7xx_hal_fdcan.o
 .debug_aranges
                0x0000000000001098       0x58 ./Drivers/STM32H7xx_HAL_Driver/Src/stm32h7xx_hal_gpio.o
 .debug_aranges
                0x00000000000010f0      0x2a0 ./Drivers/STM32H7xx_HAL_Driver/Src/stm32h7xx_hal_i2c.o
 .debug_aranges
                0x0000000000001390       0x48 ./Drivers/STM32H7xx_HAL_Driver/Src/stm32h7xx_hal_i2c_ex.o
 .debug_aranges
                0x00000000000013d8      0x158 ./Drivers/STM32H7xx_HAL_Driver/Src/stm32h7xx_hal_pwr_ex.o
 .debug_aranges
                0x0000000000001530       0x88 ./Drivers/STM32H7xx_HAL_Driver/Src/stm32h7xx_hal_rcc.o
 .debug_aranges
                0x00000000000015b8       0xf8 ./Drivers/STM32H7xx_HAL_Driver/Src/stm32h7xx_hal_rcc_ex.o
 .debug_aranges
                0x00000000000016b0      0x3e0 ./Drivers/STM32H7xx_HAL_Driver/Src/stm32h7xx_hal_tim.o
 .debug_aranges
                0x0000000000001a90      0x188 ./Drivers/STM32H7xx_HAL_Driver/Src/stm32h7xx_hal_tim_ex.o
 .debug_aranges
                0x0000000000001c18      0x248 ./Drivers/STM32H7xx_HAL_Driver/Src/stm32h7xx_hal_uart.o
 .debug_aranges
                0x0000000000001e60       0xa8 ./Drivers/STM32H7xx_HAL_Driver/Src/stm32h7xx_hal_uart_ex.o

.debug_rnglists
                0x0000000000000000     0x184e
 .debug_rnglists
                0x0000000000000000       0x30 ./Core/Src/adc.o
 .debug_rnglists
                0x0000000000000030       0x13 ./Core/Src/bdma.o
 .debug_rnglists
                0x0000000000000043       0x3f ./Core/Src/cocking_handle_maingun.o
 .debug_rnglists
                0x0000000000000082       0x13 ./Core/Src/dma.o
 .debug_rnglists
                0x0000000000000095       0x1b ./Core/Src/error.o
 .debug_rnglists
                0x00000000000000b0       0x21 ./Core/Src/eth.o
 .debug_rnglists
                0x00000000000000d1       0x21 ./Core/Src/fdcan.o
 .debug_rnglists
                0x00000000000000f2       0x14 ./Core/Src/gpio.o
 .debug_rnglists
                0x0000000000000106       0x49 ./Core/Src/gun_control.o
 .debug_rnglists
                0x000000000000014f       0x21 ./Core/Src/i2c.o
 .debug_rnglists
                0x0000000000000170       0x2d ./Core/Src/main.o
 .debug_rnglists
                0x000000000000019d       0x1a ./Core/Src/power_management.o
 .debug_rnglists
                0x00000000000001b7       0x13 ./Core/Src/stm32h7xx_hal_msp.o
 .debug_rnglists
                0x00000000000001ca       0x67 ./Core/Src/stm32h7xx_it.o
 .debug_rnglists
                0x0000000000000231       0x1b ./Core/Src/system_stm32h7xx.o
 .debug_rnglists
                0x000000000000024c       0x43 ./Core/Src/tim.o
 .debug_rnglists
                0x000000000000028f       0x21 ./Core/Src/timing.o
 .debug_rnglists
                0x00000000000002b0       0x30 ./Core/Src/usart.o
 .debug_rnglists
                0x00000000000002e0       0x19 ./Core/Startup/startup_stm32h743zitx.o
 .debug_rnglists
                0x00000000000002f9      0x131 ./Drivers/STM32H7xx_HAL_Driver/Src/stm32h7xx_hal.o
 .debug_rnglists
                0x000000000000042a      0x1a9 ./Drivers/STM32H7xx_HAL_Driver/Src/stm32h7xx_hal_adc.o
 .debug_rnglists
                0x00000000000005d3      0x16f ./Drivers/STM32H7xx_HAL_Driver/Src/stm32h7xx_hal_adc_ex.o
 .debug_rnglists
                0x0000000000000742       0xe0 ./Drivers/STM32H7xx_HAL_Driver/Src/stm32h7xx_hal_cortex.o
 .debug_rnglists
                0x0000000000000822       0x82 ./Drivers/STM32H7xx_HAL_Driver/Src/stm32h7xx_hal_dma.o
 .debug_rnglists
                0x00000000000008a4      0x176 ./Drivers/STM32H7xx_HAL_Driver/Src/stm32h7xx_hal_eth.o
 .debug_rnglists
                0x0000000000000a1a      0x28b ./Drivers/STM32H7xx_HAL_Driver/Src/stm32h7xx_hal_fdcan.o
 .debug_rnglists
                0x0000000000000ca5       0x3f ./Drivers/STM32H7xx_HAL_Driver/Src/stm32h7xx_hal_gpio.o
 .debug_rnglists
                0x0000000000000ce4      0x22a ./Drivers/STM32H7xx_HAL_Driver/Src/stm32h7xx_hal_i2c.o
 .debug_rnglists
                0x0000000000000f0e       0x35 ./Drivers/STM32H7xx_HAL_Driver/Src/stm32h7xx_hal_i2c_ex.o
 .debug_rnglists
                0x0000000000000f43      0x103 ./Drivers/STM32H7xx_HAL_Driver/Src/stm32h7xx_hal_pwr_ex.o
 .debug_rnglists
                0x0000000000001046       0x68 ./Drivers/STM32H7xx_HAL_Driver/Src/stm32h7xx_hal_rcc.o
 .debug_rnglists
                0x00000000000010ae       0xc0 ./Drivers/STM32H7xx_HAL_Driver/Src/stm32h7xx_hal_rcc_ex.o
 .debug_rnglists
                0x000000000000116e      0x328 ./Drivers/STM32H7xx_HAL_Driver/Src/stm32h7xx_hal_tim.o
 .debug_rnglists
                0x0000000000001496      0x13f ./Drivers/STM32H7xx_HAL_Driver/Src/stm32h7xx_hal_tim_ex.o
 .debug_rnglists
                0x00000000000015d5      0x1fa ./Drivers/STM32H7xx_HAL_Driver/Src/stm32h7xx_hal_uart.o
 .debug_rnglists
                0x00000000000017cf       0x7f ./Drivers/STM32H7xx_HAL_Driver/Src/stm32h7xx_hal_uart_ex.o

.debug_macro    0x0000000000000000    0x3ea7f
 .debug_macro   0x0000000000000000      0x33a ./Core/Src/adc.o
 .debug_macro   0x000000000000033a      0xac0 ./Core/Src/adc.o
 .debug_macro   0x0000000000000dfa      0x24a ./Core/Src/adc.o
 .debug_macro   0x0000000000001044       0x2e ./Core/Src/adc.o
 .debug_macro   0x0000000000001072       0x3b ./Core/Src/adc.o
 .debug_macro   0x00000000000010ad       0x22 ./Core/Src/adc.o
 .debug_macro   0x00000000000010cf       0x8e ./Core/Src/adc.o
 .debug_macro   0x000000000000115d       0x51 ./Core/Src/adc.o
 .debug_macro   0x00000000000011ae      0x103 ./Core/Src/adc.o
 .debug_macro   0x00000000000012b1       0x6a ./Core/Src/adc.o
 .debug_macro   0x000000000000131b      0x1df ./Core/Src/adc.o
 .debug_macro   0x00000000000014fa       0x1c ./Core/Src/adc.o
 .debug_macro   0x0000000000001516       0x22 ./Core/Src/adc.o
 .debug_macro   0x0000000000001538       0xfb ./Core/Src/adc.o
 .debug_macro   0x0000000000001633     0x1305 ./Core/Src/adc.o
 .debug_macro   0x0000000000002938      0x11f ./Core/Src/adc.o
 .debug_macro   0x0000000000002a57       0x27 ./Core/Src/adc.o
 .debug_macro   0x0000000000002a7e    0x258f9 ./Core/Src/adc.o
 .debug_macro   0x0000000000028377       0x6d ./Core/Src/adc.o
 .debug_macro   0x00000000000283e4     0x3d79 ./Core/Src/adc.o
 .debug_macro   0x000000000002c15d      0x174 ./Core/Src/adc.o
 .debug_macro   0x000000000002c2d1       0x61 ./Core/Src/adc.o
 .debug_macro   0x000000000002c332       0x29 ./Core/Src/adc.o
 .debug_macro   0x000000000002c35b       0x43 ./Core/Src/adc.o
 .debug_macro   0x000000000002c39e       0x34 ./Core/Src/adc.o
 .debug_macro   0x000000000002c3d2       0x16 ./Core/Src/adc.o
 .debug_macro   0x000000000002c3e8       0x43 ./Core/Src/adc.o
 .debug_macro   0x000000000002c42b       0x34 ./Core/Src/adc.o
 .debug_macro   0x000000000002c45f       0x10 ./Core/Src/adc.o
 .debug_macro   0x000000000002c46f       0x58 ./Core/Src/adc.o
 .debug_macro   0x000000000002c4c7       0x8e ./Core/Src/adc.o
 .debug_macro   0x000000000002c555       0x1c ./Core/Src/adc.o
 .debug_macro   0x000000000002c571      0x177 ./Core/Src/adc.o
 .debug_macro   0x000000000002c6e8      0x369 ./Core/Src/adc.o