../Core/Src/cocking_handle_maingun.c:19:6:functionCockingMotorDrive	16	static
../Core/Src/cocking_handle_maingun.c:37:6:functionCockingMotorBrake	16	static
../Core/Src/cocking_handle_maingun.c:52:6:functionCockingMotorStop	8	static
../Core/Src/cocking_handle_maingun.c:60:6:functionCockingHandleGoHome	8	static
../Core/Src/cocking_handle_maingun.c:80:6:functionCockingHandleGoSafe	8	static
../Core/Src/cocking_handle_maingun.c:115:6:functionCockingHandleGoArm	8	static
../Core/Src/cocking_handle_maingun.c:165:6:functionCountEncoderPulse	16	static
../Core/Src/cocking_handle_maingun.c:173:6:functionEncoderRead	24	static
