../Core/Src/cocking_handle_maingun.c:19:6:maingunCockingMotorDrive	16	static
../Core/Src/cocking_handle_maingun.c:37:6:maingunCockingMotorBrake	16	static
../Core/Src/cocking_handle_maingun.c:50:6:maingunCockingMotorStop	8	static
../Core/Src/cocking_handle_maingun.c:58:6:maingunCockingHandleGoHome	8	static
../Core/Src/cocking_handle_maingun.c:75:6:maingunCockingHandleGoSafe	8	static
../Core/Src/cocking_handle_maingun.c:106:6:maingunCockingHandleGoArm	8	static
../Core/Src/cocking_handle_maingun.c:152:6:maingunCountEncoderPulse	16	static
../Core/Src/cocking_handle_maingun.c:160:6:maingunEncoderRead	24	static
